Archive member included to satisfy reference by file (symbol)

c:/users/lucan/documents/projects/sdk/gcc-arm-none-eabi-10-2020-q4-major/bin/../lib/gcc/arm-none-eabi/10.2.1/../../../../arm-none-eabi/lib/thumb/v7e-m+fp/hard\libc_nano.a(lib_a-ctype_.o)
                              _build/nrf52832_xxaa/nrf_log_str_formatter.c.o (_ctype_)
c:/users/lucan/documents/projects/sdk/gcc-arm-none-eabi-10-2020-q4-major/bin/../lib/gcc/arm-none-eabi/10.2.1/../../../../arm-none-eabi/lib/thumb/v7e-m+fp/hard\libc_nano.a(lib_a-exit.o)
                              c:/users/lucan/documents/projects/sdk/gcc-arm-none-eabi-10-2020-q4-major/bin/../lib/gcc/arm-none-eabi/10.2.1/../../../../arm-none-eabi/lib/thumb/v7e-m+fp/hard/crt0.o (exit)
c:/users/lucan/documents/projects/sdk/gcc-arm-none-eabi-10-2020-q4-major/bin/../lib/gcc/arm-none-eabi/10.2.1/../../../../arm-none-eabi/lib/thumb/v7e-m+fp/hard\libc_nano.a(lib_a-impure.o)
                              c:/users/lucan/documents/projects/sdk/gcc-arm-none-eabi-10-2020-q4-major/bin/../lib/gcc/arm-none-eabi/10.2.1/../../../../arm-none-eabi/lib/thumb/v7e-m+fp/hard\libc_nano.a(lib_a-exit.o) (_global_impure_ptr)
c:/users/lucan/documents/projects/sdk/gcc-arm-none-eabi-10-2020-q4-major/bin/../lib/gcc/arm-none-eabi/10.2.1/../../../../arm-none-eabi/lib/thumb/v7e-m+fp/hard\libc_nano.a(lib_a-init.o)
                              c:/users/lucan/documents/projects/sdk/gcc-arm-none-eabi-10-2020-q4-major/bin/../lib/gcc/arm-none-eabi/10.2.1/../../../../arm-none-eabi/lib/thumb/v7e-m+fp/hard/crt0.o (__libc_init_array)
c:/users/lucan/documents/projects/sdk/gcc-arm-none-eabi-10-2020-q4-major/bin/../lib/gcc/arm-none-eabi/10.2.1/../../../../arm-none-eabi/lib/thumb/v7e-m+fp/hard\libc_nano.a(lib_a-memcmp.o)
                              _build/nrf52832_xxaa/ble_advdata.c.o (memcmp)
c:/users/lucan/documents/projects/sdk/gcc-arm-none-eabi-10-2020-q4-major/bin/../lib/gcc/arm-none-eabi/10.2.1/../../../../arm-none-eabi/lib/thumb/v7e-m+fp/hard\libc_nano.a(lib_a-memcpy-stub.o)
                              _build/nrf52832_xxaa/nrf_log_frontend.c.o (memcpy)
c:/users/lucan/documents/projects/sdk/gcc-arm-none-eabi-10-2020-q4-major/bin/../lib/gcc/arm-none-eabi/10.2.1/../../../../arm-none-eabi/lib/thumb/v7e-m+fp/hard\libc_nano.a(lib_a-memset.o)
                              c:/users/lucan/documents/projects/sdk/gcc-arm-none-eabi-10-2020-q4-major/bin/../lib/gcc/arm-none-eabi/10.2.1/../../../../arm-none-eabi/lib/thumb/v7e-m+fp/hard/crt0.o (memset)
c:/users/lucan/documents/projects/sdk/gcc-arm-none-eabi-10-2020-q4-major/bin/../lib/gcc/arm-none-eabi/10.2.1/../../../../arm-none-eabi/lib/thumb/v7e-m+fp/hard\libc_nano.a(lib_a-strcpy.o)
                              _build/nrf52832_xxaa/SEGGER_RTT.c.o (strcpy)
c:/users/lucan/documents/projects/sdk/gcc-arm-none-eabi-10-2020-q4-major/bin/../lib/gcc/arm-none-eabi/10.2.1/../../../../arm-none-eabi/lib/thumb/v7e-m+fp/hard\libc_nano.a(lib_a-strlen.o)
                              _build/nrf52832_xxaa/nrf_log_frontend.c.o (strlen)
c:/users/lucan/documents/projects/sdk/gcc-arm-none-eabi-10-2020-q4-major/bin/../lib/gcc/arm-none-eabi/10.2.1/../../../../arm-none-eabi/lib/thumb/v7e-m+fp/hard\libnosys.a(_exit.o)
                              c:/users/lucan/documents/projects/sdk/gcc-arm-none-eabi-10-2020-q4-major/bin/../lib/gcc/arm-none-eabi/10.2.1/../../../../arm-none-eabi/lib/thumb/v7e-m+fp/hard\libc_nano.a(lib_a-exit.o) (_exit)
c:/users/lucan/documents/projects/sdk/gcc-arm-none-eabi-10-2020-q4-major/bin/../lib/gcc/arm-none-eabi/10.2.1/thumb/v7e-m+fp/hard\libgcc.a(_aeabi_ldivmod.o)
                              _build/nrf52832_xxaa/bsp.c.o (__aeabi_ldivmod)
c:/users/lucan/documents/projects/sdk/gcc-arm-none-eabi-10-2020-q4-major/bin/../lib/gcc/arm-none-eabi/10.2.1/thumb/v7e-m+fp/hard\libgcc.a(_aeabi_uldivmod.o)
                              _build/nrf52832_xxaa/bsp.c.o (__aeabi_uldivmod)
c:/users/lucan/documents/projects/sdk/gcc-arm-none-eabi-10-2020-q4-major/bin/../lib/gcc/arm-none-eabi/10.2.1/thumb/v7e-m+fp/hard\libgcc.a(_udivmoddi4.o)
                              c:/users/lucan/documents/projects/sdk/gcc-arm-none-eabi-10-2020-q4-major/bin/../lib/gcc/arm-none-eabi/10.2.1/thumb/v7e-m+fp/hard\libgcc.a(_aeabi_ldivmod.o) (__udivmoddi4)
c:/users/lucan/documents/projects/sdk/gcc-arm-none-eabi-10-2020-q4-major/bin/../lib/gcc/arm-none-eabi/10.2.1/thumb/v7e-m+fp/hard\libgcc.a(_dvmd_tls.o)
                              c:/users/lucan/documents/projects/sdk/gcc-arm-none-eabi-10-2020-q4-major/bin/../lib/gcc/arm-none-eabi/10.2.1/thumb/v7e-m+fp/hard\libgcc.a(_aeabi_ldivmod.o) (__aeabi_ldiv0)

Discarded input sections

 .text          0x00000000        0x0 c:/users/lucan/documents/projects/sdk/gcc-arm-none-eabi-10-2020-q4-major/bin/../lib/gcc/arm-none-eabi/10.2.1/thumb/v7e-m+fp/hard/crti.o
 .data          0x00000000        0x0 c:/users/lucan/documents/projects/sdk/gcc-arm-none-eabi-10-2020-q4-major/bin/../lib/gcc/arm-none-eabi/10.2.1/thumb/v7e-m+fp/hard/crti.o
[...]
Memory Configuration

Name             Origin             Length             Attributes
FLASH            0x00026000         0x0005a000         xr
RAM              0x200018c8         0x0000e738         xrw
*default*        0x00000000         0xffffffff

Linker script and memory map


.text           0x00026000     0x61d8
 *(.isr_vector)
 .isr_vector    0x00026000      0x200 _build/nrf52832_xxaa/gcc_startup_nrf52.S.o
                0x00026000                __isr_vector
 *(.text*)
 .text          0x00026200       0x40 c:/users/lucan/documents/projects/sdk/gcc-arm-none-eabi-10-2020-q4-major/bin/../lib/gcc/arm-none-eabi/10.2.1/thumb/v7e-m+fp/hard/crtbegin.o
 .text          0x00026240       0x7c c:/users/lucan/documents/projects/sdk/gcc-arm-none-eabi-10-2020-q4-major/bin/../lib/gcc/arm-none-eabi/10.2.1/../../../../arm-none-eabi/lib/thumb/v7e-m+fp/hard/crt0.o
                0x00026240                _stack_init
                0x00026248                _start
                0x00026248                _mainCRTStartup
 .text          0x000262bc       0x3c _build/nrf52832_xxaa/gcc_startup_nrf52.S.o
                0x000262bc                Reset_Handler
                0x000262e4                NMI_Handler
                0x000262e6                HardFault_Handler
                0x000262e8                MemoryManagement_Handler
                0x000262ea                BusFault_Handler
                0x000262ec                UsageFault_Handler
                0x000262ee                SVC_Handler
                0x000262f0                DebugMon_Handler
                0x000262f2                PendSV_Handler
                0x000262f4                SysTick_Handler
                0x000262f6                PDM_IRQHandler
                0x000262f6                TEMP_IRQHandler
                0x000262f6                QDEC_IRQHandler
                0x000262f6                TIMER3_IRQHandler
                0x000262f6                RTC0_IRQHandler
                0x000262f6                SPIM0_SPIS0_TWIM0_TWIS0_SPI0_TWI0_IRQHandler
                0x000262f6                PWM1_IRQHandler
                0x000262f6                RADIO_IRQHandler
                0x000262f6                I2S_IRQHandler
                0x000262f6                SWI4_EGU4_IRQHandler
                0x000262f6                TIMER0_IRQHandler
                0x000262f6                FPU_IRQHandler
                0x000262f6                TIMER1_IRQHandler
                0x000262f6                PWM2_IRQHandler
                0x000262f6                ECB_IRQHandler
                0x000262f6                SPIM1_SPIS1_TWIM1_TWIS1_SPI1_TWI1_IRQHandler
                0x000262f6                Default_Handler
                0x000262f6                SAADC_IRQHandler
                0x000262f6                CCM_AAR_IRQHandler
                0x000262f6                WDT_IRQHandler
                0x000262f6                TIMER4_IRQHandler
                0x000262f6                SWI5_EGU5_IRQHandler
                0x000262f6                RNG_IRQHandler
                0x000262f6                RTC2_IRQHandler
                0x000262f6                PWM0_IRQHandler
                0x000262f6                SWI3_EGU3_IRQHandler
                0x000262f6                SWI1_EGU1_IRQHandler
                0x000262f6                SPIM2_SPIS2_SPI2_IRQHandler
                0x000262f6                NFCT_IRQHandler
                0x000262f6                SWI0_EGU0_IRQHandler
                0x000262f6                MWU_IRQHandler
                0x000262f6                TIMER2_IRQHandler
                0x000262f6                COMP_LPCOMP_IRQHandler
 .text.nrf_log_backend_serial_put
                0x000262f8       0xd8 _build/nrf52832_xxaa/nrf_log_backend_serial.c.o
                0x000262f8                nrf_log_backend_serial_put
 .text.uart_evt_handler
                0x000263d0        0xc _build/nrf52832_xxaa/nrf_log_backend_uart.c.o
 .text.nrf_log_backend_uart_flush
                0x000263dc        0x4 _build/nrf52832_xxaa/nrf_log_backend_uart.c.o
 .text.nrf_log_backend_uart_put
                0x000263e0       0x20 _build/nrf52832_xxaa/nrf_log_backend_uart.c.o
 .text.serial_tx
                0x00026400       0x50 _build/nrf52832_xxaa/nrf_log_backend_uart.c.o
 .text.nrf_log_backend_uart_panic_set
                0x00026450       0x68 _build/nrf52832_xxaa/nrf_log_backend_uart.c.o
 .text.nrf_log_backend_uart_init
                0x000264b8       0x50 _build/nrf52832_xxaa/nrf_log_backend_uart.c.o
                0x000264b8                nrf_log_backend_uart_init
 .text.nrf_log_default_backends_init
                0x00026508       0x20 _build/nrf52832_xxaa/nrf_log_default_backends.c.o
                0x00026508                nrf_log_default_backends_init
 .text.nrf_log_init
                0x00026528       0x28 _build/nrf52832_xxaa/nrf_log_frontend.c.o
                0x00026528                nrf_log_init
 .text.nrf_log_module_name_get
                0x00026550       0x48 _build/nrf52832_xxaa/nrf_log_frontend.c.o
                0x00026550                nrf_log_module_name_get
 .text.nrf_log_color_id_get
                0x00026598       0x2c _build/nrf52832_xxaa/nrf_log_frontend.c.o
                0x00026598                nrf_log_color_id_get
 .text.nrf_log_frontend_dequeue
                0x000265c4      0x260 _build/nrf52832_xxaa/nrf_log_frontend.c.o
                0x000265c4                nrf_log_frontend_dequeue
 .text.nrf_log_frontend_std_0
                0x00026824      0x1a8 _build/nrf52832_xxaa/nrf_log_frontend.c.o
                0x00026824                nrf_log_frontend_std_0
 .text.nrf_log_frontend_std_1
                0x000269cc      0x1b8 _build/nrf52832_xxaa/nrf_log_frontend.c.o
                0x000269cc                nrf_log_frontend_std_1
 .text.nrf_log_frontend_std_2
                0x00026b84      0x1c4 _build/nrf52832_xxaa/nrf_log_frontend.c.o
                0x00026b84                nrf_log_frontend_std_2
 .text.nrf_log_backend_add
                0x00026d48       0x5c _build/nrf52832_xxaa/nrf_log_frontend.c.o
                0x00026d48                nrf_log_backend_add
 .text.nrf_log_panic
                0x00026da4       0x28 _build/nrf52832_xxaa/nrf_log_frontend.c.o
                0x00026da4                nrf_log_panic
 .text.prefix_process
                0x00026dcc       0x84 _build/nrf52832_xxaa/nrf_log_str_formatter.c.o
 .text.nrf_log_std_entry_process
                0x00026e50       0xec _build/nrf52832_xxaa/nrf_log_str_formatter.c.o
                0x00026e50                nrf_log_std_entry_process
 .text.nrf_log_hexdump_entry_process
                0x00026f3c      0x104 _build/nrf52832_xxaa/nrf_log_str_formatter.c.o
                0x00026f3c                nrf_log_hexdump_entry_process
 .text.gpiote_event_handler
                0x00027040       0x74 _build/nrf52832_xxaa/app_button.c.o
 .text.detection_delay_timeout_handler
                0x000270b4      0x288 _build/nrf52832_xxaa/app_button.c.o
 .text.app_button_init
                0x0002733c       0xb8 _build/nrf52832_xxaa/app_button.c.o
                0x0002733c                app_button_init
 .text.app_button_enable
                0x000273f4       0x2c _build/nrf52832_xxaa/app_button.c.o
                0x000273f4                app_button_enable
 .text.app_error_handler_bare
                0x00027420       0x20 _build/nrf52832_xxaa/app_error.c.o
                0x00027420                app_error_handler_bare
 .text.app_error_fault_handler
                0x00027440       0x6c _build/nrf52832_xxaa/app_error_weak.c.o
                0x00027440                app_error_fault_handler
 .text.compare_func
                0x000274ac       0x1c _build/nrf52832_xxaa/app_timer2.c.o
 .text.rtc_irq  0x000274c8      0x30c _build/nrf52832_xxaa/app_timer2.c.o
 .text.app_timer_init
                0x000277d4       0x6c _build/nrf52832_xxaa/app_timer2.c.o
                0x000277d4                app_timer_init
 .text.app_timer_create
                0x00027840       0x1c _build/nrf52832_xxaa/app_timer2.c.o
                0x00027840                app_timer_create
 .text.app_timer_start
                0x0002785c       0x8c _build/nrf52832_xxaa/app_timer2.c.o
                0x0002785c                app_timer_start
 .text.app_timer_stop
                0x000278e8       0x44 _build/nrf52832_xxaa/app_timer2.c.o
                0x000278e8                app_timer_stop
 .text.app_util_critical_region_enter
                0x0002792c       0x4c _build/nrf52832_xxaa/app_util_platform.c.o
                0x0002792c                app_util_critical_region_enter
 .text.app_util_critical_region_exit
                0x00027978       0x30 _build/nrf52832_xxaa/app_util_platform.c.o
                0x00027978                app_util_critical_region_exit
 .text.drv_rtc_init
                0x000279a8       0xc8 _build/nrf52832_xxaa/drv_rtc.c.o
                0x000279a8                drv_rtc_init
 .text.drv_rtc_start
                0x00027a70        0x8 _build/nrf52832_xxaa/drv_rtc.c.o
                0x00027a70                drv_rtc_start
 .text.drv_rtc_stop
                0x00027a78        0x8 _build/nrf52832_xxaa/drv_rtc.c.o
                0x00027a78                drv_rtc_stop
 .text.drv_rtc_compare_set
                0x00027a80       0x54 _build/nrf52832_xxaa/drv_rtc.c.o
                0x00027a80                drv_rtc_compare_set
 .text.drv_rtc_windowed_compare_set
                0x00027ad4       0xf8 _build/nrf52832_xxaa/drv_rtc.c.o
                0x00027ad4                drv_rtc_windowed_compare_set
 .text.drv_rtc_overflow_enable
                0x00027bcc       0x14 _build/nrf52832_xxaa/drv_rtc.c.o
                0x00027bcc                drv_rtc_overflow_enable
 .text.drv_rtc_overflow_pending
                0x00027be0       0x20 _build/nrf52832_xxaa/drv_rtc.c.o
                0x00027be0                drv_rtc_overflow_pending
 .text.drv_rtc_compare_disable
                0x00027c00       0x18 _build/nrf52832_xxaa/drv_rtc.c.o
                0x00027c00                drv_rtc_compare_disable
 .text.drv_rtc_compare_pending
                0x00027c18       0x20 _build/nrf52832_xxaa/drv_rtc.c.o
                0x00027c18                drv_rtc_compare_pending
 .text.drv_rtc_counter_get
                0x00027c38        0x8 _build/nrf52832_xxaa/drv_rtc.c.o
                0x00027c38                drv_rtc_counter_get
 .text.drv_rtc_irq_trigger
                0x00027c40       0x24 _build/nrf52832_xxaa/drv_rtc.c.o
                0x00027c40                drv_rtc_irq_trigger
 .text.RTC1_IRQHandler
                0x00027c64       0x14 _build/nrf52832_xxaa/drv_rtc.c.o
                0x00027c64                RTC1_IRQHandler
 .text.nrf_atfifo_init
                0x00027c78       0x30 _build/nrf52832_xxaa/nrf_atfifo.c.o
                0x00027c78                nrf_atfifo_init
 .text.nrf_atfifo_item_alloc
                0x00027ca8       0x64 _build/nrf52832_xxaa/nrf_atfifo.c.o
                0x00027ca8                nrf_atfifo_item_alloc
 .text.nrf_atfifo_item_put
                0x00027d0c       0x20 _build/nrf52832_xxaa/nrf_atfifo.c.o
                0x00027d0c                nrf_atfifo_item_put
 .text.nrf_atfifo_item_get
                0x00027d2c       0x64 _build/nrf52832_xxaa/nrf_atfifo.c.o
                0x00027d2c                nrf_atfifo_item_get
 .text.nrf_atfifo_item_free
                0x00027d90       0x20 _build/nrf52832_xxaa/nrf_atfifo.c.o
                0x00027d90                nrf_atfifo_item_free
 .text.nrf_atomic_u32_fetch_store
                0x00027db0       0x14 _build/nrf52832_xxaa/nrf_atomic.c.o
                0x00027db0                nrf_atomic_u32_fetch_store
 .text.nrf_atomic_u32_add
                0x00027dc4       0x18 _build/nrf52832_xxaa/nrf_atomic.c.o
                0x00027dc4                nrf_atomic_u32_add
 .text.nrf_atomic_u32_sub
                0x00027ddc       0x18 _build/nrf52832_xxaa/nrf_atomic.c.o
                0x00027ddc                nrf_atomic_u32_sub
 .text.nrf_atomic_flag_set
                0x00027df4       0x18 _build/nrf52832_xxaa/nrf_atomic.c.o
                0x00027df4                nrf_atomic_flag_set
 .text.nrf_atomic_flag_clear_fetch
                0x00027e0c       0x18 _build/nrf52832_xxaa/nrf_atomic.c.o
                0x00027e0c                nrf_atomic_flag_clear_fetch
 .text.nrf_balloc_init
                0x00027e24       0x3c _build/nrf52832_xxaa/nrf_balloc.c.o
                0x00027e24                nrf_balloc_init
 .text.nrf_balloc_alloc
                0x00027e60       0x50 _build/nrf52832_xxaa/nrf_balloc.c.o
                0x00027e60                nrf_balloc_alloc
 .text.nrf_balloc_free
                0x00027eb0       0x38 _build/nrf52832_xxaa/nrf_balloc.c.o
                0x00027eb0                nrf_balloc_free
 .text.nrf_fprintf_buffer_flush
                0x00027ee8       0x18 _build/nrf52832_xxaa/nrf_fprintf.c.o
                0x00027ee8                nrf_fprintf_buffer_flush
 .text.nrf_fprintf
                0x00027f00       0x20 _build/nrf52832_xxaa/nrf_fprintf.c.o
                0x00027f00                nrf_fprintf
 .text.unsigned_print
                0x00027f20      0x160 _build/nrf52832_xxaa/nrf_fprintf_format.c.o
 .text.nrf_fprintf_fmt
                0x00028080      0x584 _build/nrf52832_xxaa/nrf_fprintf_format.c.o
                0x00028080                nrf_fprintf_fmt
 .text.nrf_memobj_pool_init
                0x00028604        0x4 _build/nrf52832_xxaa/nrf_memobj.c.o
                0x00028604                nrf_memobj_pool_init
 .text.nrf_memobj_alloc
                0x00028608       0x94 _build/nrf52832_xxaa/nrf_memobj.c.o
                0x00028608                nrf_memobj_alloc
 .text.nrf_memobj_get
                0x0002869c        0x8 _build/nrf52832_xxaa/nrf_memobj.c.o
                0x0002869c                nrf_memobj_get
 .text.nrf_memobj_put
                0x000286a4       0x58 _build/nrf52832_xxaa/nrf_memobj.c.o
                0x000286a4                nrf_memobj_put
 .text.nrf_memobj_write
                0x000286fc       0x68 _build/nrf52832_xxaa/nrf_memobj.c.o
                0x000286fc                nrf_memobj_write
 .text.nrf_memobj_read
                0x00028764       0x68 _build/nrf52832_xxaa/nrf_memobj.c.o
                0x00028764                nrf_memobj_read
 .text.sd_app_evt_wait
                0x000287cc        0x4 _build/nrf52832_xxaa/nrf_pwr_mgmt.c.o
 .text.nrf_pwr_mgmt_init
                0x000287d0       0x2c _build/nrf52832_xxaa/nrf_pwr_mgmt.c.o
                0x000287d0                nrf_pwr_mgmt_init
 .text.nrf_pwr_mgmt_run
                0x000287fc       0x54 _build/nrf52832_xxaa/nrf_pwr_mgmt.c.o
                0x000287fc                nrf_pwr_mgmt_run
 .text.nrf_ringbuf_init
                0x00028850       0x1c _build/nrf52832_xxaa/nrf_ringbuf.c.o
                0x00028850                nrf_ringbuf_init
 .text.nrf_section_iter_init
                0x0002886c       0x14 _build/nrf52832_xxaa/nrf_section_iter.c.o
                0x0002886c                nrf_section_iter_init
 .text.nrf_section_iter_next
                0x00028880       0x18 _build/nrf52832_xxaa/nrf_section_iter.c.o
                0x00028880                nrf_section_iter_next
 .text.nrf_sortlist_add
                0x00028898       0x28 _build/nrf52832_xxaa/nrf_sortlist.c.o
                0x00028898                nrf_sortlist_add
 .text.nrf_sortlist_pop
                0x000288c0        0xc _build/nrf52832_xxaa/nrf_sortlist.c.o
                0x000288c0                nrf_sortlist_pop
 .text.nrf_sortlist_peek
                0x000288cc        0x8 _build/nrf52832_xxaa/nrf_sortlist.c.o
                0x000288cc                nrf_sortlist_peek
 .text.nrf_sortlist_remove
                0x000288d4       0x1c _build/nrf52832_xxaa/nrf_sortlist.c.o
                0x000288d4                nrf_sortlist_remove
 .text.nrf_strerror_get
                0x000288f0       0x4c _build/nrf52832_xxaa/nrf_strerror.c.o
                0x000288f0                nrf_strerror_get
 .text.SystemInit
                0x0002893c      0x398 _build/nrf52832_xxaa/system_nrf52.c.o
                0x0002893c                SystemInit
 .text.bsp_board_led_state_get
                0x00028cd4       0x1c _build/nrf52832_xxaa/boards.c.o
                0x00028cd4                bsp_board_led_state_get
 .text.bsp_board_led_on
                0x00028cf0       0x18 _build/nrf52832_xxaa/boards.c.o
                0x00028cf0                bsp_board_led_on
 .text.bsp_board_led_off
                0x00028d08       0x18 _build/nrf52832_xxaa/boards.c.o
                0x00028d08                bsp_board_led_off
 .text.bsp_board_leds_off
                0x00028d20       0x2c _build/nrf52832_xxaa/boards.c.o
                0x00028d20                bsp_board_leds_off
 .text.bsp_board_leds_on
                0x00028d4c       0x2c _build/nrf52832_xxaa/boards.c.o
                0x00028d4c                bsp_board_leds_on
 .text.bsp_board_led_invert
                0x00028d78       0x24 _build/nrf52832_xxaa/boards.c.o
                0x00028d78                bsp_board_led_invert
 .text.bsp_board_pin_to_button_idx
                0x00028d9c       0x24 _build/nrf52832_xxaa/boards.c.o
                0x00028d9c                bsp_board_pin_to_button_idx
 .text.bsp_board_init
                0x00028dc0       0x5c _build/nrf52832_xxaa/boards.c.o
                0x00028dc0                bsp_board_init
 .text.clock_irq_handler
                0x00028e1c       0x44 _build/nrf52832_xxaa/nrf_drv_clock.c.o
 .text.soc_evt_handler
                0x00028e60       0x28 _build/nrf52832_xxaa/nrf_drv_clock.c.o
 .text.sd_state_evt_handler
                0x00028e88       0xc8 _build/nrf52832_xxaa/nrf_drv_clock.c.o
 .text.uarte_evt_handler
                0x00028f50       0x34 _build/nrf52832_xxaa/nrf_drv_uart.c.o
 .text.uart_evt_handler
                0x00028f84       0x34 _build/nrf52832_xxaa/nrf_drv_uart.c.o
 .text.nrf_drv_uart_init
                0x00028fb8       0x74 _build/nrf52832_xxaa/nrf_drv_uart.c.o
                0x00028fb8                nrf_drv_uart_init
 .text.nrfx_clock_init
                0x0002902c       0x18 _build/nrf52832_xxaa/nrfx_clock.c.o
                0x0002902c                nrfx_clock_init
 .text.nrfx_clock_enable
                0x00029044       0x24 _build/nrf52832_xxaa/nrfx_clock.c.o
                0x00029044                nrfx_clock_enable
 .text.nrfx_clock_lfclk_stop
                0x00029068       0x2c _build/nrf52832_xxaa/nrfx_clock.c.o
                0x00029068                nrfx_clock_lfclk_stop
 .text.POWER_CLOCK_IRQHandler
                0x00029094       0x70 _build/nrf52832_xxaa/nrfx_clock.c.o
                0x00029094                POWER_CLOCK_IRQHandler
 .text.nrfx_gpiote_init
                0x00029104       0xa8 _build/nrf52832_xxaa/nrfx_gpiote.c.o
                0x00029104                nrfx_gpiote_init
 .text.nrfx_gpiote_is_init
                0x000291ac       0x14 _build/nrf52832_xxaa/nrfx_gpiote.c.o
                0x000291ac                nrfx_gpiote_is_init
 .text.nrfx_gpiote_in_init
                0x000291c0      0x1e8 _build/nrf52832_xxaa/nrfx_gpiote.c.o
                0x000291c0                nrfx_gpiote_in_init
 .text.nrfx_gpiote_in_event_enable
                0x000293a8       0xc4 _build/nrf52832_xxaa/nrfx_gpiote.c.o
                0x000293a8                nrfx_gpiote_in_event_enable
 .text.nrfx_gpiote_in_is_set
                0x0002946c       0x14 _build/nrf52832_xxaa/nrfx_gpiote.c.o
                0x0002946c                nrfx_gpiote_in_is_set
 .text.GPIOTE_IRQHandler
                0x00029480      0x444 _build/nrf52832_xxaa/nrfx_gpiote.c.o
                0x00029480                GPIOTE_IRQHandler
 .text.UARTE0_UART0_IRQHandler
                0x000298c4        0xc _build/nrf52832_xxaa/nrfx_prs.c.o
                0x000298c4                UARTE0_UART0_IRQHandler
 .text.nrfx_prs_acquire
                0x000298d0       0x4c _build/nrf52832_xxaa/nrfx_prs.c.o
                0x000298d0                nrfx_prs_acquire
 .text.nrfx_prs_release
                0x0002991c       0x18 _build/nrf52832_xxaa/nrfx_prs.c.o
                0x0002991c                nrfx_prs_release
 *fill*         0x00029934        0x4 
 .text.nrfx_uart_0_irq_handler
                0x00029938      0x1d0 _build/nrf52832_xxaa/nrfx_uart.c.o
                0x00029938                nrfx_uart_0_irq_handler
 .text.nrfx_uart_init
                0x00029b08      0x19c _build/nrf52832_xxaa/nrfx_uart.c.o
                0x00029b08                nrfx_uart_init
 .text.nrfx_uart_uninit
                0x00029ca4       0xdc _build/nrf52832_xxaa/nrfx_uart.c.o
                0x00029ca4                nrfx_uart_uninit
 .text.nrfx_uart_tx
                0x00029d80       0xd8 _build/nrf52832_xxaa/nrfx_uart.c.o
                0x00029d80                nrfx_uart_tx
 .text.nrfx_uarte_0_irq_handler
                0x00029e58      0x178 _build/nrf52832_xxaa/nrfx_uarte.c.o
                0x00029e58                nrfx_uarte_0_irq_handler
 .text.nrfx_uarte_init
                0x00029fd0      0x1d0 _build/nrf52832_xxaa/nrfx_uarte.c.o
                0x00029fd0                nrfx_uarte_init
 .text.nrfx_uarte_uninit
                0x0002a1a0      0x140 _build/nrf52832_xxaa/nrfx_uarte.c.o
                0x0002a1a0                nrfx_uarte_uninit
 .text.nrfx_uarte_tx
                0x0002a2e0       0xb0 _build/nrf52832_xxaa/nrfx_uarte.c.o
                0x0002a2e0                nrfx_uarte_tx
 .text.alert_timer_handler
                0x0002a390        0x8 _build/nrf52832_xxaa/bsp.c.o
 .text.bsp_button_event_handler
                0x0002a398       0xa4 _build/nrf52832_xxaa/bsp.c.o
 .text.button_timer_handler
                0x0002a43c       0x30 _build/nrf52832_xxaa/bsp.c.o
 .text.bsp_led_indication
                0x0002a46c      0x300 _build/nrf52832_xxaa/bsp.c.o
 .text.leds_timer_handler
                0x0002a76c       0x1c _build/nrf52832_xxaa/bsp.c.o
 .text.bsp_indication_set
                0x0002a788       0x18 _build/nrf52832_xxaa/bsp.c.o
                0x0002a788                bsp_indication_set
 .text.bsp_init
                0x0002a7a0       0xbc _build/nrf52832_xxaa/bsp.c.o
                0x0002a7a0                bsp_init
 .text.sd_ble_gap_adv_set_configure
                0x0002a85c        0x4 _build/nrf52832_xxaa/main.c.o
 .text.sd_ble_gap_adv_start
                0x0002a860        0x4 _build/nrf52832_xxaa/main.c.o
 .text.startup.main
                0x0002a864      0x148 _build/nrf52832_xxaa/main.c.o
                0x0002a864                main
 .text.sd_ble_gap_addr_get
                0x0002a9ac        0x4 _build/nrf52832_xxaa/ble_advdata.c.o
 .text.sd_ble_gap_appearance_get
                0x0002a9b0        0x4 _build/nrf52832_xxaa/ble_advdata.c.o
 .text.sd_ble_gap_device_name_get
                0x0002a9b4        0x4 _build/nrf52832_xxaa/ble_advdata.c.o
 .text.sd_ble_uuid_encode
                0x0002a9b8        0x4 _build/nrf52832_xxaa/ble_advdata.c.o
 .text.uuid_list_sized_encode
                0x0002a9bc       0xe4 _build/nrf52832_xxaa/ble_advdata.c.o
 .text.ble_advdata_encode
                0x0002aaa0      0x3f0 _build/nrf52832_xxaa/ble_advdata.c.o
                0x0002aaa0                ble_advdata_encode
 .text.sd_softdevice_enable
                0x0002ae90        0x4 _build/nrf52832_xxaa/nrf_sdh.c.o
 .text.nrf_sdh_enable_request
                0x0002ae94      0x11c _build/nrf52832_xxaa/nrf_sdh.c.o
                0x0002ae94                nrf_sdh_enable_request
 .text.nrf_sdh_is_enabled
                0x0002afb0        0xc _build/nrf52832_xxaa/nrf_sdh.c.o
                0x0002afb0                nrf_sdh_is_enabled
 .text.SWI2_EGU2_IRQHandler
                0x0002afbc       0x2c _build/nrf52832_xxaa/nrf_sdh.c.o
                0x0002afbc                SWI2_EGU2_IRQHandler
 .text.sd_ble_enable
                0x0002afe8        0x4 _build/nrf52832_xxaa/nrf_sdh_ble.c.o
 .text.sd_ble_cfg_set
                0x0002afec        0x4 _build/nrf52832_xxaa/nrf_sdh_ble.c.o
 .text.sd_ble_evt_get
                0x0002aff0        0x4 _build/nrf52832_xxaa/nrf_sdh_ble.c.o
 .text.nrf_sdh_ble_evts_poll
                0x0002aff4       0x60 _build/nrf52832_xxaa/nrf_sdh_ble.c.o
 .text.nrf_sdh_ble_default_cfg_set
                0x0002b054      0x178 _build/nrf52832_xxaa/nrf_sdh_ble.c.o
                0x0002b054                nrf_sdh_ble_default_cfg_set
 .text.nrf_sdh_ble_enable
                0x0002b1cc       0xa0 _build/nrf52832_xxaa/nrf_sdh_ble.c.o
                0x0002b1cc                nrf_sdh_ble_enable
 .text.sd_evt_get
                0x0002b26c        0x4 _build/nrf52832_xxaa/nrf_sdh_soc.c.o
 .text.nrf_sdh_soc_evts_poll
                0x0002b270       0x50 _build/nrf52832_xxaa/nrf_sdh_soc.c.o
 .text.exit     0x0002b2c0       0x28 c:/users/lucan/documents/projects/sdk/gcc-arm-none-eabi-10-2020-q4-major/bin/../lib/gcc/arm-none-eabi/10.2.1/../../../../arm-none-eabi/lib/thumb/v7e-m+fp/hard\libc_nano.a(lib_a-exit.o)
                0x0002b2c0                exit
 .text.__libc_init_array
                0x0002b2e8       0x48 c:/users/lucan/documents/projects/sdk/gcc-arm-none-eabi-10-2020-q4-major/bin/../lib/gcc/arm-none-eabi/10.2.1/../../../../arm-none-eabi/lib/thumb/v7e-m+fp/hard\libc_nano.a(lib_a-init.o)
                0x0002b2e8                __libc_init_array
 .text.memcpy   0x0002b330       0x1c c:/users/lucan/documents/projects/sdk/gcc-arm-none-eabi-10-2020-q4-major/bin/../lib/gcc/arm-none-eabi/10.2.1/../../../../arm-none-eabi/lib/thumb/v7e-m+fp/hard\libc_nano.a(lib_a-memcpy-stub.o)
                0x0002b330                memcpy
 .text.memset   0x0002b34c       0x10 c:/users/lucan/documents/projects/sdk/gcc-arm-none-eabi-10-2020-q4-major/bin/../lib/gcc/arm-none-eabi/10.2.1/../../../../arm-none-eabi/lib/thumb/v7e-m+fp/hard\libc_nano.a(lib_a-memset.o)
                0x0002b34c                memset
 .text          0x0002b35c       0x10 c:/users/lucan/documents/projects/sdk/gcc-arm-none-eabi-10-2020-q4-major/bin/../lib/gcc/arm-none-eabi/10.2.1/../../../../arm-none-eabi/lib/thumb/v7e-m+fp/hard\libc_nano.a(lib_a-strlen.o)
                0x0002b35c                strlen
 .text._exit    0x0002b36c        0x4 c:/users/lucan/documents/projects/sdk/gcc-arm-none-eabi-10-2020-q4-major/bin/../lib/gcc/arm-none-eabi/10.2.1/../../../../arm-none-eabi/lib/thumb/v7e-m+fp/hard\libnosys.a(_exit.o)
                0x0002b36c                _exit
 .text          0x0002b370       0x30 c:/users/lucan/documents/projects/sdk/gcc-arm-none-eabi-10-2020-q4-major/bin/../lib/gcc/arm-none-eabi/10.2.1/thumb/v7e-m+fp/hard\libgcc.a(_aeabi_uldivmod.o)
                0x0002b370                __aeabi_uldivmod
 .text          0x0002b3a0      0x2d0 c:/users/lucan/documents/projects/sdk/gcc-arm-none-eabi-10-2020-q4-major/bin/../lib/gcc/arm-none-eabi/10.2.1/thumb/v7e-m+fp/hard\libgcc.a(_udivmoddi4.o)
                0x0002b3a0                __udivmoddi4
 .text          0x0002b670        0x4 c:/users/lucan/documents/projects/sdk/gcc-arm-none-eabi-10-2020-q4-major/bin/../lib/gcc/arm-none-eabi/10.2.1/thumb/v7e-m+fp/hard\libgcc.a(_dvmd_tls.o)
                0x0002b670                __aeabi_idiv0
                0x0002b670                __aeabi_ldiv0
 *(.init)
 .init          0x0002b674        0x4 c:/users/lucan/documents/projects/sdk/gcc-arm-none-eabi-10-2020-q4-major/bin/../lib/gcc/arm-none-eabi/10.2.1/thumb/v7e-m+fp/hard/crti.o
                0x0002b674                _init
 .init          0x0002b678        0x8 c:/users/lucan/documents/projects/sdk/gcc-arm-none-eabi-10-2020-q4-major/bin/../lib/gcc/arm-none-eabi/10.2.1/thumb/v7e-m+fp/hard/crtn.o
 *(.fini)
 .fini          0x0002b680        0x4 c:/users/lucan/documents/projects/sdk/gcc-arm-none-eabi-10-2020-q4-major/bin/../lib/gcc/arm-none-eabi/10.2.1/thumb/v7e-m+fp/hard/crti.o
                0x0002b680                _fini
 .fini          0x0002b684        0x8 c:/users/lucan/documents/projects/sdk/gcc-arm-none-eabi-10-2020-q4-major/bin/../lib/gcc/arm-none-eabi/10.2.1/thumb/v7e-m+fp/hard/crtn.o
 *crtbegin.o(.ctors)
 *crtbegin?.o(.ctors)
 *(EXCLUDE_FILE(*crtend.o *crtend?.o) .ctors)
 *(SORT_BY_NAME(.ctors.*))
 *(.ctors)
 *crtbegin.o(.dtors)
 *crtbegin?.o(.dtors)
 *(EXCLUDE_FILE(*crtend.o *crtend?.o) .dtors)
 *(SORT_BY_NAME(.dtors.*))
 *(.dtors)
 *(.rodata*)
 .rodata        0x0002b68c       0x20 _build/nrf52832_xxaa/nrf_log_backend_uart.c.o
 .rodata.nrf_log_backend_uart_api
                0x0002b6ac        0xc _build/nrf52832_xxaa/nrf_log_backend_uart.c.o
                0x0002b6ac                nrf_log_backend_uart_api
 .rodata.str1.4
                0x0002b6b8       0x11 _build/nrf52832_xxaa/nrf_log_default_backends.c.o
 *fill*         0x0002b6c9        0x3 
 .rodata.nrf_log_frontend_dequeue.str1.4
                0x0002b6cc       0x11 _build/nrf52832_xxaa/nrf_log_frontend.c.o
 *fill*         0x0002b6dd        0x3 
 .rodata.str1.4
                0x0002b6e0        0x4 _build/nrf52832_xxaa/nrf_log_frontend.c.o
 .rodata.m_log_push_ringbuf
                0x0002b6e4        0xc _build/nrf52832_xxaa/nrf_log_frontend.c.o
 .rodata.prefix_process.str1.4
                0x0002b6f0       0x36 _build/nrf52832_xxaa/nrf_log_str_formatter.c.o
 *fill*         0x0002b726        0x2 
 .rodata.nrf_log_std_entry_process.str1.4
                0x0002b728        0x3 _build/nrf52832_xxaa/nrf_log_str_formatter.c.o
 *fill*         0x0002b72b        0x1 
 .rodata.nrf_log_hexdump_entry_process.str1.4
                0x0002b72c       0x13 _build/nrf52832_xxaa/nrf_log_str_formatter.c.o
                                 0x16 (size before relaxing)
 *fill*         0x0002b73f        0x1 
 .rodata.str1.4
                0x0002b740       0x56 _build/nrf52832_xxaa/nrf_log_str_formatter.c.o
 *fill*         0x0002b796        0x2 
 .rodata.m_colors
                0x0002b798       0x24 _build/nrf52832_xxaa/nrf_log_str_formatter.c.o
 .rodata.severity_names
                0x0002b7bc       0x14 _build/nrf52832_xxaa/nrf_log_str_formatter.c.o
 .rodata.str1.4
                0x0002b7d0        0xb _build/nrf52832_xxaa/app_button.c.o
 *fill*         0x0002b7db        0x1 
 .rodata.m_detection_delay_timer_id
                0x0002b7dc        0x4 _build/nrf52832_xxaa/app_button.c.o
 .rodata.app_error_fault_handler.str1.4
                0x0002b7e0       0x19 _build/nrf52832_xxaa/app_error_weak.c.o
 *fill*         0x0002b7f9        0x3 
 .rodata.str1.4
                0x0002b7fc        0xa _build/nrf52832_xxaa/app_timer2.c.o
 *fill*         0x0002b806        0x2 
 .rodata        0x0002b808        0x4 _build/nrf52832_xxaa/app_timer2.c.o
 .rodata.m_app_timer_sortlist
                0x0002b80c        0xc _build/nrf52832_xxaa/app_timer2.c.o
 .rodata.drv_rtc_init.str1.4
                0x0002b818       0x36 _build/nrf52832_xxaa/drv_rtc.c.o
 *fill*         0x0002b84e        0x2 
 .rodata.delay_machine_code.0
                0x0002b850        0x6 _build/nrf52832_xxaa/drv_rtc.c.o
 *fill*         0x0002b856        0x2 
 .rodata._aV2C.0
                0x0002b858       0x10 _build/nrf52832_xxaa/nrf_fprintf_format.c.o
 .rodata.str1.4
                0x0002b868        0x9 _build/nrf52832_xxaa/nrf_pwr_mgmt.c.o
 *fill*         0x0002b871        0x3 
 .rodata.pwr_mgmt_data
                0x0002b874        0xc _build/nrf52832_xxaa/nrf_pwr_mgmt.c.o
 .rodata.str1.4
                0x0002b880        0x9 _build/nrf52832_xxaa/nrf_sortlist.c.o
 *fill*         0x0002b889        0x3 
 .rodata.str1.4
                0x0002b88c      0x3e9 _build/nrf52832_xxaa/nrf_strerror.c.o
 *fill*         0x0002bc75        0x3 
 .rodata.m_unknown_str
                0x0002bc78       0x13 _build/nrf52832_xxaa/nrf_strerror.c.o
 *fill*         0x0002bc8b        0x1 
 .rodata.nrf_strerror_array
                0x0002bc8c      0x128 _build/nrf52832_xxaa/nrf_strerror.c.o
 .rodata.CSWTCH.15
                0x0002bdb4        0x4 _build/nrf52832_xxaa/system_nrf52.c.o
 .rodata.CSWTCH.19
                0x0002bdb8        0x4 _build/nrf52832_xxaa/system_nrf52.c.o
 .rodata.CSWTCH.5
                0x0002bdbc        0x4 _build/nrf52832_xxaa/system_nrf52.c.o
 .rodata.m_board_led_list
                0x0002bdc0        0x4 _build/nrf52832_xxaa/boards.c.o
 .rodata.str1.4
                0x0002bdc4        0x6 _build/nrf52832_xxaa/nrf_drv_clock.c.o
 *fill*         0x0002bdca        0x2 
 .rodata.str1.4
                0x0002bdcc        0x6 _build/nrf52832_xxaa/nrfx_clock.c.o
 *fill*         0x0002bdd2        0x2 
 .rodata.str1.4
                0x0002bdd4        0x7 _build/nrf52832_xxaa/nrfx_gpiote.c.o
 *fill*         0x0002bddb        0x1 
 .rodata.str1.4
                0x0002bddc        0x4 _build/nrf52832_xxaa/nrfx_prs.c.o
 .rodata.str1.4
                0x0002bde0        0x5 _build/nrf52832_xxaa/nrfx_uart.c.o
 *fill*         0x0002bde5        0x3 
 .rodata.str1.4
                0x0002bde8        0x6 _build/nrf52832_xxaa/nrfx_uarte.c.o
 *fill*         0x0002bdee        0x2 
 .rodata.app_buttons
                0x0002bdf0       0x20 _build/nrf52832_xxaa/bsp.c.o
 .rodata.m_bsp_alert_tmr
                0x0002be10        0x4 _build/nrf52832_xxaa/bsp.c.o
 .rodata.m_bsp_button_tmr
                0x0002be14        0x4 _build/nrf52832_xxaa/bsp.c.o
 .rodata.m_bsp_leds_tmr
                0x0002be18        0x4 _build/nrf52832_xxaa/bsp.c.o
 .rodata.main.str1.4
                0x0002be1c       0x18 _build/nrf52832_xxaa/main.c.o
 .rodata.str1.4
                0x0002be34        0x8 _build/nrf52832_xxaa/nrf_sdh.c.o
 .rodata        0x0002be3c        0x4 _build/nrf52832_xxaa/nrf_sdh.c.o
 .rodata.sdh_req_observers
                0x0002be40        0xc _build/nrf52832_xxaa/nrf_sdh.c.o
 .rodata.sdh_stack_observers
                0x0002be4c        0xc _build/nrf52832_xxaa/nrf_sdh.c.o
 .rodata.sdh_state_observers
                0x0002be58        0xc _build/nrf52832_xxaa/nrf_sdh.c.o
 .rodata.nrf_sdh_ble_default_cfg_set.str1.4
                0x0002be64      0x187 _build/nrf52832_xxaa/nrf_sdh_ble.c.o
 *fill*         0x0002bfeb        0x1 
 .rodata.nrf_sdh_ble_enable.str1.4
                0x0002bfec       0xad _build/nrf52832_xxaa/nrf_sdh_ble.c.o
 *fill*         0x0002c099        0x3 
 .rodata.str1.4
                0x0002c09c        0xc _build/nrf52832_xxaa/nrf_sdh_ble.c.o
 .rodata.sdh_ble_observers
                0x0002c0a8        0xc _build/nrf52832_xxaa/nrf_sdh_ble.c.o
 .rodata.str1.4
                0x0002c0b4        0xc _build/nrf52832_xxaa/nrf_sdh_soc.c.o
 .rodata.sdh_soc_observers
                0x0002c0c0        0xc _build/nrf52832_xxaa/nrf_sdh_soc.c.o
 .rodata._ctype_
                0x0002c0cc      0x101 c:/users/lucan/documents/projects/sdk/gcc-arm-none-eabi-10-2020-q4-major/bin/../lib/gcc/arm-none-eabi/10.2.1/../../../../arm-none-eabi/lib/thumb/v7e-m+fp/hard\libc_nano.a(lib_a-ctype_.o)
                0x0002c0cc                _ctype_
 *fill*         0x0002c1cd        0x3 
 .rodata._global_impure_ptr
                0x0002c1d0        0x4 c:/users/lucan/documents/projects/sdk/gcc-arm-none-eabi-10-2020-q4-major/bin/../lib/gcc/arm-none-eabi/10.2.1/../../../../arm-none-eabi/lib/thumb/v7e-m+fp/hard\libc_nano.a(lib_a-impure.o)
                0x0002c1d0                _global_impure_ptr
 *(.eh_frame*)
 .eh_frame      0x0002c1d4        0x0 c:/users/lucan/documents/projects/sdk/gcc-arm-none-eabi-10-2020-q4-major/bin/../lib/gcc/arm-none-eabi/10.2.1/thumb/v7e-m+fp/hard/crtbegin.o
 .eh_frame      0x0002c1d4        0x4 c:/users/lucan/documents/projects/sdk/gcc-arm-none-eabi-10-2020-q4-major/bin/../lib/gcc/arm-none-eabi/10.2.1/thumb/v7e-m+fp/hard/crtend.o

.glue_7         0x0002c1d8        0x0
 .glue_7        0x0002c1d8        0x0 linker stubs

.glue_7t        0x0002c1d8        0x0
 .glue_7t       0x0002c1d8        0x0 linker stubs

.vfp11_veneer   0x0002c1d8        0x0
 .vfp11_veneer  0x0002c1d8        0x0 linker stubs

.v4_bx          0x0002c1d8        0x0
 .v4_bx         0x0002c1d8        0x0 linker stubs

.iplt           0x0002c1d8        0x0
 .iplt          0x0002c1d8        0x0 c:/users/lucan/documents/projects/sdk/gcc-arm-none-eabi-10-2020-q4-major/bin/../lib/gcc/arm-none-eabi/10.2.1/thumb/v7e-m+fp/hard/crtbegin.o

.mem_section_dummy_rom

.sdh_soc_observers
                0x0002c1d8        0x8
                0x0002c1d8                PROVIDE (__start_sdh_soc_observers = .)
 *(SORT_BY_NAME(.sdh_soc_observers*))
 .sdh_soc_observers0
                0x0002c1d8        0x8 _build/nrf52832_xxaa/nrf_drv_clock.c.o
                0x0002c1e0                PROVIDE (__stop_sdh_soc_observers = .)

.sdh_ble_observers
                0x0002c1e0        0x0
                0x0002c1e0                PROVIDE (__start_sdh_ble_observers = .)
 *(SORT_BY_NAME(.sdh_ble_observers*))
                0x0002c1e0                PROVIDE (__stop_sdh_ble_observers = .)

.pwr_mgmt_data  0x0002c1e0        0x0
                0x0002c1e0                PROVIDE (__start_pwr_mgmt_data = .)
 *(SORT_BY_NAME(.pwr_mgmt_data*))
                0x0002c1e0                PROVIDE (__stop_pwr_mgmt_data = .)

.sdh_req_observers
                0x0002c1e0        0x0
                0x0002c1e0                PROVIDE (__start_sdh_req_observers = .)
 *(SORT_BY_NAME(.sdh_req_observers*))
                0x0002c1e0                PROVIDE (__stop_sdh_req_observers = .)

.sdh_state_observers
                0x0002c1e0        0x8
                0x0002c1e0                PROVIDE (__start_sdh_state_observers = .)
 *(SORT_BY_NAME(.sdh_state_observers*))
 .sdh_state_observers0
                0x0002c1e0        0x8 _build/nrf52832_xxaa/nrf_drv_clock.c.o
                0x0002c1e8                PROVIDE (__stop_sdh_state_observers = .)

.sdh_stack_observers
                0x0002c1e8       0x10
                0x0002c1e8                PROVIDE (__start_sdh_stack_observers = .)
 *(SORT_BY_NAME(.sdh_stack_observers*))
 .sdh_stack_observers0
                0x0002c1e8        0x8 _build/nrf52832_xxaa/nrf_sdh_ble.c.o
 .sdh_stack_observers0
                0x0002c1f0        0x8 _build/nrf52832_xxaa/nrf_sdh_soc.c.o
                0x0002c1f8                PROVIDE (__stop_sdh_stack_observers = .)

.nrf_queue      0x0002c1f8        0x0
                [!provide]                PROVIDE (__start_nrf_queue = .)
 *(.nrf_queue)
                [!provide]                PROVIDE (__stop_nrf_queue = .)

.nrf_balloc     0x0002c1f8       0x14
                [!provide]                PROVIDE (__start_nrf_balloc = .)
 *(.nrf_balloc)
 .nrf_balloc    0x0002c1f8       0x14 _build/nrf52832_xxaa/nrf_log_frontend.c.o
                0x0002c1f8                log_mempool
                [!provide]                PROVIDE (__stop_nrf_balloc = .)

.cli_command    0x0002c20c        0x0
                [!provide]                PROVIDE (__start_cli_command = .)
 *(.cli_command)
                [!provide]                PROVIDE (__stop_cli_command = .)

.crypto_data    0x0002c20c        0x0
                [!provide]                PROVIDE (__start_crypto_data = .)
 *(SORT_BY_NAME(.crypto_data*))
                [!provide]                PROVIDE (__stop_crypto_data = .)

.log_const_data
                0x0002c20c       0x70
                0x0002c20c                PROVIDE (__start_log_const_data = .)
 *(SORT_BY_NAME(.log_const_data*))
 .log_const_data_CLOCK
                0x0002c20c        0x8 _build/nrf52832_xxaa/nrfx_clock.c.o
                0x0002c20c                m_nrf_log_CLOCK_logs_data_const
 .log_const_data_GPIOTE
                0x0002c214        0x8 _build/nrf52832_xxaa/nrfx_gpiote.c.o
                0x0002c214                m_nrf_log_GPIOTE_logs_data_const
 .log_const_data_PRS
                0x0002c21c        0x8 _build/nrf52832_xxaa/nrfx_prs.c.o
                0x0002c21c                m_nrf_log_PRS_logs_data_const
 .log_const_data_UART
                0x0002c224        0x8 _build/nrf52832_xxaa/nrfx_uart.c.o
                0x0002c224                m_nrf_log_UART_logs_data_const
 .log_const_data_UARTE
                0x0002c22c        0x8 _build/nrf52832_xxaa/nrfx_uarte.c.o
                0x0002c22c                m_nrf_log_UARTE_logs_data_const
 .log_const_data_app
                0x0002c234        0x8 _build/nrf52832_xxaa/nrf_log_frontend.c.o
                0x0002c234                m_nrf_log_app_logs_data_const
 .log_const_data_app_button
                0x0002c23c        0x8 _build/nrf52832_xxaa/app_button.c.o
                0x0002c23c                m_nrf_log_app_button_logs_data_const
 .log_const_data_app_timer
                0x0002c244        0x8 _build/nrf52832_xxaa/app_timer2.c.o
                0x0002c244                m_nrf_log_app_timer_logs_data_const
 .log_const_data_clock
                0x0002c24c        0x8 _build/nrf52832_xxaa/nrf_drv_clock.c.o
                0x0002c24c                m_nrf_log_clock_logs_data_const
 .log_const_data_nrf_sdh
                0x0002c254        0x8 _build/nrf52832_xxaa/nrf_sdh.c.o
                0x0002c254                m_nrf_log_nrf_sdh_logs_data_const
 .log_const_data_nrf_sdh_ble
                0x0002c25c        0x8 _build/nrf52832_xxaa/nrf_sdh_ble.c.o
                0x0002c25c                m_nrf_log_nrf_sdh_ble_logs_data_const
 .log_const_data_nrf_sdh_soc
                0x0002c264        0x8 _build/nrf52832_xxaa/nrf_sdh_soc.c.o
                0x0002c264                m_nrf_log_nrf_sdh_soc_logs_data_const
 .log_const_data_pwr_mgmt
                0x0002c26c        0x8 _build/nrf52832_xxaa/nrf_pwr_mgmt.c.o
                0x0002c26c                m_nrf_log_pwr_mgmt_logs_data_const
 .log_const_data_sortlist
                0x0002c274        0x8 _build/nrf52832_xxaa/nrf_sortlist.c.o
                0x0002c274                m_nrf_log_sortlist_logs_data_const
                0x0002c27c                PROVIDE (__stop_log_const_data = .)

.log_backends   0x0002c27c       0x10
                [!provide]                PROVIDE (__start_log_backends = .)
 *(SORT_BY_NAME(.log_backends*))
 .log_backends  0x0002c27c       0x10 _build/nrf52832_xxaa/nrf_log_default_backends.c.o
                [!provide]                PROVIDE (__stop_log_backends = .)

.ARM.extab
 *(.ARM.extab* .gnu.linkonce.armextab.*)
                0x0002c28c                __exidx_start = .

.ARM.exidx      0x0002c28c        0x8
 *(.ARM.exidx* .gnu.linkonce.armexidx.*)
 .ARM.exidx     0x0002c28c        0x8 c:/users/lucan/documents/projects/sdk/gcc-arm-none-eabi-10-2020-q4-major/bin/../lib/gcc/arm-none-eabi/10.2.1/../../../../arm-none-eabi/lib/thumb/v7e-m+fp/hard/crt0.o
                                 0x10 (size before relaxing)
 .ARM.exidx     0x0002c294        0x0 c:/users/lucan/documents/projects/sdk/gcc-arm-none-eabi-10-2020-q4-major/bin/../lib/gcc/arm-none-eabi/10.2.1/thumb/v7e-m+fp/hard\libgcc.a(_udivmoddi4.o)
                                  0x8 (size before relaxing)
                0x0002c294                __exidx_end = .

.rel.dyn        0x0002c294        0x0
 .rel.iplt      0x0002c294        0x0 c:/users/lucan/documents/projects/sdk/gcc-arm-none-eabi-10-2020-q4-major/bin/../lib/gcc/arm-none-eabi/10.2.1/thumb/v7e-m+fp/hard/crtbegin.o
                0x0002c294                . = ALIGN (0x4)
                0x0002c294                __etext = .

.data           0x200018c8       0xbc load address 0x0002c294
                0x200018c8                __data_start__ = .
 *(vtable)
 *(.data*)
 .data.m_uart   0x200018c8       0x14 _build/nrf52832_xxaa/nrf_log_backend_uart.c.o
                0x200018c8                m_uart
 .data.log_backend_cb_uart_log_backend
                0x200018dc        0x8 _build/nrf52832_xxaa/nrf_log_default_backends.c.o
 .data.m_rtc_inst
                0x200018e4        0x8 _build/nrf52832_xxaa/app_timer2.c.o
 .data.SystemCoreClock
                0x200018ec        0x4 _build/nrf52832_xxaa/system_nrf52.c.o
                0x200018ec                SystemCoreClock
 .data.m_adv_data
                0x200018f0       0x10 _build/nrf52832_xxaa/main.c.o
 .data.m_adv_handle
                0x20001900        0x1 _build/nrf52832_xxaa/main.c.o
 *fill*         0x20001901        0x3 
 .data.m_beacon_info
                0x20001904       0x17 _build/nrf52832_xxaa/main.c.o
 *fill*         0x2000191b        0x1 
 .data.impure_data
                0x2000191c       0x60 c:/users/lucan/documents/projects/sdk/gcc-arm-none-eabi-10-2020-q4-major/bin/../lib/gcc/arm-none-eabi/10.2.1/../../../../arm-none-eabi/lib/thumb/v7e-m+fp/hard\libc_nano.a(lib_a-impure.o)
                0x2000197c                . = ALIGN (0x4)
                0x2000197c                PROVIDE (__preinit_array_start = .)
 *(.preinit_array)
                0x2000197c                PROVIDE (__preinit_array_end = .)
                0x2000197c                . = ALIGN (0x4)
                0x2000197c                PROVIDE (__init_array_start = .)
 *(SORT_BY_NAME(.init_array.*))
 *(.init_array)
 .init_array    0x2000197c        0x4 c:/users/lucan/documents/projects/sdk/gcc-arm-none-eabi-10-2020-q4-major/bin/../lib/gcc/arm-none-eabi/10.2.1/thumb/v7e-m+fp/hard/crtbegin.o
                0x20001980                PROVIDE (__init_array_end = .)
                0x20001980                . = ALIGN (0x4)
                [!provide]                PROVIDE (__fini_array_start = .)
 *(SORT_BY_NAME(.fini_array.*))
 *(.fini_array)
 .fini_array    0x20001980        0x4 c:/users/lucan/documents/projects/sdk/gcc-arm-none-eabi-10-2020-q4-major/bin/../lib/gcc/arm-none-eabi/10.2.1/thumb/v7e-m+fp/hard/crtbegin.o
                [!provide]                PROVIDE (__fini_array_end = .)
 *(.jcr*)
                0x20001984                . = ALIGN (0x4)
                0x20001984                __data_end__ = .
LOAD c:/users/lucan/documents/projects/sdk/gcc-arm-none-eabi-10-2020-q4-major/bin/../lib/gcc/arm-none-eabi/10.2.1/thumb/v7e-m+fp/hard/crti.o
LOAD c:/users/lucan/documents/projects/sdk/gcc-arm-none-eabi-10-2020-q4-major/bin/../lib/gcc/arm-none-eabi/10.2.1/thumb/v7e-m+fp/hard/crtbegin.o
LOAD c:/users/lucan/documents/projects/sdk/gcc-arm-none-eabi-10-2020-q4-major/bin/../lib/gcc/arm-none-eabi/10.2.1/../../../../arm-none-eabi/lib/thumb/v7e-m+fp/hard/crt0.o
LOAD _build/nrf52832_xxaa/gcc_startup_nrf52.S.o
LOAD _build/nrf52832_xxaa/nrf_log_backend_rtt.c.o
LOAD _build/nrf52832_xxaa/nrf_log_backend_serial.c.o
LOAD _build/nrf52832_xxaa/nrf_log_backend_uart.c.o
LOAD _build/nrf52832_xxaa/nrf_log_default_backends.c.o
LOAD _build/nrf52832_xxaa/nrf_log_frontend.c.o
LOAD _build/nrf52832_xxaa/nrf_log_str_formatter.c.o
LOAD _build/nrf52832_xxaa/app_button.c.o
LOAD _build/nrf52832_xxaa/app_error.c.o
LOAD _build/nrf52832_xxaa/app_error_handler_gcc.c.o
LOAD _build/nrf52832_xxaa/app_error_weak.c.o
LOAD _build/nrf52832_xxaa/app_scheduler.c.o
LOAD _build/nrf52832_xxaa/app_timer2.c.o
LOAD _build/nrf52832_xxaa/app_util_platform.c.o
LOAD _build/nrf52832_xxaa/drv_rtc.c.o
LOAD _build/nrf52832_xxaa/hardfault_implementation.c.o
LOAD _build/nrf52832_xxaa/nrf_assert.c.o
LOAD _build/nrf52832_xxaa/nrf_atfifo.c.o
LOAD _build/nrf52832_xxaa/nrf_atomic.c.o
LOAD _build/nrf52832_xxaa/nrf_balloc.c.o
LOAD _build/nrf52832_xxaa/nrf_fprintf.c.o
LOAD _build/nrf52832_xxaa/nrf_fprintf_format.c.o
LOAD _build/nrf52832_xxaa/nrf_memobj.c.o
LOAD _build/nrf52832_xxaa/nrf_pwr_mgmt.c.o
LOAD _build/nrf52832_xxaa/nrf_ringbuf.c.o
LOAD _build/nrf52832_xxaa/nrf_section_iter.c.o
LOAD _build/nrf52832_xxaa/nrf_sortlist.c.o
LOAD _build/nrf52832_xxaa/nrf_strerror.c.o
LOAD _build/nrf52832_xxaa/system_nrf52.c.o
LOAD _build/nrf52832_xxaa/boards.c.o
LOAD _build/nrf52832_xxaa/nrf_drv_clock.c.o
LOAD _build/nrf52832_xxaa/nrf_drv_uart.c.o
LOAD _build/nrf52832_xxaa/nrfx_atomic.c.o
LOAD _build/nrf52832_xxaa/nrfx_clock.c.o
LOAD _build/nrf52832_xxaa/nrfx_gpiote.c.o
LOAD _build/nrf52832_xxaa/nrfx_prs.c.o
LOAD _build/nrf52832_xxaa/nrfx_uart.c.o
LOAD _build/nrf52832_xxaa/nrfx_uarte.c.o
LOAD _build/nrf52832_xxaa/bsp.c.o
LOAD _build/nrf52832_xxaa/main.c.o
LOAD _build/nrf52832_xxaa/SEGGER_RTT.c.o
LOAD _build/nrf52832_xxaa/SEGGER_RTT_Syscalls_GCC.c.o
LOAD _build/nrf52832_xxaa/SEGGER_RTT_printf.c.o
LOAD _build/nrf52832_xxaa/ble_advdata.c.o
LOAD _build/nrf52832_xxaa/ble_srv_common.c.o
LOAD _build/nrf52832_xxaa/utf.c.o
LOAD _build/nrf52832_xxaa/nrf_sdh.c.o
LOAD _build/nrf52832_xxaa/nrf_sdh_ble.c.o
LOAD _build/nrf52832_xxaa/nrf_sdh_soc.c.o
LOAD c:/users/lucan/documents/projects/sdk/gcc-arm-none-eabi-10-2020-q4-major/bin/../lib/gcc/arm-none-eabi/10.2.1/../../../../arm-none-eabi/lib/thumb/v7e-m+fp/hard\libc_nano.a
LOAD c:/users/lucan/documents/projects/sdk/gcc-arm-none-eabi-10-2020-q4-major/bin/../lib/gcc/arm-none-eabi/10.2.1/../../../../arm-none-eabi/lib/thumb/v7e-m+fp/hard\libnosys.a
LOAD c:/users/lucan/documents/projects/sdk/gcc-arm-none-eabi-10-2020-q4-major/bin/../lib/gcc/arm-none-eabi/10.2.1/../../../../arm-none-eabi/lib/thumb/v7e-m+fp/hard\libm.a
START GROUP
LOAD c:/users/lucan/documents/projects/sdk/gcc-arm-none-eabi-10-2020-q4-major/bin/../lib/gcc/arm-none-eabi/10.2.1/thumb/v7e-m+fp/hard\libgcc.a
LOAD c:/users/lucan/documents/projects/sdk/gcc-arm-none-eabi-10-2020-q4-major/bin/../lib/gcc/arm-none-eabi/10.2.1/../../../../arm-none-eabi/lib/thumb/v7e-m+fp/hard\libg_nano.a
LOAD c:/users/lucan/documents/projects/sdk/gcc-arm-none-eabi-10-2020-q4-major/bin/../lib/gcc/arm-none-eabi/10.2.1/../../../../arm-none-eabi/lib/thumb/v7e-m+fp/hard\libc_nano.a
END GROUP
START GROUP
LOAD c:/users/lucan/documents/projects/sdk/gcc-arm-none-eabi-10-2020-q4-major/bin/../lib/gcc/arm-none-eabi/10.2.1/thumb/v7e-m+fp/hard\libgcc.a
LOAD c:/users/lucan/documents/projects/sdk/gcc-arm-none-eabi-10-2020-q4-major/bin/../lib/gcc/arm-none-eabi/10.2.1/../../../../arm-none-eabi/lib/thumb/v7e-m+fp/hard\libc_nano.a
END GROUP
LOAD c:/users/lucan/documents/projects/sdk/gcc-arm-none-eabi-10-2020-q4-major/bin/../lib/gcc/arm-none-eabi/10.2.1/thumb/v7e-m+fp/hard/crtend.o
LOAD c:/users/lucan/documents/projects/sdk/gcc-arm-none-eabi-10-2020-q4-major/bin/../lib/gcc/arm-none-eabi/10.2.1/thumb/v7e-m+fp/hard/crtn.o
START GROUP
LOAD c:/users/lucan/documents/projects/sdk/gcc-arm-none-eabi-10-2020-q4-major/bin/../lib/gcc/arm-none-eabi/10.2.1/thumb/v7e-m+fp/hard\libgcc.a
LOAD c:/users/lucan/documents/projects/sdk/gcc-arm-none-eabi-10-2020-q4-major/bin/../lib/gcc/arm-none-eabi/10.2.1/../../../../arm-none-eabi/lib/thumb/v7e-m+fp/hard\libc.a
LOAD c:/users/lucan/documents/projects/sdk/gcc-arm-none-eabi-10-2020-q4-major/bin/../lib/gcc/arm-none-eabi/10.2.1/../../../../arm-none-eabi/lib/thumb/v7e-m+fp/hard\libnosys.a
END GROUP

.igot.plt       0x20001984        0x0 load address 0x0002c350
 .igot.plt      0x20001984        0x0 c:/users/lucan/documents/projects/sdk/gcc-arm-none-eabi-10-2020-q4-major/bin/../lib/gcc/arm-none-eabi/10.2.1/thumb/v7e-m+fp/hard/crtbegin.o
                0x20001984                . = ALIGN (0x4)

.mem_section_dummy_ram

.cli_sorted_cmd_ptrs
                0x20001984        0x0
                [!provide]                PROVIDE (__start_cli_sorted_cmd_ptrs = .)
 *(.cli_sorted_cmd_ptrs)
                [!provide]                PROVIDE (__stop_cli_sorted_cmd_ptrs = .)

.fs_data        0x20001984        0x0
                [!provide]                PROVIDE (__start_fs_data = .)
 *(.fs_data)
                [!provide]                PROVIDE (__stop_fs_data = .)

.log_dynamic_data
                0x20001984        0x0
                0x20001984                PROVIDE (__start_log_dynamic_data = .)
 *(SORT_BY_NAME(.log_dynamic_data*))
                [!provide]                PROVIDE (__stop_log_dynamic_data = .)

.log_filter_data
                0x20001984        0x0
                [!provide]                PROVIDE (__start_log_filter_data = .)
 *(SORT_BY_NAME(.log_filter_data*))
                [!provide]                PROVIDE (__stop_log_filter_data = .)

.bss            0x20001988      0x88c load address 0x0002c358
                0x20001988                . = ALIGN (0x4)
                0x20001988                __bss_start__ = .
 *(.bss*)
 .bss           0x20001988       0x1c c:/users/lucan/documents/projects/sdk/gcc-arm-none-eabi-10-2020-q4-major/bin/../lib/gcc/arm-none-eabi/10.2.1/thumb/v7e-m+fp/hard/crtbegin.o
 .bss.m_async_mode
                0x200019a4        0x1 _build/nrf52832_xxaa/nrf_log_backend_uart.c.o
 *fill*         0x200019a5        0x3 
 .bss.m_string_buff
                0x200019a8       0x40 _build/nrf52832_xxaa/nrf_log_backend_uart.c.o
 .bss.m_xfer_done
                0x200019e8        0x1 _build/nrf52832_xxaa/nrf_log_backend_uart.c.o
 *fill*         0x200019e9        0x3 
 .bss.log_mempool_nrf_balloc_cb
                0x200019ec        0x8 _build/nrf52832_xxaa/nrf_log_frontend.c.o
 .bss.log_mempool_nrf_balloc_pool_mem
                0x200019f4       0xc0 _build/nrf52832_xxaa/nrf_log_frontend.c.o
 .bss.log_mempool_nrf_balloc_pool_stack
                0x20001ab4        0x8 _build/nrf52832_xxaa/nrf_log_frontend.c.o
 .bss.m_log_data
                0x20001abc      0x420 _build/nrf52832_xxaa/nrf_log_frontend.c.o
 .bss.m_log_push_ringbuf_buf
                0x20001edc       0x80 _build/nrf52832_xxaa/nrf_log_frontend.c.o
 .bss.m_log_push_ringbuf_cb
                0x20001f5c       0x18 _build/nrf52832_xxaa/nrf_log_frontend.c.o
 .bss.m_button_count
                0x20001f74        0x1 _build/nrf52832_xxaa/app_button.c.o
 *fill*         0x20001f75        0x3 
 .bss.m_detection_delay
                0x20001f78        0x4 _build/nrf52832_xxaa/app_button.c.o
 *fill*         0x20001f7c        0x4 
 .bss.m_detection_delay_timer_id_data
                0x20001f80       0x20 _build/nrf52832_xxaa/app_button.c.o
 .bss.m_pin_active
                0x20001fa0        0x8 _build/nrf52832_xxaa/app_button.c.o
 .bss.m_pin_states
                0x20001fa8       0x10 _build/nrf52832_xxaa/app_button.c.o
 .bss.mp_buttons
                0x20001fb8        0x4 _build/nrf52832_xxaa/app_button.c.o
 .bss.m_app_timer_sortlist_sortlist_cb
                0x20001fbc        0x4 _build/nrf52832_xxaa/app_timer2.c.o
 .bss.m_base_counter
                0x20001fc0        0x8 _build/nrf52832_xxaa/app_timer2.c.o
 .bss.m_global_active
                0x20001fc8        0x1 _build/nrf52832_xxaa/app_timer2.c.o
 *fill*         0x20001fc9        0x3 
 .bss.m_req_fifo_data
                0x20001fcc       0x58 _build/nrf52832_xxaa/app_timer2.c.o
 .bss.m_req_fifo_inst
                0x20002024       0x10 _build/nrf52832_xxaa/app_timer2.c.o
 *fill*         0x20002034        0x4 
 .bss.m_stamp64
                0x20002038        0x8 _build/nrf52832_xxaa/app_timer2.c.o
 .bss.mp_active_timer
                0x20002040        0x4 _build/nrf52832_xxaa/app_timer2.c.o
 .bss.nrf_nvic_state
                0x20002044        0xc _build/nrf52832_xxaa/app_util_platform.c.o
                0x20002044                nrf_nvic_state
 .bss.m_cb      0x20002050        0x8 _build/nrf52832_xxaa/drv_rtc.c.o
 .bss.m_handlers
                0x20002058        0x4 _build/nrf52832_xxaa/drv_rtc.c.o
 .bss.m_handlers_iter
                0x2000205c        0x8 _build/nrf52832_xxaa/nrf_pwr_mgmt.c.o
 .bss.m_shutdown_started
                0x20002064        0x1 _build/nrf52832_xxaa/nrf_pwr_mgmt.c.o
 *fill*         0x20002065        0x3 
 .bss.m_sysoff_mtx
                0x20002068        0x4 _build/nrf52832_xxaa/nrf_pwr_mgmt.c.o
 .bss.m_clock_cb
                0x2000206c       0x14 _build/nrf52832_xxaa/nrf_drv_clock.c.o
 .bss.m_contexts
                0x20002080        0x4 _build/nrf52832_xxaa/nrf_drv_uart.c.o
 .bss.m_handlers
                0x20002084        0x4 _build/nrf52832_xxaa/nrf_drv_uart.c.o
 .bss.nrf_drv_uart_use_easy_dma
                0x20002088        0x1 _build/nrf52832_xxaa/nrf_drv_uart.c.o
                0x20002088                nrf_drv_uart_use_easy_dma
 *fill*         0x20002089        0x3 
 .bss.m_clock_cb
                0x2000208c        0x8 _build/nrf52832_xxaa/nrfx_clock.c.o
 *fill*         0x20002094        0x4 
 .bss.m_cb      0x20002098       0x5c _build/nrf52832_xxaa/nrfx_gpiote.c.o
 .bss.m_prs_box_4
                0x200020f4        0x8 _build/nrf52832_xxaa/nrfx_prs.c.o
 *fill*         0x200020fc        0x4 
 .bss.m_cb      0x20002100       0x2c _build/nrf52832_xxaa/nrfx_uart.c.o
 *fill*         0x2000212c        0x4 
 .bss.m_cb      0x20002130       0x24 _build/nrf52832_xxaa/nrfx_uarte.c.o
 .bss.current_long_push_pin_no.1
                0x20002154        0x1 _build/nrf52832_xxaa/bsp.c.o
 .bss.m_alert_on
                0x20002155        0x1 _build/nrf52832_xxaa/bsp.c.o
 *fill*         0x20002156        0x2 
 .bss.m_bsp_alert_tmr_data
                0x20002158       0x20 _build/nrf52832_xxaa/bsp.c.o
 .bss.m_bsp_button_tmr_data
                0x20002178       0x20 _build/nrf52832_xxaa/bsp.c.o
 .bss.m_bsp_leds_tmr_data
                0x20002198       0x20 _build/nrf52832_xxaa/bsp.c.o
 .bss.m_events_list
                0x200021b8        0xc _build/nrf52832_xxaa/bsp.c.o
 .bss.m_indication_type
                0x200021c4        0x4 _build/nrf52832_xxaa/bsp.c.o
 .bss.m_leds_clear
                0x200021c8        0x1 _build/nrf52832_xxaa/bsp.c.o
 *fill*         0x200021c9        0x3 
 .bss.m_registered_callback
                0x200021cc        0x4 _build/nrf52832_xxaa/bsp.c.o
 .bss.m_stable_state
                0x200021d0        0x1 _build/nrf52832_xxaa/bsp.c.o
 *fill*         0x200021d1        0x3 
 .bss.release_event_at_push.0
                0x200021d4        0x4 _build/nrf52832_xxaa/bsp.c.o
 .bss.m_adv_params
                0x200021d8       0x18 _build/nrf52832_xxaa/main.c.o
 .bss.m_enc_advdata
                0x200021f0       0x1f _build/nrf52832_xxaa/main.c.o
 .bss.m_nrf_sdh_continue
                0x2000220f        0x1 _build/nrf52832_xxaa/nrf_sdh.c.o
 .bss.m_nrf_sdh_enabled
                0x20002210        0x1 _build/nrf52832_xxaa/nrf_sdh.c.o
 .bss.m_nrf_sdh_suspended
                0x20002211        0x1 _build/nrf52832_xxaa/nrf_sdh.c.o
 .bss.m_stack_is_enabled
                0x20002212        0x1 _build/nrf52832_xxaa/nrf_sdh_ble.c.o
 *(COMMON)
                0x20002214                . = ALIGN (0x4)
 *fill*         0x20002213        0x1 
                0x20002214                __bss_end__ = .

.heap           0x20002218     0x2000
                0x20002218                __HeapBase = .
                0x20002218                __end__ = .
                [!provide]                PROVIDE (end = .)
 *(.heap*)
 .heap          0x20002218     0x2000 _build/nrf52832_xxaa/gcc_startup_nrf52.S.o
                0x20004218                __HeapLimit = .

.stack_dummy    0x20002218     0x2000
 *(.stack*)
 .stack         0x20002218     0x2000 _build/nrf52832_xxaa/gcc_startup_nrf52.S.o
                0x20010000                __StackTop = (ORIGIN (RAM) + LENGTH (RAM))
                0x2000e000                __StackLimit = (__StackTop - SIZEOF (.stack_dummy))
                0x20010000                PROVIDE (__stack = __StackTop)
                0x00000001                ASSERT ((__StackLimit >= __HeapLimit), region RAM overflowed with stack)
                0x000000c0                DataInitFlashUsed = (__bss_start__ - __data_start__)
                0x00006294                CodeFlashUsed = (__etext - ORIGIN (FLASH))
                0x00006354                TotalFlashUsed = (CodeFlashUsed + DataInitFlashUsed)
                0x00000001                ASSERT ((TotalFlashUsed <= LENGTH (FLASH)), region FLASH overflowed with .data and user data)
OUTPUT(_build/nrf52832_xxaa.out elf32-littlearm)
LOAD linker stubs

.ARM.attributes
                0x00000000       0x30
 .ARM.attributes
                0x00000000       0x1e c:/users/lucan/documents/projects/sdk/gcc-arm-none-eabi-10-2020-q4-major/bin/../lib/gcc/arm-none-eabi/10.2.1/thumb/v7e-m+fp/hard/crti.o
 .ARM.attributes
                0x0000001e       0x34 c:/users/lucan/documents/projects/sdk/gcc-arm-none-eabi-10-2020-q4-major/bin/../lib/gcc/arm-none-eabi/10.2.1/thumb/v7e-m+fp/hard/crtbegin.o
 .ARM.attributes
                0x00000052       0x1c c:/users/lucan/documents/projects/sdk/gcc-arm-none-eabi-10-2020-q4-major/bin/../lib/gcc/arm-none-eabi/10.2.1/../../../../arm-none-eabi/lib/thumb/v7e-m+fp/hard/crt0.o
 .ARM.attributes
                0x0000006e       0x20 _build/nrf52832_xxaa/gcc_startup_nrf52.S.o
 .ARM.attributes
                0x0000008e       0x34 _build/nrf52832_xxaa/nrf_log_backend_serial.c.o
 .ARM.attributes
                0x000000c2       0x34 _build/nrf52832_xxaa/nrf_log_backend_uart.c.o
 .ARM.attributes
                0x000000f6       0x34 _build/nrf52832_xxaa/nrf_log_default_backends.c.o
 .ARM.attributes
                0x0000012a       0x34 _build/nrf52832_xxaa/nrf_log_frontend.c.o
 .ARM.attributes
                0x0000015e       0x34 _build/nrf52832_xxaa/nrf_log_str_formatter.c.o
 .ARM.attributes
                0x00000192       0x34 _build/nrf52832_xxaa/app_button.c.o
 .ARM.attributes
                0x000001c6       0x34 _build/nrf52832_xxaa/app_error.c.o
 .ARM.attributes
                0x000001fa       0x34 _build/nrf52832_xxaa/app_error_weak.c.o
 .ARM.attributes
                0x0000022e       0x34 _build/nrf52832_xxaa/app_timer2.c.o
 .ARM.attributes
                0x00000262       0x34 _build/nrf52832_xxaa/app_util_platform.c.o
 .ARM.attributes
                0x00000296       0x34 _build/nrf52832_xxaa/drv_rtc.c.o
 .ARM.attributes
                0x000002ca       0x34 _build/nrf52832_xxaa/nrf_atfifo.c.o
 .ARM.attributes
                0x000002fe       0x34 _build/nrf52832_xxaa/nrf_atomic.c.o
 .ARM.attributes
                0x00000332       0x34 _build/nrf52832_xxaa/nrf_balloc.c.o
 .ARM.attributes
                0x00000366       0x34 _build/nrf52832_xxaa/nrf_fprintf.c.o
 .ARM.attributes
                0x0000039a       0x34 _build/nrf52832_xxaa/nrf_fprintf_format.c.o
 .ARM.attributes
                0x000003ce       0x34 _build/nrf52832_xxaa/nrf_memobj.c.o
 .ARM.attributes
                0x00000402       0x34 _build/nrf52832_xxaa/nrf_pwr_mgmt.c.o
 .ARM.attributes
                0x00000436       0x34 _build/nrf52832_xxaa/nrf_ringbuf.c.o
 .ARM.attributes
                0x0000046a       0x34 _build/nrf52832_xxaa/nrf_section_iter.c.o
 .ARM.attributes
                0x0000049e       0x34 _build/nrf52832_xxaa/nrf_sortlist.c.o
 .ARM.attributes
                0x000004d2       0x34 _build/nrf52832_xxaa/nrf_strerror.c.o
 .ARM.attributes
                0x00000506       0x34 _build/nrf52832_xxaa/system_nrf52.c.o
 .ARM.attributes
                0x0000053a       0x34 _build/nrf52832_xxaa/boards.c.o
 .ARM.attributes
                0x0000056e       0x34 _build/nrf52832_xxaa/nrf_drv_clock.c.o
 .ARM.attributes
                0x000005a2       0x34 _build/nrf52832_xxaa/nrf_drv_uart.c.o
 .ARM.attributes
                0x000005d6       0x34 _build/nrf52832_xxaa/nrfx_clock.c.o
 .ARM.attributes
                0x0000060a       0x34 _build/nrf52832_xxaa/nrfx_gpiote.c.o
 .ARM.attributes
                0x0000063e       0x34 _build/nrf52832_xxaa/nrfx_prs.c.o
 .ARM.attributes
                0x00000672       0x34 _build/nrf52832_xxaa/nrfx_uart.c.o
 .ARM.attributes
                0x000006a6       0x34 _build/nrf52832_xxaa/nrfx_uarte.c.o
 .ARM.attributes
                0x000006da       0x34 _build/nrf52832_xxaa/bsp.c.o
 .ARM.attributes
                0x0000070e       0x34 _build/nrf52832_xxaa/main.c.o
 .ARM.attributes
                0x00000742       0x34 _build/nrf52832_xxaa/ble_advdata.c.o
 .ARM.attributes
                0x00000776       0x34 _build/nrf52832_xxaa/nrf_sdh.c.o
 .ARM.attributes
                0x000007aa       0x34 _build/nrf52832_xxaa/nrf_sdh_ble.c.o
 .ARM.attributes
                0x000007de       0x34 _build/nrf52832_xxaa/nrf_sdh_soc.c.o
 .ARM.attributes
                0x00000812       0x32 c:/users/lucan/documents/projects/sdk/gcc-arm-none-eabi-10-2020-q4-major/bin/../lib/gcc/arm-none-eabi/10.2.1/../../../../arm-none-eabi/lib/thumb/v7e-m+fp/hard\libc_nano.a(lib_a-ctype_.o)
 .ARM.attributes
                0x00000844       0x34 c:/users/lucan/documents/projects/sdk/gcc-arm-none-eabi-10-2020-q4-major/bin/../lib/gcc/arm-none-eabi/10.2.1/../../../../arm-none-eabi/lib/thumb/v7e-m+fp/hard\libc_nano.a(lib_a-exit.o)
 .ARM.attributes
                0x00000878       0x32 c:/users/lucan/documents/projects/sdk/gcc-arm-none-eabi-10-2020-q4-major/bin/../lib/gcc/arm-none-eabi/10.2.1/../../../../arm-none-eabi/lib/thumb/v7e-m+fp/hard\libc_nano.a(lib_a-impure.o)
 .ARM.attributes
                0x000008aa       0x34 c:/users/lucan/documents/projects/sdk/gcc-arm-none-eabi-10-2020-q4-major/bin/../lib/gcc/arm-none-eabi/10.2.1/../../../../arm-none-eabi/lib/thumb/v7e-m+fp/hard\libc_nano.a(lib_a-init.o)
 .ARM.attributes
                0x000008de       0x34 c:/users/lucan/documents/projects/sdk/gcc-arm-none-eabi-10-2020-q4-major/bin/../lib/gcc/arm-none-eabi/10.2.1/../../../../arm-none-eabi/lib/thumb/v7e-m+fp/hard\libc_nano.a(lib_a-memcpy-stub.o)
 .ARM.attributes
                0x00000912       0x34 c:/users/lucan/documents/projects/sdk/gcc-arm-none-eabi-10-2020-q4-major/bin/../lib/gcc/arm-none-eabi/10.2.1/../../../../arm-none-eabi/lib/thumb/v7e-m+fp/hard\libc_nano.a(lib_a-memset.o)
 .ARM.attributes
                0x00000946       0x17 c:/users/lucan/documents/projects/sdk/gcc-arm-none-eabi-10-2020-q4-major/bin/../lib/gcc/arm-none-eabi/10.2.1/../../../../arm-none-eabi/lib/thumb/v7e-m+fp/hard\libc_nano.a(lib_a-strlen.o)
 .ARM.attributes
                0x0000095d       0x34 c:/users/lucan/documents/projects/sdk/gcc-arm-none-eabi-10-2020-q4-major/bin/../lib/gcc/arm-none-eabi/10.2.1/../../../../arm-none-eabi/lib/thumb/v7e-m+fp/hard\libnosys.a(_exit.o)
 .ARM.attributes
                0x00000991       0x1e c:/users/lucan/documents/projects/sdk/gcc-arm-none-eabi-10-2020-q4-major/bin/../lib/gcc/arm-none-eabi/10.2.1/thumb/v7e-m+fp/hard\libgcc.a(_aeabi_uldivmod.o)
 .ARM.attributes
                0x000009af       0x34 c:/users/lucan/documents/projects/sdk/gcc-arm-none-eabi-10-2020-q4-major/bin/../lib/gcc/arm-none-eabi/10.2.1/thumb/v7e-m+fp/hard\libgcc.a(_udivmoddi4.o)
 .ARM.attributes
                0x000009e3       0x1e c:/users/lucan/documents/projects/sdk/gcc-arm-none-eabi-10-2020-q4-major/bin/../lib/gcc/arm-none-eabi/10.2.1/thumb/v7e-m+fp/hard\libgcc.a(_dvmd_tls.o)
 .ARM.attributes
                0x00000a01       0x32 c:/users/lucan/documents/projects/sdk/gcc-arm-none-eabi-10-2020-q4-major/bin/../lib/gcc/arm-none-eabi/10.2.1/thumb/v7e-m+fp/hard/crtend.o
 .ARM.attributes
                0x00000a33       0x1e c:/users/lucan/documents/projects/sdk/gcc-arm-none-eabi-10-2020-q4-major/bin/../lib/gcc/arm-none-eabi/10.2.1/thumb/v7e-m+fp/hard/crtn.o

.comment        0x00000000       0x4d
 .comment       0x00000000       0x4d _build/nrf52832_xxaa/nrf_log_backend_serial.c.o
                                 0x4e (size before relaxing)
 .comment       0x0000004d       0x4e _build/nrf52832_xxaa/nrf_log_backend_uart.c.o
 .comment       0x0000004d       0x4e _build/nrf52832_xxaa/nrf_log_default_backends.c.o
 .comment       0x0000004d       0x4e _build/nrf52832_xxaa/nrf_log_frontend.c.o
 .comment       0x0000004d       0x4e _build/nrf52832_xxaa/nrf_log_str_formatter.c.o
 .comment       0x0000004d       0x4e _build/nrf52832_xxaa/app_button.c.o
 .comment       0x0000004d       0x4e _build/nrf52832_xxaa/app_error.c.o
 .comment       0x0000004d       0x4e _build/nrf52832_xxaa/app_error_weak.c.o
 .comment       0x0000004d       0x4e _build/nrf52832_xxaa/app_timer2.c.o
 .comment       0x0000004d       0x4e _build/nrf52832_xxaa/app_util_platform.c.o
 .comment       0x0000004d       0x4e _build/nrf52832_xxaa/drv_rtc.c.o
 .comment       0x0000004d       0x4e _build/nrf52832_xxaa/nrf_atfifo.c.o
 .comment       0x0000004d       0x4e _build/nrf52832_xxaa/nrf_atomic.c.o
 .comment       0x0000004d       0x4e _build/nrf52832_xxaa/nrf_balloc.c.o
 .comment       0x0000004d       0x4e _build/nrf52832_xxaa/nrf_fprintf.c.o
 .comment       0x0000004d       0x4e _build/nrf52832_xxaa/nrf_fprintf_format.c.o
 .comment       0x0000004d       0x4e _build/nrf52832_xxaa/nrf_memobj.c.o
 .comment       0x0000004d       0x4e _build/nrf52832_xxaa/nrf_pwr_mgmt.c.o
 .comment       0x0000004d       0x4e _build/nrf52832_xxaa/nrf_ringbuf.c.o
 .comment       0x0000004d       0x4e _build/nrf52832_xxaa/nrf_section_iter.c.o
 .comment       0x0000004d       0x4e _build/nrf52832_xxaa/nrf_sortlist.c.o
 .comment       0x0000004d       0x4e _build/nrf52832_xxaa/nrf_strerror.c.o
 .comment       0x0000004d       0x4e _build/nrf52832_xxaa/system_nrf52.c.o
 .comment       0x0000004d       0x4e _build/nrf52832_xxaa/boards.c.o
 .comment       0x0000004d       0x4e _build/nrf52832_xxaa/nrf_drv_clock.c.o
 .comment       0x0000004d       0x4e _build/nrf52832_xxaa/nrf_drv_uart.c.o
 .comment       0x0000004d       0x4e _build/nrf52832_xxaa/nrfx_clock.c.o
 .comment       0x0000004d       0x4e _build/nrf52832_xxaa/nrfx_gpiote.c.o
 .comment       0x0000004d       0x4e _build/nrf52832_xxaa/nrfx_prs.c.o
 .comment       0x0000004d       0x4e _build/nrf52832_xxaa/nrfx_uart.c.o
 .comment       0x0000004d       0x4e _build/nrf52832_xxaa/nrfx_uarte.c.o
 .comment       0x0000004d       0x4e _build/nrf52832_xxaa/bsp.c.o
 .comment       0x0000004d       0x4e _build/nrf52832_xxaa/main.c.o
 .comment       0x0000004d       0x4e _build/nrf52832_xxaa/ble_advdata.c.o
 .comment       0x0000004d       0x4e _build/nrf52832_xxaa/nrf_sdh.c.o
 .comment       0x0000004d       0x4e _build/nrf52832_xxaa/nrf_sdh_ble.c.o
 .comment       0x0000004d       0x4e _build/nrf52832_xxaa/nrf_sdh_soc.c.o

.debug_line     0x00000000    0x23314
 .debug_line    0x00000000       0x86 _build/nrf52832_xxaa/gcc_startup_nrf52.S.o
 .debug_line    0x00000086      0x95a _build/nrf52832_xxaa/nrf_log_backend_serial.c.o
 .debug_line    0x000009e0      0xc8d _build/nrf52832_xxaa/nrf_log_backend_uart.c.o
 .debug_line    0x0000166d      0x84b _build/nrf52832_xxaa/nrf_log_default_backends.c.o
 .debug_line    0x00001eb8     0x2b8b _build/nrf52832_xxaa/nrf_log_frontend.c.o
 .debug_line    0x00004a43      0xab0 _build/nrf52832_xxaa/nrf_log_str_formatter.c.o
 .debug_line    0x000054f3     0x1396 _build/nrf52832_xxaa/app_button.c.o
 .debug_line    0x00006889      0x5fc _build/nrf52832_xxaa/app_error.c.o
 .debug_line    0x00006e85      0x94f _build/nrf52832_xxaa/app_error_weak.c.o
 .debug_line    0x000077d4     0x128e _build/nrf52832_xxaa/app_timer2.c.o
 .debug_line    0x00008a62      0x840 _build/nrf52832_xxaa/app_util_platform.c.o
 .debug_line    0x000092a2     0x15ab _build/nrf52832_xxaa/drv_rtc.c.o
 .debug_line    0x0000a84d      0xb18 _build/nrf52832_xxaa/nrf_atfifo.c.o
 .debug_line    0x0000b365      0x954 _build/nrf52832_xxaa/nrf_atomic.c.o
 .debug_line    0x0000bcb9      0x994 _build/nrf52832_xxaa/nrf_balloc.c.o
 .debug_line    0x0000c64d      0x622 _build/nrf52832_xxaa/nrf_fprintf.c.o
 .debug_line    0x0000cc6f     0x107e _build/nrf52832_xxaa/nrf_fprintf_format.c.o
 .debug_line    0x0000dced      0xc47 _build/nrf52832_xxaa/nrf_memobj.c.o
 .debug_line    0x0000e934      0xf45 _build/nrf52832_xxaa/nrf_pwr_mgmt.c.o
 .debug_line    0x0000f879      0xa94 _build/nrf52832_xxaa/nrf_ringbuf.c.o
 .debug_line    0x0001030d      0x638 _build/nrf52832_xxaa/nrf_section_iter.c.o
 .debug_line    0x00010945      0x826 _build/nrf52832_xxaa/nrf_sortlist.c.o
 .debug_line    0x0001116b      0x674 _build/nrf52832_xxaa/nrf_strerror.c.o
 .debug_line    0x000117df      0x9c0 _build/nrf52832_xxaa/system_nrf52.c.o
 .debug_line    0x0001219f     0x114e _build/nrf52832_xxaa/boards.c.o
 .debug_line    0x000132ed     0x12fb _build/nrf52832_xxaa/nrf_drv_clock.c.o
 .debug_line    0x000145e8      0x907 _build/nrf52832_xxaa/nrf_drv_uart.c.o
 .debug_line    0x00014eef     0x11a0 _build/nrf52832_xxaa/nrfx_clock.c.o
 .debug_line    0x0001608f     0x2e46 _build/nrf52832_xxaa/nrfx_gpiote.c.o
 .debug_line    0x00018ed5      0xa21 _build/nrf52832_xxaa/nrfx_prs.c.o
 .debug_line    0x000198f6     0x1ee3 _build/nrf52832_xxaa/nrfx_uart.c.o
 .debug_line    0x0001b7d9     0x1e3f _build/nrf52832_xxaa/nrfx_uarte.c.o
 .debug_line    0x0001d618     0x12f6 _build/nrf52832_xxaa/bsp.c.o
 .debug_line    0x0001e90e      0xf1a _build/nrf52832_xxaa/main.c.o
 .debug_line    0x0001f828     0x14fa _build/nrf52832_xxaa/ble_advdata.c.o
 .debug_line    0x00020d22     0x1142 _build/nrf52832_xxaa/nrf_sdh.c.o
 .debug_line    0x00021e64      0xc1c _build/nrf52832_xxaa/nrf_sdh_ble.c.o
 .debug_line    0x00022a80      0x894 _build/nrf52832_xxaa/nrf_sdh_soc.c.o

.debug_info     0x00000000    0x2b96c
 .debug_info    0x00000000       0x26 _build/nrf52832_xxaa/gcc_startup_nrf52.S.o
 .debug_info    0x00000026      0x7cf _build/nrf52832_xxaa/nrf_log_backend_serial.c.o
 .debug_info    0x000007f5     0x11c6 _build/nrf52832_xxaa/nrf_log_backend_uart.c.o
 .debug_info    0x000019bb      0x303 _build/nrf52832_xxaa/nrf_log_default_backends.c.o
 .debug_info    0x00001cbe     0x3c0d _build/nrf52832_xxaa/nrf_log_frontend.c.o
 .debug_info    0x000058cb      0x865 _build/nrf52832_xxaa/nrf_log_str_formatter.c.o
 .debug_info    0x00006130     0x1364 _build/nrf52832_xxaa/app_button.c.o
 .debug_info    0x00007494      0x2c3 _build/nrf52832_xxaa/app_error.c.o
 .debug_info    0x00007757      0x4b9 _build/nrf52832_xxaa/app_error_weak.c.o
 .debug_info    0x00007c10     0x17f3 _build/nrf52832_xxaa/app_timer2.c.o
 .debug_info    0x00009403      0xa44 _build/nrf52832_xxaa/app_util_platform.c.o
 .debug_info    0x00009e47     0x21a6 _build/nrf52832_xxaa/drv_rtc.c.o
 .debug_info    0x0000bfed      0xb5d _build/nrf52832_xxaa/nrf_atfifo.c.o
 .debug_info    0x0000cb4a      0xae3 _build/nrf52832_xxaa/nrf_atomic.c.o
 .debug_info    0x0000d62d      0x3e8 _build/nrf52832_xxaa/nrf_balloc.c.o
 .debug_info    0x0000da15      0x24b _build/nrf52832_xxaa/nrf_fprintf.c.o
 .debug_info    0x0000dc60      0xc73 _build/nrf52832_xxaa/nrf_fprintf_format.c.o
 .debug_info    0x0000e8d3      0xb78 _build/nrf52832_xxaa/nrf_memobj.c.o
 .debug_info    0x0000f44b     0x1284 _build/nrf52832_xxaa/nrf_pwr_mgmt.c.o
 .debug_info    0x000106cf      0x638 _build/nrf52832_xxaa/nrf_ringbuf.c.o
 .debug_info    0x00010d07      0x1aa _build/nrf52832_xxaa/nrf_section_iter.c.o
 .debug_info    0x00010eb1      0x3c3 _build/nrf52832_xxaa/nrf_sortlist.c.o
 .debug_info    0x00011274      0x280 _build/nrf52832_xxaa/nrf_strerror.c.o
 .debug_info    0x000114f4     0x150a _build/nrf52832_xxaa/system_nrf52.c.o
 .debug_info    0x000129fe      0xddc _build/nrf52832_xxaa/boards.c.o
 .debug_info    0x000137da     0x1837 _build/nrf52832_xxaa/nrf_drv_clock.c.o
 .debug_info    0x00015011     0x11ab _build/nrf52832_xxaa/nrf_drv_uart.c.o
 .debug_info    0x000161bc     0x160f _build/nrf52832_xxaa/nrfx_clock.c.o
 .debug_info    0x000177cb     0x3a61 _build/nrf52832_xxaa/nrfx_gpiote.c.o
 .debug_info    0x0001b22c      0x806 _build/nrf52832_xxaa/nrfx_prs.c.o
 .debug_info    0x0001ba32     0x377a _build/nrf52832_xxaa/nrfx_uart.c.o
 .debug_info    0x0001f1ac     0x370d _build/nrf52832_xxaa/nrfx_uarte.c.o
 .debug_info    0x000228b9     0x1594 _build/nrf52832_xxaa/bsp.c.o
 .debug_info    0x00023e4d     0x1100 _build/nrf52832_xxaa/main.c.o
 .debug_info    0x00024f4d     0x206e _build/nrf52832_xxaa/ble_advdata.c.o
 .debug_info    0x00026fbb     0x1843 _build/nrf52832_xxaa/nrf_sdh.c.o
 .debug_info    0x000287fe     0x2b91 _build/nrf52832_xxaa/nrf_sdh_ble.c.o
 .debug_info    0x0002b38f      0x5dd _build/nrf52832_xxaa/nrf_sdh_soc.c.o

.debug_abbrev   0x00000000     0x71f8
 .debug_abbrev  0x00000000       0x14 _build/nrf52832_xxaa/gcc_startup_nrf52.S.o
 .debug_abbrev  0x00000014      0x202 _build/nrf52832_xxaa/nrf_log_backend_serial.c.o
 .debug_abbrev  0x00000216      0x38d _build/nrf52832_xxaa/nrf_log_backend_uart.c.o
 .debug_abbrev  0x000005a3      0x190 _build/nrf52832_xxaa/nrf_log_default_backends.c.o
 .debug_abbrev  0x00000733      0x5d2 _build/nrf52832_xxaa/nrf_log_frontend.c.o
 .debug_abbrev  0x00000d05      0x21a _build/nrf52832_xxaa/nrf_log_str_formatter.c.o
 .debug_abbrev  0x00000f1f      0x364 _build/nrf52832_xxaa/app_button.c.o
 .debug_abbrev  0x00001283      0x13b _build/nrf52832_xxaa/app_error.c.o
 .debug_abbrev  0x000013be      0x218 _build/nrf52832_xxaa/app_error_weak.c.o
 .debug_abbrev  0x000015d6      0x4dd _build/nrf52832_xxaa/app_timer2.c.o
 .debug_abbrev  0x00001ab3      0x2f8 _build/nrf52832_xxaa/app_util_platform.c.o
 .debug_abbrev  0x00001dab      0x524 _build/nrf52832_xxaa/drv_rtc.c.o
 .debug_abbrev  0x000022cf      0x287 _build/nrf52832_xxaa/nrf_atfifo.c.o
 .debug_abbrev  0x00002556      0x205 _build/nrf52832_xxaa/nrf_atomic.c.o
 .debug_abbrev  0x0000275b      0x201 _build/nrf52832_xxaa/nrf_balloc.c.o
 .debug_abbrev  0x0000295c      0x143 _build/nrf52832_xxaa/nrf_fprintf.c.o
 .debug_abbrev  0x00002a9f      0x2d2 _build/nrf52832_xxaa/nrf_fprintf_format.c.o
 .debug_abbrev  0x00002d71      0x285 _build/nrf52832_xxaa/nrf_memobj.c.o
 .debug_abbrev  0x00002ff6      0x462 _build/nrf52832_xxaa/nrf_pwr_mgmt.c.o
 .debug_abbrev  0x00003458      0x166 _build/nrf52832_xxaa/nrf_ringbuf.c.o
 .debug_abbrev  0x000035be       0xba _build/nrf52832_xxaa/nrf_section_iter.c.o
 .debug_abbrev  0x00003678      0x167 _build/nrf52832_xxaa/nrf_sortlist.c.o
 .debug_abbrev  0x000037df      0x15b _build/nrf52832_xxaa/nrf_strerror.c.o
 .debug_abbrev  0x0000393a      0x259 _build/nrf52832_xxaa/system_nrf52.c.o
 .debug_abbrev  0x00003b93      0x2df _build/nrf52832_xxaa/boards.c.o
 .debug_abbrev  0x00003e72      0x521 _build/nrf52832_xxaa/nrf_drv_clock.c.o
 .debug_abbrev  0x00004393      0x22a _build/nrf52832_xxaa/nrf_drv_uart.c.o
 .debug_abbrev  0x000045bd      0x495 _build/nrf52832_xxaa/nrfx_clock.c.o
 .debug_abbrev  0x00004a52      0x52c _build/nrf52832_xxaa/nrfx_gpiote.c.o
 .debug_abbrev  0x00004f7e      0x282 _build/nrf52832_xxaa/nrfx_prs.c.o
 .debug_abbrev  0x00005200      0x4f2 _build/nrf52832_xxaa/nrfx_uart.c.o
 .debug_abbrev  0x000056f2      0x4b5 _build/nrf52832_xxaa/nrfx_uarte.c.o
 .debug_abbrev  0x00005ba7      0x458 _build/nrf52832_xxaa/bsp.c.o
 .debug_abbrev  0x00005fff      0x2ff _build/nrf52832_xxaa/main.c.o
 .debug_abbrev  0x000062fe      0x3cd _build/nrf52832_xxaa/ble_advdata.c.o
 .debug_abbrev  0x000066cb      0x4d1 _build/nrf52832_xxaa/nrf_sdh.c.o
 .debug_abbrev  0x00006b9c      0x45c _build/nrf52832_xxaa/nrf_sdh_ble.c.o
 .debug_abbrev  0x00006ff8      0x200 _build/nrf52832_xxaa/nrf_sdh_soc.c.o

.debug_aranges  0x00000000      0xca8
 .debug_aranges
                0x00000000       0x20 _build/nrf52832_xxaa/gcc_startup_nrf52.S.o
 .debug_aranges
                0x00000020       0x20 _build/nrf52832_xxaa/nrf_log_backend_serial.c.o
 .debug_aranges
                0x00000040       0x48 _build/nrf52832_xxaa/nrf_log_backend_uart.c.o
 .debug_aranges
                0x00000088       0x20 _build/nrf52832_xxaa/nrf_log_default_backends.c.o
 .debug_aranges
                0x000000a8       0xb8 _build/nrf52832_xxaa/nrf_log_frontend.c.o
 .debug_aranges
                0x00000160       0x38 _build/nrf52832_xxaa/nrf_log_str_formatter.c.o
 .debug_aranges
                0x00000198       0x50 _build/nrf52832_xxaa/app_button.c.o
 .debug_aranges
                0x000001e8       0x28 _build/nrf52832_xxaa/app_error.c.o
 .debug_aranges
                0x00000210       0x20 _build/nrf52832_xxaa/app_error_weak.c.o
 .debug_aranges
                0x00000230       0x70 _build/nrf52832_xxaa/app_timer2.c.o
 .debug_aranges
                0x000002a0       0x48 _build/nrf52832_xxaa/app_util_platform.c.o
 .debug_aranges
                0x000002e8       0xb0 _build/nrf52832_xxaa/drv_rtc.c.o
 .debug_aranges
                0x00000398       0x58 _build/nrf52832_xxaa/nrf_atfifo.c.o
 .debug_aranges
                0x000003f0       0xb0 _build/nrf52832_xxaa/nrf_atomic.c.o
 .debug_aranges
                0x000004a0       0x30 _build/nrf52832_xxaa/nrf_balloc.c.o
 .debug_aranges
                0x000004d0       0x28 _build/nrf52832_xxaa/nrf_fprintf.c.o
 .debug_aranges
                0x000004f8       0x28 _build/nrf52832_xxaa/nrf_fprintf_format.c.o
 .debug_aranges
                0x00000520       0x50 _build/nrf52832_xxaa/nrf_memobj.c.o
 .debug_aranges
                0x00000570       0x48 _build/nrf52832_xxaa/nrf_pwr_mgmt.c.o
 .debug_aranges
                0x000005b8       0x50 _build/nrf52832_xxaa/nrf_ringbuf.c.o
 .debug_aranges
                0x00000608       0x28 _build/nrf52832_xxaa/nrf_section_iter.c.o
 .debug_aranges
                0x00000630       0x40 _build/nrf52832_xxaa/nrf_sortlist.c.o
 .debug_aranges
                0x00000670       0x28 _build/nrf52832_xxaa/nrf_strerror.c.o
 .debug_aranges
                0x00000698       0x28 _build/nrf52832_xxaa/system_nrf52.c.o
 .debug_aranges
                0x000006c0       0x78 _build/nrf52832_xxaa/boards.c.o
 .debug_aranges
                0x00000738       0xa8 _build/nrf52832_xxaa/nrf_drv_clock.c.o
 .debug_aranges
                0x000007e0       0x30 _build/nrf52832_xxaa/nrf_drv_uart.c.o
 .debug_aranges
                0x00000810       0x78 _build/nrf52832_xxaa/nrfx_clock.c.o
 .debug_aranges
                0x00000888       0xf8 _build/nrf52832_xxaa/nrfx_gpiote.c.o
 .debug_aranges
                0x00000980       0x30 _build/nrf52832_xxaa/nrfx_prs.c.o
 .debug_aranges
                0x000009b0       0x78 _build/nrf52832_xxaa/nrfx_uart.c.o
 .debug_aranges
                0x00000a28       0x68 _build/nrf52832_xxaa/nrfx_uarte.c.o
 .debug_aranges
                0x00000a90       0x80 _build/nrf52832_xxaa/bsp.c.o
 .debug_aranges
                0x00000b10       0x38 _build/nrf52832_xxaa/main.c.o
 .debug_aranges
                0x00000b48       0x78 _build/nrf52832_xxaa/ble_advdata.c.o
 .debug_aranges
                0x00000bc0       0x70 _build/nrf52832_xxaa/nrf_sdh.c.o
 .debug_aranges
                0x00000c30       0x50 _build/nrf52832_xxaa/nrf_sdh_ble.c.o
 .debug_aranges
                0x00000c80       0x28 _build/nrf52832_xxaa/nrf_sdh_soc.c.o

.debug_str      0x00000000    0x95e87
 .debug_str     0x00000000       0xbf _build/nrf52832_xxaa/gcc_startup_nrf52.S.o
 .debug_str     0x000000bf    0x75232 _build/nrf52832_xxaa/nrf_log_backend_serial.c.o
                              0x77343 (size before relaxing)
 .debug_str     0x000752f1     0x861f _build/nrf52832_xxaa/nrf_log_backend_uart.c.o
                              0x7f38a (size before relaxing)
 .debug_str     0x0007d910      0x126 _build/nrf52832_xxaa/nrf_log_default_backends.c.o
                              0x770e5 (size before relaxing)
 .debug_str     0x0007da36     0x1496 _build/nrf52832_xxaa/nrf_log_frontend.c.o
                              0x786ed (size before relaxing)
 .debug_str     0x0007eecc      0x6a6 _build/nrf52832_xxaa/nrf_log_str_formatter.c.o
                              0x777c8 (size before relaxing)
 .debug_str     0x0007f572     0x1a4c _build/nrf52832_xxaa/app_button.c.o
                              0x7f23c (size before relaxing)
 .debug_str     0x00080fbe      0x121 _build/nrf52832_xxaa/app_error.c.o
                              0x623bf (size before relaxing)
 .debug_str     0x000810df      0xa3b _build/nrf52832_xxaa/app_error_weak.c.o
                              0x78122 (size before relaxing)
 .debug_str     0x00081b1a     0x10d0 _build/nrf52832_xxaa/app_timer2.c.o
                              0x7ef0d (size before relaxing)
 .debug_str     0x00082bea      0x2b4 _build/nrf52832_xxaa/app_util_platform.c.o
                              0x637c7 (size before relaxing)
 .debug_str     0x00082e9e      0x784 _build/nrf52832_xxaa/drv_rtc.c.o
                              0x7e8b4 (size before relaxing)
 .debug_str     0x00083622      0x15c _build/nrf52832_xxaa/nrf_atfifo.c.o
                              0x750db (size before relaxing)
 .debug_str     0x0008377e      0x6b9 _build/nrf52832_xxaa/nrf_atomic.c.o
                              0x72992 (size before relaxing)
 .debug_str     0x00083e37      0x12f _build/nrf52832_xxaa/nrf_balloc.c.o
                              0x770e5 (size before relaxing)
 .debug_str     0x00083f66      0x144 _build/nrf52832_xxaa/nrf_fprintf.c.o
                              0x725d7 (size before relaxing)
 .debug_str     0x000840aa      0x511 _build/nrf52832_xxaa/nrf_fprintf_format.c.o
                              0x72ae6 (size before relaxing)
 .debug_str     0x000845bb      0x1a5 _build/nrf52832_xxaa/nrf_memobj.c.o
                              0x75473 (size before relaxing)
 .debug_str     0x00084760     0x16a5 _build/nrf52832_xxaa/nrf_pwr_mgmt.c.o
                              0x805d1 (size before relaxing)
 .debug_str     0x00085e05       0xdc _build/nrf52832_xxaa/nrf_ringbuf.c.o
                              0x73d4a (size before relaxing)
 .debug_str     0x00085ee1       0x54 _build/nrf52832_xxaa/nrf_section_iter.c.o
                              0x727a6 (size before relaxing)
 .debug_str     0x00085f35       0xa0 _build/nrf52832_xxaa/nrf_sortlist.c.o
                              0x74db6 (size before relaxing)
 .debug_str     0x00085fd5       0xed _build/nrf52832_xxaa/nrf_strerror.c.o
                              0x72357 (size before relaxing)
 .debug_str     0x000860c2      0x417 _build/nrf52832_xxaa/system_nrf52.c.o
                              0x5e312 (size before relaxing)
 .debug_str     0x000864d9     0x148e _build/nrf52832_xxaa/boards.c.o
                              0x7bef9 (size before relaxing)
 .debug_str     0x00087967      0xebd _build/nrf52832_xxaa/nrf_drv_clock.c.o
                              0x7f3e1 (size before relaxing)
 .debug_str     0x00088824      0x45c _build/nrf52832_xxaa/nrf_drv_uart.c.o
                              0x7bdbf (size before relaxing)
 .debug_str     0x00088c80      0x827 _build/nrf52832_xxaa/nrfx_clock.c.o
                              0x7e83a (size before relaxing)
 .debug_str     0x000894a7      0xda0 _build/nrf52832_xxaa/nrfx_gpiote.c.o
                              0x7fb48 (size before relaxing)
 .debug_str     0x0008a247      0x31d _build/nrf52832_xxaa/nrfx_prs.c.o
                              0x7df33 (size before relaxing)
 .debug_str     0x0008a564      0x686 _build/nrf52832_xxaa/nrfx_uart.c.o
                              0x7f0ef (size before relaxing)
 .debug_str     0x0008abea      0x948 _build/nrf52832_xxaa/nrfx_uarte.c.o
                              0x7f576 (size before relaxing)
 .debug_str     0x0008b532      0xff0 _build/nrf52832_xxaa/bsp.c.o
                              0x7db8e (size before relaxing)
 .debug_str     0x0008c522     0x6445 _build/nrf52832_xxaa/main.c.o
                              0x873ac (size before relaxing)
 .debug_str     0x00092967     0x1842 _build/nrf52832_xxaa/ble_advdata.c.o
                              0x7982b (size before relaxing)
 .debug_str     0x000941a9      0x4d0 _build/nrf52832_xxaa/nrf_sdh.c.o
                              0x77c23 (size before relaxing)
 .debug_str     0x00094679     0x16b2 _build/nrf52832_xxaa/nrf_sdh_ble.c.o
                              0x7cc29 (size before relaxing)
 .debug_str     0x00095d2b      0x15c _build/nrf52832_xxaa/nrf_sdh_soc.c.o
                              0x76bb1 (size before relaxing)

.debug_loc      0x00000000    0x1802c
 .debug_loc     0x00000000      0x1b3 _build/nrf52832_xxaa/nrf_log_backend_serial.c.o
 .debug_loc     0x000001b3      0x334 _build/nrf52832_xxaa/nrf_log_backend_uart.c.o
 .debug_loc     0x000004e7       0x31 _build/nrf52832_xxaa/nrf_log_default_backends.c.o
 .debug_loc     0x00000518     0x4688 _build/nrf52832_xxaa/nrf_log_frontend.c.o
 .debug_loc     0x00004ba0      0x45d _build/nrf52832_xxaa/nrf_log_str_formatter.c.o
 .debug_loc     0x00004ffd      0xe6f _build/nrf52832_xxaa/app_button.c.o
 .debug_loc     0x00005e6c       0xc8 _build/nrf52832_xxaa/app_error.c.o
 .debug_loc     0x00005f34       0x6f _build/nrf52832_xxaa/app_error_weak.c.o
 .debug_loc     0x00005fa3      0x951 _build/nrf52832_xxaa/app_timer2.c.o
 .debug_loc     0x000068f4      0x1e9 _build/nrf52832_xxaa/app_util_platform.c.o
 .debug_loc     0x00006add     0x1406 _build/nrf52832_xxaa/drv_rtc.c.o
 .debug_loc     0x00007ee3      0x716 _build/nrf52832_xxaa/nrf_atfifo.c.o
 .debug_loc     0x000085f9      0x587 _build/nrf52832_xxaa/nrf_atomic.c.o
 .debug_loc     0x00008b80      0x1c3 _build/nrf52832_xxaa/nrf_balloc.c.o
 .debug_loc     0x00008d43       0x54 _build/nrf52832_xxaa/nrf_fprintf.c.o
 .debug_loc     0x00008d97     0x100f _build/nrf52832_xxaa/nrf_fprintf_format.c.o
 .debug_loc     0x00009da6      0xfa8 _build/nrf52832_xxaa/nrf_memobj.c.o
 .debug_loc     0x0000ad4e      0x137 _build/nrf52832_xxaa/nrf_pwr_mgmt.c.o
 .debug_loc     0x0000ae85      0x6c0 _build/nrf52832_xxaa/nrf_ringbuf.c.o
 .debug_loc     0x0000b545      0x173 _build/nrf52832_xxaa/nrf_sortlist.c.o
 .debug_loc     0x0000b6b8      0x221 _build/nrf52832_xxaa/nrf_strerror.c.o
 .debug_loc     0x0000b8d9      0x2c9 _build/nrf52832_xxaa/system_nrf52.c.o
 .debug_loc     0x0000bba2      0xd67 _build/nrf52832_xxaa/boards.c.o
 .debug_loc     0x0000c909      0x5a8 _build/nrf52832_xxaa/nrf_drv_clock.c.o
 .debug_loc     0x0000ceb1      0x1c9 _build/nrf52832_xxaa/nrf_drv_uart.c.o
 .debug_loc     0x0000d07a      0x3f9 _build/nrf52832_xxaa/nrfx_clock.c.o
 .debug_loc     0x0000d473     0x3371 _build/nrf52832_xxaa/nrfx_gpiote.c.o
 .debug_loc     0x000107e4      0x100 _build/nrf52832_xxaa/nrfx_prs.c.o
 .debug_loc     0x000108e4     0x1f01 _build/nrf52832_xxaa/nrfx_uart.c.o
 .debug_loc     0x000127e5     0x1fd0 _build/nrf52832_xxaa/nrfx_uarte.c.o
 .debug_loc     0x000147b5      0xde3 _build/nrf52832_xxaa/bsp.c.o
 .debug_loc     0x00015598      0x391 _build/nrf52832_xxaa/main.c.o
 .debug_loc     0x00015929     0x1ca7 _build/nrf52832_xxaa/ble_advdata.c.o
 .debug_loc     0x000175d0      0x631 _build/nrf52832_xxaa/nrf_sdh.c.o
 .debug_loc     0x00017c01      0x361 _build/nrf52832_xxaa/nrf_sdh_ble.c.o
 .debug_loc     0x00017f62       0xca _build/nrf52832_xxaa/nrf_sdh_soc.c.o

.debug_ranges   0x00000000     0x68a0
 .debug_ranges  0x00000000       0x28 _build/nrf52832_xxaa/nrf_log_backend_serial.c.o
 .debug_ranges  0x00000028      0x110 _build/nrf52832_xxaa/nrf_log_backend_uart.c.o
 .debug_ranges  0x00000138       0x10 _build/nrf52832_xxaa/nrf_log_default_backends.c.o
 .debug_ranges  0x00000148      0x988 _build/nrf52832_xxaa/nrf_log_frontend.c.o
 .debug_ranges  0x00000ad0       0xa0 _build/nrf52832_xxaa/nrf_log_str_formatter.c.o
 .debug_ranges  0x00000b70      0x5b8 _build/nrf52832_xxaa/app_button.c.o
 .debug_ranges  0x00001128       0x18 _build/nrf52832_xxaa/app_error.c.o
 .debug_ranges  0x00001140       0x28 _build/nrf52832_xxaa/app_error_weak.c.o
 .debug_ranges  0x00001168      0x280 _build/nrf52832_xxaa/app_timer2.c.o
 .debug_ranges  0x000013e8       0xe8 _build/nrf52832_xxaa/app_util_platform.c.o
 .debug_ranges  0x000014d0      0x3b0 _build/nrf52832_xxaa/drv_rtc.c.o
 .debug_ranges  0x00001880      0x1a8 _build/nrf52832_xxaa/nrf_atfifo.c.o
 .debug_ranges  0x00001a28      0x228 _build/nrf52832_xxaa/nrf_atomic.c.o
 .debug_ranges  0x00001c50       0x70 _build/nrf52832_xxaa/nrf_balloc.c.o
 .debug_ranges  0x00001cc0       0x18 _build/nrf52832_xxaa/nrf_fprintf.c.o
 .debug_ranges  0x00001cd8      0x3b8 _build/nrf52832_xxaa/nrf_fprintf_format.c.o
 .debug_ranges  0x00002090       0xb8 _build/nrf52832_xxaa/nrf_memobj.c.o
 .debug_ranges  0x00002148      0x138 _build/nrf52832_xxaa/nrf_pwr_mgmt.c.o
 .debug_ranges  0x00002280       0x40 _build/nrf52832_xxaa/nrf_ringbuf.c.o
 .debug_ranges  0x000022c0       0x18 _build/nrf52832_xxaa/nrf_section_iter.c.o
 .debug_ranges  0x000022d8       0x30 _build/nrf52832_xxaa/nrf_sortlist.c.o
 .debug_ranges  0x00002308       0xa0 _build/nrf52832_xxaa/nrf_strerror.c.o
 .debug_ranges  0x000023a8      0x100 _build/nrf52832_xxaa/system_nrf52.c.o
 .debug_ranges  0x000024a8      0x928 _build/nrf52832_xxaa/boards.c.o
 .debug_ranges  0x00002dd0      0x3b0 _build/nrf52832_xxaa/nrf_drv_clock.c.o
 .debug_ranges  0x00003180       0x20 _build/nrf52832_xxaa/nrf_drv_uart.c.o
 .debug_ranges  0x000031a0      0x300 _build/nrf52832_xxaa/nrfx_clock.c.o
 .debug_ranges  0x000034a0     0x13b0 _build/nrf52832_xxaa/nrfx_gpiote.c.o
 .debug_ranges  0x00004850       0x60 _build/nrf52832_xxaa/nrfx_prs.c.o
 .debug_ranges  0x000048b0      0x8d8 _build/nrf52832_xxaa/nrfx_uart.c.o
 .debug_ranges  0x00005188      0x840 _build/nrf52832_xxaa/nrfx_uarte.c.o
 .debug_ranges  0x000059c8      0x290 _build/nrf52832_xxaa/bsp.c.o
 .debug_ranges  0x00005c58      0x1e8 _build/nrf52832_xxaa/main.c.o
 .debug_ranges  0x00005e40      0x378 _build/nrf52832_xxaa/ble_advdata.c.o
 .debug_ranges  0x000061b8      0x570 _build/nrf52832_xxaa/nrf_sdh.c.o
 .debug_ranges  0x00006728      0x108 _build/nrf52832_xxaa/nrf_sdh_ble.c.o
 .debug_ranges  0x00006830       0x70 _build/nrf52832_xxaa/nrf_sdh_soc.c.o

.debug_macro    0x00000000     0xcb13
 .debug_macro   0x00000000      0x3b8 _build/nrf52832_xxaa/nrf_log_backend_serial.c.o
 .debug_macro   0x000003b8       0x16 _build/nrf52832_xxaa/nrf_log_backend_serial.c.o
 .debug_macro   0x000003ce       0x22 _build/nrf52832_xxaa/nrf_log_backend_serial.c.o
 .debug_macro   0x000003f0       0x46 _build/nrf52832_xxaa/nrf_log_backend_serial.c.o
 .debug_macro   0x00000436       0x88 _build/nrf52832_xxaa/nrf_log_backend_serial.c.o
 .debug_macro   0x000004be       0x3a _build/nrf52832_xxaa/nrf_log_backend_serial.c.o
 .debug_macro   0x000004f8       0x1c _build/nrf52832_xxaa/nrf_log_backend_serial.c.o
 .debug_macro   0x00000514       0x10 _build/nrf52832_xxaa/nrf_log_backend_serial.c.o
 .debug_macro   0x00000524       0xbe _build/nrf52832_xxaa/nrf_log_backend_serial.c.o
 .debug_macro   0x000005e2       0x16 _build/nrf52832_xxaa/nrf_log_backend_serial.c.o
 .debug_macro   0x000005f8      0x129 _build/nrf52832_xxaa/nrf_log_backend_serial.c.o
 .debug_macro   0x00000721       0x49 _build/nrf52832_xxaa/nrf_log_backend_serial.c.o
 .debug_macro   0x0000076a       0x8c _build/nrf52832_xxaa/nrf_log_backend_serial.c.o
 .debug_macro   0x000007f6       0x31 _build/nrf52832_xxaa/nrf_log_backend_serial.c.o
 .debug_macro   0x00000827       0x55 _build/nrf52832_xxaa/nrf_log_backend_serial.c.o
 .debug_macro   0x0000087c       0x98 _build/nrf52832_xxaa/nrf_log_backend_serial.c.o
 .debug_macro   0x00000914       0x10 _build/nrf52832_xxaa/nrf_log_backend_serial.c.o
 .debug_macro   0x00000924       0x1d _build/nrf52832_xxaa/nrf_log_backend_serial.c.o
 .debug_macro   0x00000941       0x2e _build/nrf52832_xxaa/nrf_log_backend_serial.c.o
 .debug_macro   0x0000096f       0x1c _build/nrf52832_xxaa/nrf_log_backend_serial.c.o
 .debug_macro   0x0000098b      0x185 _build/nrf52832_xxaa/nrf_log_backend_serial.c.o
 .debug_macro   0x00000b10      0x4b4 _build/nrf52832_xxaa/nrf_log_backend_uart.c.o
 .debug_macro   0x00000fc4      0x3dc _build/nrf52832_xxaa/nrf_log_backend_uart.c.o
 .debug_macro   0x000013a0       0x59 _build/nrf52832_xxaa/nrf_log_backend_uart.c.o
 .debug_macro   0x000013f9      0xe7e _build/nrf52832_xxaa/nrf_log_backend_uart.c.o