Archive member included to satisfy reference by file (symbol)

c:/users/lucan/documents/projects/nrf5_sdk_17.0.2_d674dde/gcc/gcc-arm-none-eabi-10-2020-q4-major/bin/../lib/gcc/arm-none-eabi/10.2.1/../../../../arm-none-eabi/lib/thumb/v7e-m/nofp\libc_nano.a(lib_a-ctype_.o)
                              _build/nrf52810_xxaa/nrf_log_str_formatter.c.o (_ctype_)
c:/users/lucan/documents/projects/nrf5_sdk_17.0.2_d674dde/gcc/gcc-arm-none-eabi-10-2020-q4-major/bin/../lib/gcc/arm-none-eabi/10.2.1/../../../../arm-none-eabi/lib/thumb/v7e-m/nofp\libc_nano.a(lib_a-exit.o)
                              c:/users/lucan/documents/projects/nrf5_sdk_17.0.2_d674dde/gcc/gcc-arm-none-eabi-10-2020-q4-major/bin/../lib/gcc/arm-none-eabi/10.2.1/../../../../arm-none-eabi/lib/thumb/v7e-m/nofp/crt0.o (exit)
c:/users/lucan/documents/projects/nrf5_sdk_17.0.2_d674dde/gcc/gcc-arm-none-eabi-10-2020-q4-major/bin/../lib/gcc/arm-none-eabi/10.2.1/../../../../arm-none-eabi/lib/thumb/v7e-m/nofp\libc_nano.a(lib_a-impure.o)
                              c:/users/lucan/documents/projects/nrf5_sdk_17.0.2_d674dde/gcc/gcc-arm-none-eabi-10-2020-q4-major/bin/../lib/gcc/arm-none-eabi/10.2.1/../../../../arm-none-eabi/lib/thumb/v7e-m/nofp\libc_nano.a(lib_a-exit.o) (_global_impure_ptr)
c:/users/lucan/documents/projects/nrf5_sdk_17.0.2_d674dde/gcc/gcc-arm-none-eabi-10-2020-q4-major/bin/../lib/gcc/arm-none-eabi/10.2.1/../../../../arm-none-eabi/lib/thumb/v7e-m/nofp\libc_nano.a(lib_a-init.o)
                              c:/users/lucan/documents/projects/nrf5_sdk_17.0.2_d674dde/gcc/gcc-arm-none-eabi-10-2020-q4-major/bin/../lib/gcc/arm-none-eabi/10.2.1/../../../../arm-none-eabi/lib/thumb/v7e-m/nofp/crt0.o (__libc_init_array)
c:/users/lucan/documents/projects/nrf5_sdk_17.0.2_d674dde/gcc/gcc-arm-none-eabi-10-2020-q4-major/bin/../lib/gcc/arm-none-eabi/10.2.1/../../../../arm-none-eabi/lib/thumb/v7e-m/nofp\libc_nano.a(lib_a-memcmp.o)
                              _build/nrf52810_xxaa/ble_advdata.c.o (memcmp)
c:/users/lucan/documents/projects/nrf5_sdk_17.0.2_d674dde/gcc/gcc-arm-none-eabi-10-2020-q4-major/bin/../lib/gcc/arm-none-eabi/10.2.1/../../../../arm-none-eabi/lib/thumb/v7e-m/nofp\libc_nano.a(lib_a-memcpy-stub.o)
                              _build/nrf52810_xxaa/nrf_log_frontend.c.o (memcpy)
c:/users/lucan/documents/projects/nrf5_sdk_17.0.2_d674dde/gcc/gcc-arm-none-eabi-10-2020-q4-major/bin/../lib/gcc/arm-none-eabi/10.2.1/../../../../arm-none-eabi/lib/thumb/v7e-m/nofp\libc_nano.a(lib_a-memset.o)
                              c:/users/lucan/documents/projects/nrf5_sdk_17.0.2_d674dde/gcc/gcc-arm-none-eabi-10-2020-q4-major/bin/../lib/gcc/arm-none-eabi/10.2.1/../../../../arm-none-eabi/lib/thumb/v7e-m/nofp/crt0.o (memset)
c:/users/lucan/documents/projects/nrf5_sdk_17.0.2_d674dde/gcc/gcc-arm-none-eabi-10-2020-q4-major/bin/../lib/gcc/arm-none-eabi/10.2.1/../../../../arm-none-eabi/lib/thumb/v7e-m/nofp\libc_nano.a(lib_a-strcpy.o)
                              _build/nrf52810_xxaa/SEGGER_RTT.c.o (strcpy)
c:/users/lucan/documents/projects/nrf5_sdk_17.0.2_d674dde/gcc/gcc-arm-none-eabi-10-2020-q4-major/bin/../lib/gcc/arm-none-eabi/10.2.1/../../../../arm-none-eabi/lib/thumb/v7e-m/nofp\libc_nano.a(lib_a-strlen.o)
                              _build/nrf52810_xxaa/nrf_log_frontend.c.o (strlen)
c:/users/lucan/documents/projects/nrf5_sdk_17.0.2_d674dde/gcc/gcc-arm-none-eabi-10-2020-q4-major/bin/../lib/gcc/arm-none-eabi/10.2.1/../../../../arm-none-eabi/lib/thumb/v7e-m/nofp\libnosys.a(_exit.o)
                              c:/users/lucan/documents/projects/nrf5_sdk_17.0.2_d674dde/gcc/gcc-arm-none-eabi-10-2020-q4-major/bin/../lib/gcc/arm-none-eabi/10.2.1/../../../../arm-none-eabi/lib/thumb/v7e-m/nofp\libc_nano.a(lib_a-exit.o) (_exit)
c:/users/lucan/documents/projects/nrf5_sdk_17.0.2_d674dde/gcc/gcc-arm-none-eabi-10-2020-q4-major/bin/../lib/gcc/arm-none-eabi/10.2.1/thumb/v7e-m/nofp\libgcc.a(_aeabi_ldivmod.o)
                              _build/nrf52810_xxaa/bsp.c.o (__aeabi_ldivmod)
c:/users/lucan/documents/projects/nrf5_sdk_17.0.2_d674dde/gcc/gcc-arm-none-eabi-10-2020-q4-major/bin/../lib/gcc/arm-none-eabi/10.2.1/thumb/v7e-m/nofp\libgcc.a(_aeabi_uldivmod.o)
                              _build/nrf52810_xxaa/bsp.c.o (__aeabi_uldivmod)
c:/users/lucan/documents/projects/nrf5_sdk_17.0.2_d674dde/gcc/gcc-arm-none-eabi-10-2020-q4-major/bin/../lib/gcc/arm-none-eabi/10.2.1/thumb/v7e-m/nofp\libgcc.a(_udivmoddi4.o)
                              c:/users/lucan/documents/projects/nrf5_sdk_17.0.2_d674dde/gcc/gcc-arm-none-eabi-10-2020-q4-major/bin/../lib/gcc/arm-none-eabi/10.2.1/thumb/v7e-m/nofp\libgcc.a(_aeabi_ldivmod.o) (__udivmoddi4)
c:/users/lucan/documents/projects/nrf5_sdk_17.0.2_d674dde/gcc/gcc-arm-none-eabi-10-2020-q4-major/bin/../lib/gcc/arm-none-eabi/10.2.1/thumb/v7e-m/nofp\libgcc.a(_dvmd_tls.o)
[...]
Memory Configuration

Name             Origin             Length             Attributes
FLASH            0x00019000         0x00017000         xr
RAM              0x20001118         0x00004ee8         xrw
*default*        0x00000000         0xffffffff

Linker script and memory map


.text           0x00019000     0x4fac
 *(.isr_vector)
 .isr_vector    0x00019000      0x200 _build/nrf52810_xxaa/gcc_startup_nrf52810.S.o
                0x00019000                __isr_vector
 *(.text*)
 .text          0x00019200       0x40 c:/users/lucan/documents/projects/nrf5_sdk_17.0.2_d674dde/gcc/gcc-arm-none-eabi-10-2020-q4-major/bin/../lib/gcc/arm-none-eabi/10.2.1/thumb/v7e-m/nofp/crtbegin.o
 .text          0x00019240       0x7c c:/users/lucan/documents/projects/nrf5_sdk_17.0.2_d674dde/gcc/gcc-arm-none-eabi-10-2020-q4-major/bin/../lib/gcc/arm-none-eabi/10.2.1/../../../../arm-none-eabi/lib/thumb/v7e-m/nofp/crt0.o
                0x00019240                _stack_init
                0x00019248                _start
                0x00019248                _mainCRTStartup
 .text          0x000192bc       0x68 _build/nrf52810_xxaa/gcc_startup_nrf52810.S.o
                0x000192bc                Reset_Handler
                0x00019310                NMI_Handler
                0x00019312                HardFault_Handler
                0x00019314                MemoryManagement_Handler
                0x00019316                BusFault_Handler
                0x00019318                UsageFault_Handler
                0x0001931a                SVC_Handler
                0x0001931c                DebugMon_Handler
                0x0001931e                PendSV_Handler
                0x00019320                SysTick_Handler
                0x00019322                PDM_IRQHandler
                0x00019322                QDEC_IRQHandler
                0x00019322                RADIO_IRQHandler
                0x00019322                SWI5_IRQHandler
                0x00019322                TEMP_IRQHandler
                0x00019322                SWI4_IRQHandler
                0x00019322                RTC0_IRQHandler
                0x00019322                TIMER1_IRQHandler
                0x00019322                ECB_IRQHandler
                0x00019322                Default_Handler
                0x00019322                SWI3_IRQHandler
                0x00019322                SPIM0_SPIS0_SPI0_IRQHandler
                0x00019322                SAADC_IRQHandler
                0x00019322                CCM_AAR_IRQHandler
                0x00019322                WDT_IRQHandler
                0x00019322                TIMER0_IRQHandler
                0x00019322                RNG_IRQHandler
                0x00019322                COMP_IRQHandler
                0x00019322                PWM0_IRQHandler
                0x00019322                SWI1_EGU1_IRQHandler
                0x00019322                TWIM0_TWIS0_TWI0_IRQHandler
                0x00019322                SWI0_EGU0_IRQHandler
                0x00019322                TIMER2_IRQHandler
 .text.nrf_log_backend_serial_put
                0x00019324       0xc2 _build/nrf52810_xxaa/nrf_log_backend_serial.c.o
                0x00019324                nrf_log_backend_serial_put
 *fill*         0x000193e6        0x2 
 .text.uart_evt_handler
                0x000193e8        0xc _build/nrf52810_xxaa/nrf_log_backend_uart.c.o
 .text.nrf_log_backend_uart_flush
                0x000193f4        0x2 _build/nrf52810_xxaa/nrf_log_backend_uart.c.o
 *fill*         0x000193f6        0x2 
 .text.uart_init
                0x000193f8       0x4c _build/nrf52810_xxaa/nrf_log_backend_uart.c.o
 .text.nrf_log_backend_uart_put
                0x00019444       0x1c _build/nrf52810_xxaa/nrf_log_backend_uart.c.o
 .text.serial_tx
                0x00019460       0x48 _build/nrf52810_xxaa/nrf_log_backend_uart.c.o
 .text.nrf_log_backend_uart_panic_set
                0x000194a8       0x2c _build/nrf52810_xxaa/nrf_log_backend_uart.c.o
 .text.nrf_log_backend_uart_init
                0x000194d4        0x6 _build/nrf52810_xxaa/nrf_log_backend_uart.c.o
                0x000194d4                nrf_log_backend_uart_init
 *fill*         0x000194da        0x2 
 .text.nrf_log_default_backends_init
                0x000194dc       0x20 _build/nrf52810_xxaa/nrf_log_default_backends.c.o
                0x000194dc                nrf_log_default_backends_init
 .text.invalid_packets_omit
                0x000194fc       0x38 _build/nrf52810_xxaa/nrf_log_frontend.c.o
 .text.buf_prealloc
                0x00019534      0x128 _build/nrf52810_xxaa/nrf_log_frontend.c.o
 .text.nrf_log_init
                0x0001965c       0x28 _build/nrf52810_xxaa/nrf_log_frontend.c.o
                0x0001965c                nrf_log_init
 .text.nrf_log_module_name_get
                0x00019684       0x38 _build/nrf52810_xxaa/nrf_log_frontend.c.o
                0x00019684                nrf_log_module_name_get
 .text.nrf_log_color_id_get
                0x000196bc       0x2c _build/nrf52810_xxaa/nrf_log_frontend.c.o
                0x000196bc                nrf_log_color_id_get
 .text.buffer_is_empty
                0x000196e8       0x14 _build/nrf52810_xxaa/nrf_log_frontend.c.o
                0x000196e8                buffer_is_empty
 .text.nrf_log_frontend_dequeue
                0x000196fc      0x208 _build/nrf52810_xxaa/nrf_log_frontend.c.o
                0x000196fc                nrf_log_frontend_dequeue
 .text.std_n    0x00019904       0x8c _build/nrf52810_xxaa/nrf_log_frontend.c.o
 .text.nrf_log_frontend_std_0
                0x00019990        0x8 _build/nrf52810_xxaa/nrf_log_frontend.c.o
                0x00019990                nrf_log_frontend_std_0
 .text.nrf_log_frontend_std_1
                0x00019998       0x12 _build/nrf52810_xxaa/nrf_log_frontend.c.o
                0x00019998                nrf_log_frontend_std_1
 .text.nrf_log_frontend_std_2
                0x000199aa       0x14 _build/nrf52810_xxaa/nrf_log_frontend.c.o
                0x000199aa                nrf_log_frontend_std_2
 *fill*         0x000199be        0x2 
 .text.nrf_log_backend_add
                0x000199c0       0x54 _build/nrf52810_xxaa/nrf_log_frontend.c.o
                0x000199c0                nrf_log_backend_add
 .text.nrf_log_panic
                0x00019a14       0x28 _build/nrf52810_xxaa/nrf_log_frontend.c.o
                0x00019a14                nrf_log_panic
 .text.prefix_process
                0x00019a3c       0x78 _build/nrf52810_xxaa/nrf_log_str_formatter.c.o
 .text.postfix_process
                0x00019ab4       0x3c _build/nrf52810_xxaa/nrf_log_str_formatter.c.o
 .text.nrf_log_std_entry_process
                0x00019af0       0xc8 _build/nrf52810_xxaa/nrf_log_str_formatter.c.o
                0x00019af0                nrf_log_std_entry_process
 .text.nrf_log_hexdump_entry_process
                0x00019bb8       0xc0 _build/nrf52810_xxaa/nrf_log_str_formatter.c.o
                0x00019bb8                nrf_log_hexdump_entry_process
 .text.state_set
                0x00019c78       0x24 _build/nrf52810_xxaa/app_button.c.o
 .text.button_get
                0x00019c9c       0x30 _build/nrf52810_xxaa/app_button.c.o
 .text.usr_event
                0x00019ccc       0x1c _build/nrf52810_xxaa/app_button.c.o
 .text.timer_start
                0x00019ce8       0x18 _build/nrf52810_xxaa/app_button.c.o
 .text.gpiote_event_handler
                0x00019d00       0x34 _build/nrf52810_xxaa/app_button.c.o
 .text.evt_handle
                0x00019d34       0xec _build/nrf52810_xxaa/app_button.c.o
                0x00019d34                evt_handle
 .text.detection_delay_timeout_handler
                0x00019e20       0x5c _build/nrf52810_xxaa/app_button.c.o
 .text.app_button_init
                0x00019e7c       0xb0 _build/nrf52810_xxaa/app_button.c.o
                0x00019e7c                app_button_init
 .text.app_button_enable
                0x00019f2c       0x2c _build/nrf52810_xxaa/app_button.c.o
                0x00019f2c                app_button_enable
 .text.app_error_handler_bare
                0x00019f58       0x1a _build/nrf52810_xxaa/app_error.c.o
                0x00019f58                app_error_handler_bare
 *fill*         0x00019f72        0x2 
 .text.app_error_fault_handler
                0x00019f74       0x6c _build/nrf52810_xxaa/app_error_weak.c.o
                0x00019f74                app_error_fault_handler
 .text.compare_func
                0x00019fe0       0x18 _build/nrf52810_xxaa/app_timer2.c.o
 .text.get_now  0x00019ff8       0x38 _build/nrf52810_xxaa/app_timer2.c.o
 .text.timer_req_schedule
                0x0001a030       0x38 _build/nrf52810_xxaa/app_timer2.c.o
 .text.timer_expire
                0x0001a068       0x6c _build/nrf52810_xxaa/app_timer2.c.o
 .text.app_timer_init
                0x0001a0d4       0x64 _build/nrf52810_xxaa/app_timer2.c.o
                0x0001a0d4                app_timer_init
 .text.app_timer_create
                0x0001a138       0x16 _build/nrf52810_xxaa/app_timer2.c.o
                0x0001a138                app_timer_create
 .text.app_timer_start
                0x0001a14e       0x30 _build/nrf52810_xxaa/app_timer2.c.o
                0x0001a14e                app_timer_start
 .text.app_timer_stop
                0x0001a17e        0xc _build/nrf52810_xxaa/app_timer2.c.o
                0x0001a17e                app_timer_stop
 *fill*         0x0001a18a        0x2 
 .text.app_timer_cnt_get
                0x0001a18c        0xc _build/nrf52810_xxaa/app_timer2.c.o
                0x0001a18c                app_timer_cnt_get
 .text.rtc_irq  0x0001a198      0x194 _build/nrf52810_xxaa/app_timer2.c.o
 .text.app_util_critical_region_enter
                0x0001a32c       0x48 _build/nrf52810_xxaa/app_util_platform.c.o
                0x0001a32c                app_util_critical_region_enter
 .text.app_util_critical_region_exit
                0x0001a374       0x2c _build/nrf52810_xxaa/app_util_platform.c.o
                0x0001a374                app_util_critical_region_exit
 .text.evt_pending.isra.0
                0x0001a3a0       0x18 _build/nrf52810_xxaa/drv_rtc.c.o
 .text.drv_rtc_init
                0x0001a3b8       0xb4 _build/nrf52810_xxaa/drv_rtc.c.o
                0x0001a3b8                drv_rtc_init
 .text.drv_rtc_start
                0x0001a46c        0x8 _build/nrf52810_xxaa/drv_rtc.c.o
                0x0001a46c                drv_rtc_start
 .text.drv_rtc_stop
                0x0001a474        0x8 _build/nrf52810_xxaa/drv_rtc.c.o
                0x0001a474                drv_rtc_stop
 .text.drv_rtc_compare_set
                0x0001a47c       0x48 _build/nrf52810_xxaa/drv_rtc.c.o
                0x0001a47c                drv_rtc_compare_set
 .text.drv_rtc_windowed_compare_set
                0x0001a4c4       0xf4 _build/nrf52810_xxaa/drv_rtc.c.o
                0x0001a4c4                drv_rtc_windowed_compare_set
 .text.drv_rtc_overflow_enable
                0x0001a5b8       0x12 _build/nrf52810_xxaa/drv_rtc.c.o
                0x0001a5b8                drv_rtc_overflow_enable
 .text.drv_rtc_overflow_pending
                0x0001a5ca        0xa _build/nrf52810_xxaa/drv_rtc.c.o
                0x0001a5ca                drv_rtc_overflow_pending
 .text.drv_rtc_compare_disable
                0x0001a5d4       0x16 _build/nrf52810_xxaa/drv_rtc.c.o
                0x0001a5d4                drv_rtc_compare_disable
 .text.drv_rtc_compare_pending
                0x0001a5ea        0xc _build/nrf52810_xxaa/drv_rtc.c.o
                0x0001a5ea                drv_rtc_compare_pending
 .text.drv_rtc_counter_get
                0x0001a5f6        0x8 _build/nrf52810_xxaa/drv_rtc.c.o
                0x0001a5f6                drv_rtc_counter_get
 *fill*         0x0001a5fe        0x2 
 .text.drv_rtc_irq_trigger
                0x0001a600       0x24 _build/nrf52810_xxaa/drv_rtc.c.o
                0x0001a600                drv_rtc_irq_trigger
 .text.RTC1_IRQHandler
                0x0001a624       0x14 _build/nrf52810_xxaa/drv_rtc.c.o
                0x0001a624                RTC1_IRQHandler
 .text.nrf_atfifo_init
                0x0001a638       0x26 _build/nrf52810_xxaa/nrf_atfifo.c.o
                0x0001a638                nrf_atfifo_init
 .text.nrf_atfifo_item_alloc
                0x0001a65e       0x54 _build/nrf52810_xxaa/nrf_atfifo.c.o
                0x0001a65e                nrf_atfifo_item_alloc
 .text.nrf_atfifo_item_put
                0x0001a6b2       0x20 _build/nrf52810_xxaa/nrf_atfifo.c.o
                0x0001a6b2                nrf_atfifo_item_put
 .text.nrf_atfifo_item_get
                0x0001a6d2       0x56 _build/nrf52810_xxaa/nrf_atfifo.c.o
                0x0001a6d2                nrf_atfifo_item_get
 .text.nrf_atfifo_item_free
                0x0001a728       0x20 _build/nrf52810_xxaa/nrf_atfifo.c.o
                0x0001a728                nrf_atfifo_item_free
 .text.nrf_atomic_u32_fetch_store
                0x0001a748       0x16 _build/nrf52810_xxaa/nrf_atomic.c.o
                0x0001a748                nrf_atomic_u32_fetch_store
 .text.nrf_atomic_u32_or
                0x0001a75e       0x18 _build/nrf52810_xxaa/nrf_atomic.c.o
                0x0001a75e                nrf_atomic_u32_or
 .text.nrf_atomic_u32_fetch_and
                0x0001a776       0x18 _build/nrf52810_xxaa/nrf_atomic.c.o
                0x0001a776                nrf_atomic_u32_fetch_and
 .text.nrf_atomic_u32_add
                0x0001a78e       0x18 _build/nrf52810_xxaa/nrf_atomic.c.o
                0x0001a78e                nrf_atomic_u32_add
 .text.nrf_atomic_u32_sub
                0x0001a7a6       0x18 _build/nrf52810_xxaa/nrf_atomic.c.o
                0x0001a7a6                nrf_atomic_u32_sub
 .text.nrf_atomic_flag_set
                0x0001a7be        0x6 _build/nrf52810_xxaa/nrf_atomic.c.o
                0x0001a7be                nrf_atomic_flag_set
 .text.nrf_atomic_flag_clear_fetch
                0x0001a7c4        0x6 _build/nrf52810_xxaa/nrf_atomic.c.o
                0x0001a7c4                nrf_atomic_flag_clear_fetch
 .text.nrf_balloc_init
                0x0001a7ca       0x2e _build/nrf52810_xxaa/nrf_balloc.c.o
                0x0001a7ca                nrf_balloc_init
 .text.nrf_balloc_alloc
                0x0001a7f8       0x4c _build/nrf52810_xxaa/nrf_balloc.c.o
                0x0001a7f8                nrf_balloc_alloc
 .text.nrf_balloc_free
                0x0001a844       0x34 _build/nrf52810_xxaa/nrf_balloc.c.o
                0x0001a844                nrf_balloc_free
 .text.nrf_fprintf_buffer_flush
                0x0001a878       0x16 _build/nrf52810_xxaa/nrf_fprintf.c.o
                0x0001a878                nrf_fprintf_buffer_flush
 .text.nrf_fprintf
                0x0001a88e       0x1c _build/nrf52810_xxaa/nrf_fprintf.c.o
                0x0001a88e                nrf_fprintf
 .text.buffer_add
                0x0001a8aa       0x2e _build/nrf52810_xxaa/nrf_fprintf_format.c.o
 .text.unsigned_print
                0x0001a8d8       0xb4 _build/nrf52810_xxaa/nrf_fprintf_format.c.o
 .text.nrf_fprintf_fmt
                0x0001a98c      0x294 _build/nrf52810_xxaa/nrf_fprintf_format.c.o
                0x0001a98c                nrf_fprintf_fmt
 .text.memobj_op
                0x0001ac20       0x86 _build/nrf52810_xxaa/nrf_memobj.c.o
 .text.nrf_memobj_pool_init
                0x0001aca6        0x4 _build/nrf52810_xxaa/nrf_memobj.c.o
                0x0001aca6                nrf_memobj_pool_init
 .text.nrf_memobj_free
                0x0001acaa       0x2c _build/nrf52810_xxaa/nrf_memobj.c.o
                0x0001acaa                nrf_memobj_free
 .text.nrf_memobj_alloc
                0x0001acd6       0x5e _build/nrf52810_xxaa/nrf_memobj.c.o
                0x0001acd6                nrf_memobj_alloc
 .text.nrf_memobj_get
                0x0001ad34        0x8 _build/nrf52810_xxaa/nrf_memobj.c.o
                0x0001ad34                nrf_memobj_get
 .text.nrf_memobj_put
                0x0001ad3c       0x1c _build/nrf52810_xxaa/nrf_memobj.c.o
                0x0001ad3c                nrf_memobj_put
 .text.nrf_memobj_write
                0x0001ad58       0x14 _build/nrf52810_xxaa/nrf_memobj.c.o
                0x0001ad58                nrf_memobj_write
 .text.nrf_memobj_read
                0x0001ad6c       0x14 _build/nrf52810_xxaa/nrf_memobj.c.o
                0x0001ad6c                nrf_memobj_read
 .text.sd_app_evt_wait
                0x0001ad80        0x4 _build/nrf52810_xxaa/nrf_pwr_mgmt.c.o
 .text.nrf_pwr_mgmt_init
                0x0001ad84       0x2c _build/nrf52810_xxaa/nrf_pwr_mgmt.c.o
                0x0001ad84                nrf_pwr_mgmt_init
 .text.nrf_pwr_mgmt_run
                0x0001adb0       0x18 _build/nrf52810_xxaa/nrf_pwr_mgmt.c.o
                0x0001adb0                nrf_pwr_mgmt_run
 .text.nrf_ringbuf_init
                0x0001adc8       0x1c _build/nrf52810_xxaa/nrf_ringbuf.c.o
                0x0001adc8                nrf_ringbuf_init
 .text.nrf_section_iter_init
                0x0001ade4       0x12 _build/nrf52810_xxaa/nrf_section_iter.c.o
                0x0001ade4                nrf_section_iter_init
 .text.nrf_section_iter_next
                0x0001adf6       0x18 _build/nrf52810_xxaa/nrf_section_iter.c.o
                0x0001adf6                nrf_section_iter_next
 .text.nrf_sortlist_add
                0x0001ae0e       0x20 _build/nrf52810_xxaa/nrf_sortlist.c.o
                0x0001ae0e                nrf_sortlist_add
 .text.nrf_sortlist_pop
                0x0001ae2e        0xc _build/nrf52810_xxaa/nrf_sortlist.c.o
                0x0001ae2e                nrf_sortlist_pop
 .text.nrf_sortlist_peek
                0x0001ae3a        0x6 _build/nrf52810_xxaa/nrf_sortlist.c.o
                0x0001ae3a                nrf_sortlist_peek
 .text.nrf_sortlist_remove
                0x0001ae40       0x1a _build/nrf52810_xxaa/nrf_sortlist.c.o
                0x0001ae40                nrf_sortlist_remove
 *fill*         0x0001ae5a        0x2 
 .text.nrf_strerror_find
                0x0001ae5c       0x3c _build/nrf52810_xxaa/nrf_strerror.c.o
                0x0001ae5c                nrf_strerror_find
 .text.nrf_strerror_get
                0x0001ae98       0x14 _build/nrf52810_xxaa/nrf_strerror.c.o
                0x0001ae98                nrf_strerror_get
 .text.__NVIC_SystemReset
                0x0001aeac       0x24 _build/nrf52810_xxaa/system_nrf52810.c.o
 .text.nrf52_errata_12
                0x0001aed0       0x1c _build/nrf52810_xxaa/system_nrf52810.c.o
 .text.nrf52_errata_16
                0x0001aeec       0x28 _build/nrf52810_xxaa/system_nrf52810.c.o
 .text.nrf52_errata_31
                0x0001af14       0x26 _build/nrf52810_xxaa/system_nrf52810.c.o
 *fill*         0x0001af3a        0x2 
 .text.SystemInit
                0x0001af3c      0x2d0 _build/nrf52810_xxaa/system_nrf52810.c.o
                0x0001af3c                SystemInit
 .text.bsp_board_led_state_get
                0x0001b20c       0x1c _build/nrf52810_xxaa/boards.c.o
                0x0001b20c                bsp_board_led_state_get
 .text.bsp_board_led_on
                0x0001b228       0x18 _build/nrf52810_xxaa/boards.c.o
                0x0001b228                bsp_board_led_on
 .text.bsp_board_led_off
                0x0001b240       0x18 _build/nrf52810_xxaa/boards.c.o
                0x0001b240                bsp_board_led_off
 .text.bsp_board_leds_off
                0x0001b258       0x1e _build/nrf52810_xxaa/boards.c.o
                0x0001b258                bsp_board_leds_off
 .text.bsp_board_leds_on
                0x0001b276       0x1e _build/nrf52810_xxaa/boards.c.o
                0x0001b276                bsp_board_leds_on
 .text.bsp_board_led_invert
                0x0001b294       0x24 _build/nrf52810_xxaa/boards.c.o
                0x0001b294                bsp_board_led_invert
 .text.bsp_board_pin_to_button_idx
                0x0001b2b8       0x24 _build/nrf52810_xxaa/boards.c.o
                0x0001b2b8                bsp_board_pin_to_button_idx
 .text.bsp_board_init
                0x0001b2dc       0x3e _build/nrf52810_xxaa/boards.c.o
                0x0001b2dc                bsp_board_init
 *fill*         0x0001b31a        0x2 
 .text.clock_clk_started_notify
                0x0001b31c       0x24 _build/nrf52810_xxaa/nrf_drv_clock.c.o
 .text.clock_irq_handler
                0x0001b340       0x1c _build/nrf52810_xxaa/nrf_drv_clock.c.o
 .text.soc_evt_handler
                0x0001b35c       0x14 _build/nrf52810_xxaa/nrf_drv_clock.c.o
 .text.nrf_drv_clock_init
                0x0001b370       0x48 _build/nrf52810_xxaa/nrf_drv_clock.c.o
                0x0001b370                nrf_drv_clock_init
 .text.nrf_drv_clock_lfclk_release
                0x0001b3b8       0x40 _build/nrf52810_xxaa/nrf_drv_clock.c.o
                0x0001b3b8                nrf_drv_clock_lfclk_release
 .text.sd_state_evt_handler
                0x0001b3f8       0x64 _build/nrf52810_xxaa/nrf_drv_clock.c.o
 .text.uarte_evt_handler
                0x0001b45c       0x34 _build/nrf52810_xxaa/nrf_drv_uart.c.o
 .text.uart_evt_handler
                0x0001b490       0x34 _build/nrf52810_xxaa/nrf_drv_uart.c.o
 .text.nrf_drv_uart_init
                0x0001b4c4       0x7c _build/nrf52810_xxaa/nrf_drv_uart.c.o
                0x0001b4c4                nrf_drv_uart_init
 .text.nrf_clock_event_clear
                0x0001b540       0x14 _build/nrf52810_xxaa/nrfx_clock.c.o
 .text.nrfx_clock_init
                0x0001b554       0x18 _build/nrf52810_xxaa/nrfx_clock.c.o
                0x0001b554                nrfx_clock_init
 .text.nrfx_clock_enable
                0x0001b56c       0x24 _build/nrf52810_xxaa/nrfx_clock.c.o
                0x0001b56c                nrfx_clock_enable
 .text.nrfx_clock_lfclk_stop
                0x0001b590       0x22 _build/nrf52810_xxaa/nrfx_clock.c.o
                0x0001b590                nrfx_clock_lfclk_stop
 *fill*         0x0001b5b2        0x2 
 .text.POWER_CLOCK_IRQHandler
                0x0001b5b4       0x50 _build/nrf52810_xxaa/nrfx_clock.c.o
                0x0001b5b4                POWER_CLOCK_IRQHandler
 .text.nrf_gpiote_event_clear
                0x0001b604       0x18 _build/nrf52810_xxaa/nrfx_gpiote.c.o
 .text.nrf_gpio_cfg_sense_set
                0x0001b61c       0x20 _build/nrf52810_xxaa/nrfx_gpiote.c.o
 .text.channel_free
                0x0001b63c       0x1c _build/nrf52810_xxaa/nrfx_gpiote.c.o
 .text.nrfx_gpiote_init
                0x0001b658       0x7c _build/nrf52810_xxaa/nrfx_gpiote.c.o
                0x0001b658                nrfx_gpiote_init
 .text.nrfx_gpiote_is_init
                0x0001b6d4       0x14 _build/nrf52810_xxaa/nrfx_gpiote.c.o
                0x0001b6d4                nrfx_gpiote_is_init
 .text.nrfx_gpiote_in_init
                0x0001b6e8       0xf0 _build/nrf52810_xxaa/nrfx_gpiote.c.o
                0x0001b6e8                nrfx_gpiote_in_init
 .text.nrfx_gpiote_in_event_enable
                0x0001b7d8       0x8c _build/nrf52810_xxaa/nrfx_gpiote.c.o
                0x0001b7d8                nrfx_gpiote_in_event_enable
 .text.nrfx_gpiote_in_is_set
                0x0001b864       0x12 _build/nrf52810_xxaa/nrfx_gpiote.c.o
                0x0001b864                nrfx_gpiote_in_is_set
 *fill*         0x0001b876        0x2 
 .text.GPIOTE_IRQHandler
                0x0001b878      0x14c _build/nrf52810_xxaa/nrfx_gpiote.c.o
                0x0001b878                GPIOTE_IRQHandler
 .text.UARTE0_UART0_IRQHandler
                0x0001b9c4        0xc _build/nrf52810_xxaa/nrfx_prs.c.o
                0x0001b9c4                UARTE0_UART0_IRQHandler
 .text.nrfx_prs_acquire
                0x0001b9d0       0x44 _build/nrf52810_xxaa/nrfx_prs.c.o
                0x0001b9d0                nrfx_prs_acquire
 .text.nrfx_prs_release
                0x0001ba14       0x18 _build/nrf52810_xxaa/nrfx_prs.c.o
                0x0001ba14                nrfx_prs_release
 .text.nrf_uart_event_clear
                0x0001ba2c       0x10 _build/nrf52810_xxaa/nrfx_uart.c.o
 .text.tx_byte  0x0001ba3c       0x1e _build/nrf52810_xxaa/nrfx_uart.c.o
 .text.rx_byte  0x0001ba5a       0x2c _build/nrf52810_xxaa/nrfx_uart.c.o
 *fill*         0x0001ba86        0x2 
 .text.rx_done_event.constprop.0
                0x0001ba88       0x20 _build/nrf52810_xxaa/nrfx_uart.c.o
 .text.nrfx_uart_0_irq_handler
                0x0001baa8      0x144 _build/nrf52810_xxaa/nrfx_uart.c.o
                0x0001baa8                nrfx_uart_0_irq_handler
 .text.nrfx_uart_init
                0x0001bbec      0x184 _build/nrf52810_xxaa/nrfx_uart.c.o
                0x0001bbec                nrfx_uart_init
 .text.nrfx_uart_uninit
                0x0001bd70       0xdc _build/nrf52810_xxaa/nrfx_uart.c.o
                0x0001bd70                nrfx_uart_uninit
 .text.nrfx_uart_tx_in_progress
                0x0001be4c       0x18 _build/nrf52810_xxaa/nrfx_uart.c.o
                0x0001be4c                nrfx_uart_tx_in_progress
 .text.nrfx_uart_tx
                0x0001be64       0xa0 _build/nrf52810_xxaa/nrfx_uart.c.o
                0x0001be64                nrfx_uart_tx
 .text.nrf_uarte_event_clear
                0x0001bf04       0x10 _build/nrf52810_xxaa/nrfx_uarte.c.o
 .text.rx_done_event.constprop.0
                0x0001bf14       0x20 _build/nrf52810_xxaa/nrfx_uarte.c.o
 .text.nrfx_uarte_0_irq_handler
                0x0001bf34      0x118 _build/nrf52810_xxaa/nrfx_uarte.c.o
                0x0001bf34                nrfx_uarte_0_irq_handler
 .text.nrfx_uarte_init
                0x0001c04c      0x1a0 _build/nrf52810_xxaa/nrfx_uarte.c.o
                0x0001c04c                nrfx_uarte_init
 .text.nrfx_uarte_uninit
                0x0001c1ec      0x120 _build/nrf52810_xxaa/nrfx_uarte.c.o
                0x0001c1ec                nrfx_uarte_uninit
 .text.nrfx_uarte_tx_in_progress
                0x0001c30c       0x18 _build/nrf52810_xxaa/nrfx_uarte.c.o
                0x0001c30c                nrfx_uarte_tx_in_progress
 .text.nrfx_uarte_tx
                0x0001c324       0xa4 _build/nrf52810_xxaa/nrfx_uarte.c.o
                0x0001c324                nrfx_uarte_tx
 .text.alert_timer_handler
                0x0001c3c8        0x6 _build/nrf52810_xxaa/bsp.c.o
 *fill*         0x0001c3ce        0x2 
 .text.bsp_button_event_handler
                0x0001c3d0       0x9c _build/nrf52810_xxaa/bsp.c.o
 .text.button_timer_handler
                0x0001c46c        0x8 _build/nrf52810_xxaa/bsp.c.o
 .text.leds_off
                0x0001c474       0x2c _build/nrf52810_xxaa/bsp.c.o
 .text.bsp_led_indication
                0x0001c4a0      0x200 _build/nrf52810_xxaa/bsp.c.o
 .text.leds_timer_handler
                0x0001c6a0       0x1c _build/nrf52810_xxaa/bsp.c.o
 .text.bsp_indication_set
                0x0001c6bc       0x18 _build/nrf52810_xxaa/bsp.c.o
                0x0001c6bc                bsp_indication_set
 .text.bsp_init
                0x0001c6d4       0x9c _build/nrf52810_xxaa/bsp.c.o
                0x0001c6d4                bsp_init
 .text.sd_ble_gap_adv_set_configure
                0x0001c770        0x4 _build/nrf52810_xxaa/main.c.o
 .text.sd_ble_gap_adv_start
                0x0001c774        0x4 _build/nrf52810_xxaa/main.c.o
 .text.startup.main
                0x0001c778      0x124 _build/nrf52810_xxaa/main.c.o
                0x0001c778                main
 .text.sd_ble_gap_addr_get
                0x0001c89c        0x4 _build/nrf52810_xxaa/ble_advdata.c.o
 .text.sd_ble_gap_appearance_get
                0x0001c8a0        0x4 _build/nrf52810_xxaa/ble_advdata.c.o
 .text.sd_ble_gap_device_name_get
                0x0001c8a4        0x4 _build/nrf52810_xxaa/ble_advdata.c.o
 .text.sd_ble_uuid_encode
                0x0001c8a8        0x4 _build/nrf52810_xxaa/ble_advdata.c.o
 .text.uuid_list_sized_encode
                0x0001c8ac       0xac _build/nrf52810_xxaa/ble_advdata.c.o
 .text.uuid_list_encode
                0x0001c958       0x38 _build/nrf52810_xxaa/ble_advdata.c.o
 .text.ble_advdata_encode
                0x0001c990      0x392 _build/nrf52810_xxaa/ble_advdata.c.o
                0x0001c990                ble_advdata_encode
 .text.sd_softdevice_enable
                0x0001cd22        0x4 _build/nrf52810_xxaa/nrf_sdh.c.o
 *fill*         0x0001cd26        0x2 
 .text.sdh_request_observer_notify
                0x0001cd28       0x30 _build/nrf52810_xxaa/nrf_sdh.c.o
 .text.sdh_state_observer_notify
                0x0001cd58       0x28 _build/nrf52810_xxaa/nrf_sdh.c.o
 .text.softdevices_evt_irq_enable
                0x0001cd80       0x38 _build/nrf52810_xxaa/nrf_sdh.c.o
 .text.nrf_sdh_enable_request
                0x0001cdb8       0x7c _build/nrf52810_xxaa/nrf_sdh.c.o
                0x0001cdb8                nrf_sdh_enable_request
 .text.nrf_sdh_is_enabled
                0x0001ce34        0xc _build/nrf52810_xxaa/nrf_sdh.c.o
                0x0001ce34                nrf_sdh_is_enabled
 .text.nrf_sdh_evts_poll
                0x0001ce40       0x28 _build/nrf52810_xxaa/nrf_sdh.c.o
                0x0001ce40                nrf_sdh_evts_poll
 .text.SWI2_IRQHandler
                0x0001ce68        0x4 _build/nrf52810_xxaa/nrf_sdh.c.o
                0x0001ce68                SWI2_IRQHandler
 .text.sd_ble_enable
                0x0001ce6c        0x4 _build/nrf52810_xxaa/nrf_sdh_ble.c.o
 .text.sd_ble_cfg_set
                0x0001ce70        0x4 _build/nrf52810_xxaa/nrf_sdh_ble.c.o
 .text.sd_ble_evt_get
                0x0001ce74        0x4 _build/nrf52810_xxaa/nrf_sdh_ble.c.o
 .text.nrf_sdh_ble_evts_poll
                0x0001ce78       0x58 _build/nrf52810_xxaa/nrf_sdh_ble.c.o
 .text.nrf_sdh_ble_default_cfg_set
                0x0001ced0      0x15c _build/nrf52810_xxaa/nrf_sdh_ble.c.o
                0x0001ced0                nrf_sdh_ble_default_cfg_set
 .text.nrf_sdh_ble_enable
                0x0001d02c       0x94 _build/nrf52810_xxaa/nrf_sdh_ble.c.o
                0x0001d02c                nrf_sdh_ble_enable
 .text.sd_evt_get
                0x0001d0c0        0x4 _build/nrf52810_xxaa/nrf_sdh_soc.c.o
 .text.nrf_sdh_soc_evts_poll
                0x0001d0c4       0x40 _build/nrf52810_xxaa/nrf_sdh_soc.c.o
 .text.exit     0x0001d104       0x28 c:/users/lucan/documents/projects/nrf5_sdk_17.0.2_d674dde/gcc/gcc-arm-none-eabi-10-2020-q4-major/bin/../lib/gcc/arm-none-eabi/10.2.1/../../../../arm-none-eabi/lib/thumb/v7e-m/nofp\libc_nano.a(lib_a-exit.o)
                0x0001d104                exit
 .text.__libc_init_array
                0x0001d12c       0x48 c:/users/lucan/documents/projects/nrf5_sdk_17.0.2_d674dde/gcc/gcc-arm-none-eabi-10-2020-q4-major/bin/../lib/gcc/arm-none-eabi/10.2.1/../../../../arm-none-eabi/lib/thumb/v7e-m/nofp\libc_nano.a(lib_a-init.o)
                0x0001d12c                __libc_init_array
 .text.memcpy   0x0001d174       0x1c c:/users/lucan/documents/projects/nrf5_sdk_17.0.2_d674dde/gcc/gcc-arm-none-eabi-10-2020-q4-major/bin/../lib/gcc/arm-none-eabi/10.2.1/../../../../arm-none-eabi/lib/thumb/v7e-m/nofp\libc_nano.a(lib_a-memcpy-stub.o)
                0x0001d174                memcpy
 .text.memset   0x0001d190       0x10 c:/users/lucan/documents/projects/nrf5_sdk_17.0.2_d674dde/gcc/gcc-arm-none-eabi-10-2020-q4-major/bin/../lib/gcc/arm-none-eabi/10.2.1/../../../../arm-none-eabi/lib/thumb/v7e-m/nofp\libc_nano.a(lib_a-memset.o)
                0x0001d190                memset
 .text          0x0001d1a0       0x10 c:/users/lucan/documents/projects/nrf5_sdk_17.0.2_d674dde/gcc/gcc-arm-none-eabi-10-2020-q4-major/bin/../lib/gcc/arm-none-eabi/10.2.1/../../../../arm-none-eabi/lib/thumb/v7e-m/nofp\libc_nano.a(lib_a-strlen.o)
                0x0001d1a0                strlen
 .text._exit    0x0001d1b0        0x4 c:/users/lucan/documents/projects/nrf5_sdk_17.0.2_d674dde/gcc/gcc-arm-none-eabi-10-2020-q4-major/bin/../lib/gcc/arm-none-eabi/10.2.1/../../../../arm-none-eabi/lib/thumb/v7e-m/nofp\libnosys.a(_exit.o)
                0x0001d1b0                _exit
 .text          0x0001d1b4       0x30 c:/users/lucan/documents/projects/nrf5_sdk_17.0.2_d674dde/gcc/gcc-arm-none-eabi-10-2020-q4-major/bin/../lib/gcc/arm-none-eabi/10.2.1/thumb/v7e-m/nofp\libgcc.a(_aeabi_uldivmod.o)
                0x0001d1b4                __aeabi_uldivmod
 .text          0x0001d1e4      0x2d0 c:/users/lucan/documents/projects/nrf5_sdk_17.0.2_d674dde/gcc/gcc-arm-none-eabi-10-2020-q4-major/bin/../lib/gcc/arm-none-eabi/10.2.1/thumb/v7e-m/nofp\libgcc.a(_udivmoddi4.o)
                0x0001d1e4                __udivmoddi4
 .text          0x0001d4b4        0x4 c:/users/lucan/documents/projects/nrf5_sdk_17.0.2_d674dde/gcc/gcc-arm-none-eabi-10-2020-q4-major/bin/../lib/gcc/arm-none-eabi/10.2.1/thumb/v7e-m/nofp\libgcc.a(_dvmd_tls.o)
                0x0001d4b4                __aeabi_idiv0
                0x0001d4b4                __aeabi_ldiv0
 *(.init)
 .init          0x0001d4b8        0x4 c:/users/lucan/documents/projects/nrf5_sdk_17.0.2_d674dde/gcc/gcc-arm-none-eabi-10-2020-q4-major/bin/../lib/gcc/arm-none-eabi/10.2.1/thumb/v7e-m/nofp/crti.o
                0x0001d4b8                _init
 .init          0x0001d4bc        0x8 c:/users/lucan/documents/projects/nrf5_sdk_17.0.2_d674dde/gcc/gcc-arm-none-eabi-10-2020-q4-major/bin/../lib/gcc/arm-none-eabi/10.2.1/thumb/v7e-m/nofp/crtn.o
 *(.fini)
 .fini          0x0001d4c4        0x4 c:/users/lucan/documents/projects/nrf5_sdk_17.0.2_d674dde/gcc/gcc-arm-none-eabi-10-2020-q4-major/bin/../lib/gcc/arm-none-eabi/10.2.1/thumb/v7e-m/nofp/crti.o
                0x0001d4c4                _fini
 .fini          0x0001d4c8        0x8 c:/users/lucan/documents/projects/nrf5_sdk_17.0.2_d674dde/gcc/gcc-arm-none-eabi-10-2020-q4-major/bin/../lib/gcc/arm-none-eabi/10.2.1/thumb/v7e-m/nofp/crtn.o
 *crtbegin.o(.ctors)
 *crtbegin?.o(.ctors)
 *(EXCLUDE_FILE(*crtend.o *crtend?.o) .ctors)
 *(SORT_BY_NAME(.ctors.*))
 *(.ctors)
 *crtbegin.o(.dtors)
 *crtbegin?.o(.dtors)
 *(EXCLUDE_FILE(*crtend.o *crtend?.o) .dtors)
 *(SORT_BY_NAME(.dtors.*))
 *(.dtors)
 *(.rodata*)
 .rodata        0x0001d4d0       0x20 _build/nrf52810_xxaa/nrf_log_backend_uart.c.o
 .rodata.nrf_log_backend_uart_api
                0x0001d4f0        0xc _build/nrf52810_xxaa/nrf_log_backend_uart.c.o
                0x0001d4f0                nrf_log_backend_uart_api
 .rodata.str1.1
                0x0001d4fc       0x11 _build/nrf52810_xxaa/nrf_log_default_backends.c.o
 .rodata.nrf_log_frontend_dequeue.str1.1
                0x0001d50d       0x11 _build/nrf52810_xxaa/nrf_log_frontend.c.o
 .rodata.str1.1
                0x0001d51e        0x4 _build/nrf52810_xxaa/nrf_log_frontend.c.o
 *fill*         0x0001d522        0x2 
 .rodata.m_log_push_ringbuf
                0x0001d524        0xc _build/nrf52810_xxaa/nrf_log_frontend.c.o
 .rodata.prefix_process.str1.1
                0x0001d530       0x32 _build/nrf52810_xxaa/nrf_log_str_formatter.c.o
 .rodata.postfix_process.str1.1
                0x0001d562       0x32 _build/nrf52810_xxaa/nrf_log_str_formatter.c.o
                                  0x3 (size before relaxing)
 .rodata.nrf_log_hexdump_entry_process.str1.1
                0x0001d562        0xf _build/nrf52810_xxaa/nrf_log_str_formatter.c.o
                                 0x11 (size before relaxing)
 .rodata.str1.1
                0x0001d571       0x4b _build/nrf52810_xxaa/nrf_log_str_formatter.c.o
                                 0x51 (size before relaxing)
 .rodata.m_colors
                0x0001d5bc       0x24 _build/nrf52810_xxaa/nrf_log_str_formatter.c.o
 .rodata.severity_names
                0x0001d5e0       0x14 _build/nrf52810_xxaa/nrf_log_str_formatter.c.o
 .rodata.str1.1
                0x0001d5f4        0xb _build/nrf52810_xxaa/app_button.c.o
 *fill*         0x0001d5ff        0x1 
 .rodata.m_detection_delay_timer_id
                0x0001d600        0x4 _build/nrf52810_xxaa/app_button.c.o
 .rodata.app_error_fault_handler.str1.1
                0x0001d604       0x19 _build/nrf52810_xxaa/app_error_weak.c.o
 .rodata.str1.1
                0x0001d61d        0xa _build/nrf52810_xxaa/app_timer2.c.o
 *fill*         0x0001d627        0x1 
 .rodata        0x0001d628        0x4 _build/nrf52810_xxaa/app_timer2.c.o
 .rodata.m_app_timer_sortlist
                0x0001d62c        0xc _build/nrf52810_xxaa/app_timer2.c.o
 .rodata.drv_rtc_init.str1.1
                0x0001d638       0x34 _build/nrf52810_xxaa/drv_rtc.c.o
 *fill*         0x0001d66c        0x4 
 .rodata.delay_machine_code.0
                0x0001d670        0x6 _build/nrf52810_xxaa/drv_rtc.c.o
 .rodata._aV2C.0
                0x0001d676       0x10 _build/nrf52810_xxaa/nrf_fprintf_format.c.o
 .rodata.str1.1
                0x0001d686        0x9 _build/nrf52810_xxaa/nrf_pwr_mgmt.c.o
 *fill*         0x0001d68f        0x1 
 .rodata.pwr_mgmt_data
                0x0001d690        0xc _build/nrf52810_xxaa/nrf_pwr_mgmt.c.o
 .rodata.str1.1
                0x0001d69c        0x9 _build/nrf52810_xxaa/nrf_sortlist.c.o
 .rodata.str1.1
                0x0001d6a5      0x3ba _build/nrf52810_xxaa/nrf_strerror.c.o
 .rodata.m_unknown_str
                0x0001da5f       0x13 _build/nrf52810_xxaa/nrf_strerror.c.o
 *fill*         0x0001da72        0x2 
 .rodata.nrf_strerror_array
                0x0001da74      0x128 _build/nrf52810_xxaa/nrf_strerror.c.o
 .rodata.CSWTCH.14
                0x0001db9c        0x4 _build/nrf52810_xxaa/system_nrf52810.c.o
 .rodata.CSWTCH.19
                0x0001dba0        0x4 _build/nrf52810_xxaa/system_nrf52810.c.o
 .rodata.CSWTCH.4
                0x0001dba4        0x4 _build/nrf52810_xxaa/system_nrf52810.c.o
 .rodata.m_board_led_list
                0x0001dba8        0x4 _build/nrf52810_xxaa/boards.c.o
 .rodata.str1.1
                0x0001dbac        0x6 _build/nrf52810_xxaa/nrf_drv_clock.c.o
 .rodata.str1.1
                0x0001dbb2        0x6 _build/nrf52810_xxaa/nrfx_clock.c.o
 .rodata.str1.1
                0x0001dbb8        0x7 _build/nrf52810_xxaa/nrfx_gpiote.c.o
 .rodata.str1.1
                0x0001dbbf        0x4 _build/nrf52810_xxaa/nrfx_prs.c.o
 .rodata.str1.1
                0x0001dbc3        0x5 _build/nrf52810_xxaa/nrfx_uart.c.o
 .rodata.str1.1
                0x0001dbc8        0x6 _build/nrf52810_xxaa/nrfx_uarte.c.o
 *fill*         0x0001dbce        0x2 
 .rodata.app_buttons
                0x0001dbd0       0x20 _build/nrf52810_xxaa/bsp.c.o
 .rodata.m_bsp_alert_tmr
                0x0001dbf0        0x4 _build/nrf52810_xxaa/bsp.c.o
 .rodata.m_bsp_button_tmr
                0x0001dbf4        0x4 _build/nrf52810_xxaa/bsp.c.o
 .rodata.m_bsp_leds_tmr
                0x0001dbf8        0x4 _build/nrf52810_xxaa/bsp.c.o
 .rodata.main.str1.1
                0x0001dbfc       0x18 _build/nrf52810_xxaa/main.c.o
 .rodata.str1.1
                0x0001dc14        0x8 _build/nrf52810_xxaa/nrf_sdh.c.o
 .rodata        0x0001dc1c        0x4 _build/nrf52810_xxaa/nrf_sdh.c.o
 .rodata.sdh_req_observers
                0x0001dc20        0xc _build/nrf52810_xxaa/nrf_sdh.c.o
 .rodata.sdh_stack_observers
                0x0001dc2c        0xc _build/nrf52810_xxaa/nrf_sdh.c.o
 .rodata.sdh_state_observers
                0x0001dc38        0xc _build/nrf52810_xxaa/nrf_sdh.c.o
 .rodata.nrf_sdh_ble_default_cfg_set.str1.1
                0x0001dc44      0x182 _build/nrf52810_xxaa/nrf_sdh_ble.c.o
 .rodata.nrf_sdh_ble_enable.str1.1
                0x0001ddc6       0xa7 _build/nrf52810_xxaa/nrf_sdh_ble.c.o
 .rodata.str1.1
                0x0001de6d        0xc _build/nrf52810_xxaa/nrf_sdh_ble.c.o
 *fill*         0x0001de79        0x3 
 .rodata.sdh_ble_observers
                0x0001de7c        0xc _build/nrf52810_xxaa/nrf_sdh_ble.c.o
 .rodata.str1.1
                0x0001de88        0xc _build/nrf52810_xxaa/nrf_sdh_soc.c.o
 .rodata.sdh_soc_observers
                0x0001de94        0xc _build/nrf52810_xxaa/nrf_sdh_soc.c.o
 .rodata._ctype_
                0x0001dea0      0x101 c:/users/lucan/documents/projects/nrf5_sdk_17.0.2_d674dde/gcc/gcc-arm-none-eabi-10-2020-q4-major/bin/../lib/gcc/arm-none-eabi/10.2.1/../../../../arm-none-eabi/lib/thumb/v7e-m/nofp\libc_nano.a(lib_a-ctype_.o)
                0x0001dea0                _ctype_
 *fill*         0x0001dfa1        0x3 
 .rodata._global_impure_ptr
                0x0001dfa4        0x4 c:/users/lucan/documents/projects/nrf5_sdk_17.0.2_d674dde/gcc/gcc-arm-none-eabi-10-2020-q4-major/bin/../lib/gcc/arm-none-eabi/10.2.1/../../../../arm-none-eabi/lib/thumb/v7e-m/nofp\libc_nano.a(lib_a-impure.o)
                0x0001dfa4                _global_impure_ptr
 *(.eh_frame*)
 .eh_frame      0x0001dfa8        0x0 c:/users/lucan/documents/projects/nrf5_sdk_17.0.2_d674dde/gcc/gcc-arm-none-eabi-10-2020-q4-major/bin/../lib/gcc/arm-none-eabi/10.2.1/thumb/v7e-m/nofp/crtbegin.o
 .eh_frame      0x0001dfa8        0x4 c:/users/lucan/documents/projects/nrf5_sdk_17.0.2_d674dde/gcc/gcc-arm-none-eabi-10-2020-q4-major/bin/../lib/gcc/arm-none-eabi/10.2.1/thumb/v7e-m/nofp/crtend.o

.glue_7         0x0001dfac        0x0
 .glue_7        0x0001dfac        0x0 linker stubs

.glue_7t        0x0001dfac        0x0
 .glue_7t       0x0001dfac        0x0 linker stubs

.vfp11_veneer   0x0001dfac        0x0
 .vfp11_veneer  0x0001dfac        0x0 linker stubs

.v4_bx          0x0001dfac        0x0
 .v4_bx         0x0001dfac        0x0 linker stubs

.iplt           0x0001dfac        0x0
 .iplt          0x0001dfac        0x0 c:/users/lucan/documents/projects/nrf5_sdk_17.0.2_d674dde/gcc/gcc-arm-none-eabi-10-2020-q4-major/bin/../lib/gcc/arm-none-eabi/10.2.1/thumb/v7e-m/nofp/crtbegin.o

.mem_section_dummy_rom

.sdh_soc_observers
                0x0001dfac        0x8
                0x0001dfac                PROVIDE (__start_sdh_soc_observers = .)
 *(SORT_BY_NAME(.sdh_soc_observers*))
 .sdh_soc_observers0
                0x0001dfac        0x8 _build/nrf52810_xxaa/nrf_drv_clock.c.o
                0x0001dfb4                PROVIDE (__stop_sdh_soc_observers = .)

.sdh_ble_observers
                0x0001dfb4        0x0
                0x0001dfb4                PROVIDE (__start_sdh_ble_observers = .)
 *(SORT_BY_NAME(.sdh_ble_observers*))
                0x0001dfb4                PROVIDE (__stop_sdh_ble_observers = .)

.pwr_mgmt_data  0x0001dfb4        0x0
                0x0001dfb4                PROVIDE (__start_pwr_mgmt_data = .)
 *(SORT_BY_NAME(.pwr_mgmt_data*))
                0x0001dfb4                PROVIDE (__stop_pwr_mgmt_data = .)

.sdh_req_observers
                0x0001dfb4        0x0
                0x0001dfb4                PROVIDE (__start_sdh_req_observers = .)
 *(SORT_BY_NAME(.sdh_req_observers*))
                0x0001dfb4                PROVIDE (__stop_sdh_req_observers = .)

.sdh_state_observers
                0x0001dfb4        0x8
                0x0001dfb4                PROVIDE (__start_sdh_state_observers = .)
 *(SORT_BY_NAME(.sdh_state_observers*))
 .sdh_state_observers0
                0x0001dfb4        0x8 _build/nrf52810_xxaa/nrf_drv_clock.c.o
                0x0001dfbc                PROVIDE (__stop_sdh_state_observers = .)

.sdh_stack_observers
                0x0001dfbc       0x10
                0x0001dfbc                PROVIDE (__start_sdh_stack_observers = .)
 *(SORT_BY_NAME(.sdh_stack_observers*))
 .sdh_stack_observers0
                0x0001dfbc        0x8 _build/nrf52810_xxaa/nrf_sdh_ble.c.o
 .sdh_stack_observers0
                0x0001dfc4        0x8 _build/nrf52810_xxaa/nrf_sdh_soc.c.o
                0x0001dfcc                PROVIDE (__stop_sdh_stack_observers = .)

.nrf_queue      0x0001dfcc        0x0
                [!provide]                PROVIDE (__start_nrf_queue = .)
 *(.nrf_queue)
                [!provide]                PROVIDE (__stop_nrf_queue = .)

.nrf_balloc     0x0001dfcc       0x14
                [!provide]                PROVIDE (__start_nrf_balloc = .)
 *(.nrf_balloc)
 .nrf_balloc    0x0001dfcc       0x14 _build/nrf52810_xxaa/nrf_log_frontend.c.o
                0x0001dfcc                log_mempool
                [!provide]                PROVIDE (__stop_nrf_balloc = .)

.cli_command    0x0001dfe0        0x0
                [!provide]                PROVIDE (__start_cli_command = .)
 *(.cli_command)
                [!provide]                PROVIDE (__stop_cli_command = .)

.crypto_data    0x0001dfe0        0x0
                [!provide]                PROVIDE (__start_crypto_data = .)
 *(SORT_BY_NAME(.crypto_data*))
                [!provide]                PROVIDE (__stop_crypto_data = .)

.log_const_data
                0x0001dfe0       0x70
                0x0001dfe0                PROVIDE (__start_log_const_data = .)
 *(SORT_BY_NAME(.log_const_data*))
 .log_const_data_CLOCK
                0x0001dfe0        0x8 _build/nrf52810_xxaa/nrfx_clock.c.o
                0x0001dfe0                m_nrf_log_CLOCK_logs_data_const
 .log_const_data_GPIOTE
                0x0001dfe8        0x8 _build/nrf52810_xxaa/nrfx_gpiote.c.o
                0x0001dfe8                m_nrf_log_GPIOTE_logs_data_const
 .log_const_data_PRS
                0x0001dff0        0x8 _build/nrf52810_xxaa/nrfx_prs.c.o
                0x0001dff0                m_nrf_log_PRS_logs_data_const
 .log_const_data_UART
                0x0001dff8        0x8 _build/nrf52810_xxaa/nrfx_uart.c.o
                0x0001dff8                m_nrf_log_UART_logs_data_const
 .log_const_data_UARTE
                0x0001e000        0x8 _build/nrf52810_xxaa/nrfx_uarte.c.o
                0x0001e000                m_nrf_log_UARTE_logs_data_const
 .log_const_data_app
                0x0001e008        0x8 _build/nrf52810_xxaa/nrf_log_frontend.c.o
                0x0001e008                m_nrf_log_app_logs_data_const
 .log_const_data_app_button
                0x0001e010        0x8 _build/nrf52810_xxaa/app_button.c.o
                0x0001e010                m_nrf_log_app_button_logs_data_const
 .log_const_data_app_timer
                0x0001e018        0x8 _build/nrf52810_xxaa/app_timer2.c.o
                0x0001e018                m_nrf_log_app_timer_logs_data_const
 .log_const_data_clock
                0x0001e020        0x8 _build/nrf52810_xxaa/nrf_drv_clock.c.o
                0x0001e020                m_nrf_log_clock_logs_data_const
 .log_const_data_nrf_sdh
                0x0001e028        0x8 _build/nrf52810_xxaa/nrf_sdh.c.o
                0x0001e028                m_nrf_log_nrf_sdh_logs_data_const
 .log_const_data_nrf_sdh_ble
                0x0001e030        0x8 _build/nrf52810_xxaa/nrf_sdh_ble.c.o
                0x0001e030                m_nrf_log_nrf_sdh_ble_logs_data_const
 .log_const_data_nrf_sdh_soc
                0x0001e038        0x8 _build/nrf52810_xxaa/nrf_sdh_soc.c.o
                0x0001e038                m_nrf_log_nrf_sdh_soc_logs_data_const
 .log_const_data_pwr_mgmt
                0x0001e040        0x8 _build/nrf52810_xxaa/nrf_pwr_mgmt.c.o
                0x0001e040                m_nrf_log_pwr_mgmt_logs_data_const
 .log_const_data_sortlist
                0x0001e048        0x8 _build/nrf52810_xxaa/nrf_sortlist.c.o
                0x0001e048                m_nrf_log_sortlist_logs_data_const
                0x0001e050                PROVIDE (__stop_log_const_data = .)

.log_backends   0x0001e050       0x10
                [!provide]                PROVIDE (__start_log_backends = .)
 *(SORT_BY_NAME(.log_backends*))
 .log_backends  0x0001e050       0x10 _build/nrf52810_xxaa/nrf_log_default_backends.c.o
                [!provide]                PROVIDE (__stop_log_backends = .)

.ARM.extab
 *(.ARM.extab* .gnu.linkonce.armextab.*)
                0x0001e060                __exidx_start = .

.ARM.exidx      0x0001e060        0x8
 *(.ARM.exidx* .gnu.linkonce.armexidx.*)
 .ARM.exidx     0x0001e060        0x8 c:/users/lucan/documents/projects/nrf5_sdk_17.0.2_d674dde/gcc/gcc-arm-none-eabi-10-2020-q4-major/bin/../lib/gcc/arm-none-eabi/10.2.1/../../../../arm-none-eabi/lib/thumb/v7e-m/nofp/crt0.o
                                 0x10 (size before relaxing)
 .ARM.exidx     0x0001e068        0x0 c:/users/lucan/documents/projects/nrf5_sdk_17.0.2_d674dde/gcc/gcc-arm-none-eabi-10-2020-q4-major/bin/../lib/gcc/arm-none-eabi/10.2.1/thumb/v7e-m/nofp\libgcc.a(_udivmoddi4.o)
                                  0x8 (size before relaxing)
                0x0001e068                __exidx_end = .

.rel.dyn        0x0001e068        0x0
 .rel.iplt      0x0001e068        0x0 c:/users/lucan/documents/projects/nrf5_sdk_17.0.2_d674dde/gcc/gcc-arm-none-eabi-10-2020-q4-major/bin/../lib/gcc/arm-none-eabi/10.2.1/thumb/v7e-m/nofp/crtbegin.o
                0x0001e068                . = ALIGN (0x4)
                0x0001e068                __etext = .

.data           0x20001118       0xb8 load address 0x0001e068
                0x20001118                __data_start__ = .
 *(vtable)
 *(.data*)
 .data.m_uart   0x20001118       0x14 _build/nrf52810_xxaa/nrf_log_backend_uart.c.o
                0x20001118                m_uart
 .data.log_backend_cb_uart_log_backend
                0x2000112c        0x8 _build/nrf52810_xxaa/nrf_log_default_backends.c.o
 .data.m_rtc_inst
                0x20001134        0x8 _build/nrf52810_xxaa/app_timer2.c.o
 .data.SystemCoreClock
                0x2000113c        0x4 _build/nrf52810_xxaa/system_nrf52810.c.o
                0x2000113c                SystemCoreClock
 .data.m_adv_data
                0x20001140       0x10 _build/nrf52810_xxaa/main.c.o
 .data.m_adv_handle
                0x20001150        0x1 _build/nrf52810_xxaa/main.c.o
 .data.m_beacon_info
                0x20001151       0x17 _build/nrf52810_xxaa/main.c.o
 .data.impure_data
                0x20001168       0x60 c:/users/lucan/documents/projects/nrf5_sdk_17.0.2_d674dde/gcc/gcc-arm-none-eabi-10-2020-q4-major/bin/../lib/gcc/arm-none-eabi/10.2.1/../../../../arm-none-eabi/lib/thumb/v7e-m/nofp\libc_nano.a(lib_a-impure.o)
                0x200011c8                . = ALIGN (0x4)
                0x200011c8                PROVIDE (__preinit_array_start = .)
 *(.preinit_array)
                0x200011c8                PROVIDE (__preinit_array_end = .)
                0x200011c8                . = ALIGN (0x4)
                0x200011c8                PROVIDE (__init_array_start = .)
 *(SORT_BY_NAME(.init_array.*))
 *(.init_array)
 .init_array    0x200011c8        0x4 c:/users/lucan/documents/projects/nrf5_sdk_17.0.2_d674dde/gcc/gcc-arm-none-eabi-10-2020-q4-major/bin/../lib/gcc/arm-none-eabi/10.2.1/thumb/v7e-m/nofp/crtbegin.o
                0x200011cc                PROVIDE (__init_array_end = .)
                0x200011cc                . = ALIGN (0x4)
                [!provide]                PROVIDE (__fini_array_start = .)
 *(SORT_BY_NAME(.fini_array.*))
 *(.fini_array)
 .fini_array    0x200011cc        0x4 c:/users/lucan/documents/projects/nrf5_sdk_17.0.2_d674dde/gcc/gcc-arm-none-eabi-10-2020-q4-major/bin/../lib/gcc/arm-none-eabi/10.2.1/thumb/v7e-m/nofp/crtbegin.o
                [!provide]                PROVIDE (__fini_array_end = .)
 *(.jcr*)
                0x200011d0                . = ALIGN (0x4)
                0x200011d0                __data_end__ = .
LOAD c:/users/lucan/documents/projects/nrf5_sdk_17.0.2_d674dde/gcc/gcc-arm-none-eabi-10-2020-q4-major/bin/../lib/gcc/arm-none-eabi/10.2.1/thumb/v7e-m/nofp/crti.o
LOAD c:/users/lucan/documents/projects/nrf5_sdk_17.0.2_d674dde/gcc/gcc-arm-none-eabi-10-2020-q4-major/bin/../lib/gcc/arm-none-eabi/10.2.1/thumb/v7e-m/nofp/crtbegin.o
LOAD c:/users/lucan/documents/projects/nrf5_sdk_17.0.2_d674dde/gcc/gcc-arm-none-eabi-10-2020-q4-major/bin/../lib/gcc/arm-none-eabi/10.2.1/../../../../arm-none-eabi/lib/thumb/v7e-m/nofp/crt0.o
LOAD _build/nrf52810_xxaa/gcc_startup_nrf52810.S.o
LOAD _build/nrf52810_xxaa/nrf_log_backend_rtt.c.o
LOAD _build/nrf52810_xxaa/nrf_log_backend_serial.c.o
LOAD _build/nrf52810_xxaa/nrf_log_backend_uart.c.o
LOAD _build/nrf52810_xxaa/nrf_log_default_backends.c.o
LOAD _build/nrf52810_xxaa/nrf_log_frontend.c.o
LOAD _build/nrf52810_xxaa/nrf_log_str_formatter.c.o
LOAD _build/nrf52810_xxaa/app_button.c.o
LOAD _build/nrf52810_xxaa/app_error.c.o
LOAD _build/nrf52810_xxaa/app_error_handler_gcc.c.o
LOAD _build/nrf52810_xxaa/app_error_weak.c.o
LOAD _build/nrf52810_xxaa/app_scheduler.c.o
LOAD _build/nrf52810_xxaa/app_timer2.c.o
LOAD _build/nrf52810_xxaa/app_util_platform.c.o
LOAD _build/nrf52810_xxaa/drv_rtc.c.o
LOAD _build/nrf52810_xxaa/hardfault_implementation.c.o
LOAD _build/nrf52810_xxaa/nrf_assert.c.o
LOAD _build/nrf52810_xxaa/nrf_atfifo.c.o
LOAD _build/nrf52810_xxaa/nrf_atomic.c.o
LOAD _build/nrf52810_xxaa/nrf_balloc.c.o
LOAD _build/nrf52810_xxaa/nrf_fprintf.c.o
LOAD _build/nrf52810_xxaa/nrf_fprintf_format.c.o
LOAD _build/nrf52810_xxaa/nrf_memobj.c.o
LOAD _build/nrf52810_xxaa/nrf_pwr_mgmt.c.o
LOAD _build/nrf52810_xxaa/nrf_ringbuf.c.o
LOAD _build/nrf52810_xxaa/nrf_section_iter.c.o
LOAD _build/nrf52810_xxaa/nrf_sortlist.c.o
LOAD _build/nrf52810_xxaa/nrf_strerror.c.o
LOAD _build/nrf52810_xxaa/system_nrf52810.c.o
LOAD _build/nrf52810_xxaa/boards.c.o
LOAD _build/nrf52810_xxaa/nrf_drv_clock.c.o
LOAD _build/nrf52810_xxaa/nrf_drv_uart.c.o
LOAD _build/nrf52810_xxaa/nrfx_atomic.c.o
LOAD _build/nrf52810_xxaa/nrfx_clock.c.o
LOAD _build/nrf52810_xxaa/nrfx_gpiote.c.o
LOAD _build/nrf52810_xxaa/nrfx_prs.c.o
LOAD _build/nrf52810_xxaa/nrfx_uart.c.o
LOAD _build/nrf52810_xxaa/nrfx_uarte.c.o
LOAD _build/nrf52810_xxaa/bsp.c.o
LOAD _build/nrf52810_xxaa/main.c.o
LOAD _build/nrf52810_xxaa/SEGGER_RTT.c.o
LOAD _build/nrf52810_xxaa/SEGGER_RTT_Syscalls_GCC.c.o
LOAD _build/nrf52810_xxaa/SEGGER_RTT_printf.c.o
LOAD _build/nrf52810_xxaa/ble_advdata.c.o
LOAD _build/nrf52810_xxaa/ble_srv_common.c.o
LOAD _build/nrf52810_xxaa/utf.c.o
LOAD _build/nrf52810_xxaa/nrf_sdh.c.o
LOAD _build/nrf52810_xxaa/nrf_sdh_ble.c.o
LOAD _build/nrf52810_xxaa/nrf_sdh_soc.c.o
LOAD c:/users/lucan/documents/projects/nrf5_sdk_17.0.2_d674dde/gcc/gcc-arm-none-eabi-10-2020-q4-major/bin/../lib/gcc/arm-none-eabi/10.2.1/../../../../arm-none-eabi/lib/thumb/v7e-m/nofp\libc_nano.a
LOAD c:/users/lucan/documents/projects/nrf5_sdk_17.0.2_d674dde/gcc/gcc-arm-none-eabi-10-2020-q4-major/bin/../lib/gcc/arm-none-eabi/10.2.1/../../../../arm-none-eabi/lib/thumb/v7e-m/nofp\libnosys.a
LOAD c:/users/lucan/documents/projects/nrf5_sdk_17.0.2_d674dde/gcc/gcc-arm-none-eabi-10-2020-q4-major/bin/../lib/gcc/arm-none-eabi/10.2.1/../../../../arm-none-eabi/lib/thumb/v7e-m/nofp\libm.a
START GROUP
LOAD c:/users/lucan/documents/projects/nrf5_sdk_17.0.2_d674dde/gcc/gcc-arm-none-eabi-10-2020-q4-major/bin/../lib/gcc/arm-none-eabi/10.2.1/thumb/v7e-m/nofp\libgcc.a
LOAD c:/users/lucan/documents/projects/nrf5_sdk_17.0.2_d674dde/gcc/gcc-arm-none-eabi-10-2020-q4-major/bin/../lib/gcc/arm-none-eabi/10.2.1/../../../../arm-none-eabi/lib/thumb/v7e-m/nofp\libg_nano.a
LOAD c:/users/lucan/documents/projects/nrf5_sdk_17.0.2_d674dde/gcc/gcc-arm-none-eabi-10-2020-q4-major/bin/../lib/gcc/arm-none-eabi/10.2.1/../../../../arm-none-eabi/lib/thumb/v7e-m/nofp\libc_nano.a
END GROUP
START GROUP
LOAD c:/users/lucan/documents/projects/nrf5_sdk_17.0.2_d674dde/gcc/gcc-arm-none-eabi-10-2020-q4-major/bin/../lib/gcc/arm-none-eabi/10.2.1/thumb/v7e-m/nofp\libgcc.a
LOAD c:/users/lucan/documents/projects/nrf5_sdk_17.0.2_d674dde/gcc/gcc-arm-none-eabi-10-2020-q4-major/bin/../lib/gcc/arm-none-eabi/10.2.1/../../../../arm-none-eabi/lib/thumb/v7e-m/nofp\libc_nano.a
END GROUP
LOAD c:/users/lucan/documents/projects/nrf5_sdk_17.0.2_d674dde/gcc/gcc-arm-none-eabi-10-2020-q4-major/bin/../lib/gcc/arm-none-eabi/10.2.1/thumb/v7e-m/nofp/crtend.o
LOAD c:/users/lucan/documents/projects/nrf5_sdk_17.0.2_d674dde/gcc/gcc-arm-none-eabi-10-2020-q4-major/bin/../lib/gcc/arm-none-eabi/10.2.1/thumb/v7e-m/nofp/crtn.o
START GROUP
LOAD c:/users/lucan/documents/projects/nrf5_sdk_17.0.2_d674dde/gcc/gcc-arm-none-eabi-10-2020-q4-major/bin/../lib/gcc/arm-none-eabi/10.2.1/thumb/v7e-m/nofp\libgcc.a
LOAD c:/users/lucan/documents/projects/nrf5_sdk_17.0.2_d674dde/gcc/gcc-arm-none-eabi-10-2020-q4-major/bin/../lib/gcc/arm-none-eabi/10.2.1/../../../../arm-none-eabi/lib/thumb/v7e-m/nofp\libc.a
LOAD c:/users/lucan/documents/projects/nrf5_sdk_17.0.2_d674dde/gcc/gcc-arm-none-eabi-10-2020-q4-major/bin/../lib/gcc/arm-none-eabi/10.2.1/../../../../arm-none-eabi/lib/thumb/v7e-m/nofp\libnosys.a
END GROUP

.igot.plt       0x200011d0        0x0 load address 0x0001e120
 .igot.plt      0x200011d0        0x0 c:/users/lucan/documents/projects/nrf5_sdk_17.0.2_d674dde/gcc/gcc-arm-none-eabi-10-2020-q4-major/bin/../lib/gcc/arm-none-eabi/10.2.1/thumb/v7e-m/nofp/crtbegin.o
                0x200011d0                . = ALIGN (0x4)

.mem_section_dummy_ram

.cli_sorted_cmd_ptrs
                0x200011d0        0x0
                [!provide]                PROVIDE (__start_cli_sorted_cmd_ptrs = .)
 *(.cli_sorted_cmd_ptrs)
                [!provide]                PROVIDE (__stop_cli_sorted_cmd_ptrs = .)

.fs_data        0x200011d0        0x0
                [!provide]                PROVIDE (__start_fs_data = .)
 *(.fs_data)
                [!provide]                PROVIDE (__stop_fs_data = .)

.log_dynamic_data
                0x200011d0        0x0
                0x200011d0                PROVIDE (__start_log_dynamic_data = .)
 *(SORT_BY_NAME(.log_dynamic_data*))
                [!provide]                PROVIDE (__stop_log_dynamic_data = .)

.log_filter_data
                0x200011d0        0x0
                [!provide]                PROVIDE (__start_log_filter_data = .)
 *(SORT_BY_NAME(.log_filter_data*))
                [!provide]                PROVIDE (__stop_log_filter_data = .)

.bss            0x200011d0      0x87c load address 0x0001e120
                0x200011d0                . = ALIGN (0x4)
                0x200011d0                __bss_start__ = .
 *(.bss*)
 .bss           0x200011d0       0x1c c:/users/lucan/documents/projects/nrf5_sdk_17.0.2_d674dde/gcc/gcc-arm-none-eabi-10-2020-q4-major/bin/../lib/gcc/arm-none-eabi/10.2.1/thumb/v7e-m/nofp/crtbegin.o
 .bss.m_async_mode
                0x200011ec        0x1 _build/nrf52810_xxaa/nrf_log_backend_uart.c.o
 .bss.m_string_buff
                0x200011ed       0x40 _build/nrf52810_xxaa/nrf_log_backend_uart.c.o
 .bss.m_xfer_done
                0x2000122d        0x1 _build/nrf52810_xxaa/nrf_log_backend_uart.c.o
 *fill*         0x2000122e        0x2 
 .bss.log_mempool_nrf_balloc_cb
                0x20001230        0x8 _build/nrf52810_xxaa/nrf_log_frontend.c.o
 .bss.log_mempool_nrf_balloc_pool_mem
                0x20001238       0xc0 _build/nrf52810_xxaa/nrf_log_frontend.c.o
 .bss.log_mempool_nrf_balloc_pool_stack
                0x200012f8        0x8 _build/nrf52810_xxaa/nrf_log_frontend.c.o
 .bss.m_log_data
                0x20001300      0x420 _build/nrf52810_xxaa/nrf_log_frontend.c.o
 .bss.m_log_push_ringbuf_buf
                0x20001720       0x80 _build/nrf52810_xxaa/nrf_log_frontend.c.o
 .bss.m_log_push_ringbuf_cb
                0x200017a0       0x18 _build/nrf52810_xxaa/nrf_log_frontend.c.o
 .bss.m_button_count
                0x200017b8        0x1 _build/nrf52810_xxaa/app_button.c.o
 *fill*         0x200017b9        0x3 
 .bss.m_detection_delay
                0x200017bc        0x4 _build/nrf52810_xxaa/app_button.c.o
 .bss.m_detection_delay_timer_id_data
                0x200017c0       0x20 _build/nrf52810_xxaa/app_button.c.o
 .bss.m_pin_active
                0x200017e0        0x8 _build/nrf52810_xxaa/app_button.c.o
 .bss.m_pin_states
                0x200017e8       0x10 _build/nrf52810_xxaa/app_button.c.o
 .bss.mp_buttons
                0x200017f8        0x4 _build/nrf52810_xxaa/app_button.c.o
 .bss.m_app_timer_sortlist_sortlist_cb
                0x200017fc        0x4 _build/nrf52810_xxaa/app_timer2.c.o
 .bss.m_base_counter
                0x20001800        0x8 _build/nrf52810_xxaa/app_timer2.c.o
 .bss.m_global_active
                0x20001808        0x1 _build/nrf52810_xxaa/app_timer2.c.o
 *fill*         0x20001809        0x3 
 .bss.m_req_fifo_data
                0x2000180c       0x58 _build/nrf52810_xxaa/app_timer2.c.o
 .bss.m_req_fifo_inst
                0x20001864       0x10 _build/nrf52810_xxaa/app_timer2.c.o
 *fill*         0x20001874        0x4 
 .bss.m_stamp64
                0x20001878        0x8 _build/nrf52810_xxaa/app_timer2.c.o
 .bss.mp_active_timer
                0x20001880        0x4 _build/nrf52810_xxaa/app_timer2.c.o
 .bss.nrf_nvic_state
                0x20001884        0xc _build/nrf52810_xxaa/app_util_platform.c.o
                0x20001884                nrf_nvic_state
 .bss.m_cb      0x20001890        0x8 _build/nrf52810_xxaa/drv_rtc.c.o
 .bss.m_handlers
                0x20001898        0x4 _build/nrf52810_xxaa/drv_rtc.c.o
 .bss.m_handlers_iter
                0x2000189c        0x8 _build/nrf52810_xxaa/nrf_pwr_mgmt.c.o
 .bss.m_shutdown_started
                0x200018a4        0x1 _build/nrf52810_xxaa/nrf_pwr_mgmt.c.o
 *fill*         0x200018a5        0x3 
 .bss.m_sysoff_mtx
                0x200018a8        0x4 _build/nrf52810_xxaa/nrf_pwr_mgmt.c.o
 .bss.m_clock_cb
                0x200018ac       0x14 _build/nrf52810_xxaa/nrf_drv_clock.c.o
 .bss.m_contexts
                0x200018c0        0x4 _build/nrf52810_xxaa/nrf_drv_uart.c.o
 .bss.m_handlers
                0x200018c4        0x4 _build/nrf52810_xxaa/nrf_drv_uart.c.o
 .bss.nrf_drv_uart_use_easy_dma
                0x200018c8        0x1 _build/nrf52810_xxaa/nrf_drv_uart.c.o
                0x200018c8                nrf_drv_uart_use_easy_dma
 *fill*         0x200018c9        0x3 
 .bss.m_clock_cb
                0x200018cc        0x8 _build/nrf52810_xxaa/nrfx_clock.c.o
 .bss.m_cb      0x200018d4       0x5c _build/nrf52810_xxaa/nrfx_gpiote.c.o
 .bss.m_prs_box_2
                0x20001930        0x8 _build/nrf52810_xxaa/nrfx_prs.c.o
 .bss.m_cb      0x20001938       0x2c _build/nrf52810_xxaa/nrfx_uart.c.o
 .bss.m_cb      0x20001964       0x24 _build/nrf52810_xxaa/nrfx_uarte.c.o
 .bss.current_long_push_pin_no.1
                0x20001988        0x1 _build/nrf52810_xxaa/bsp.c.o
 .bss.m_alert_on
                0x20001989        0x1 _build/nrf52810_xxaa/bsp.c.o
 *fill*         0x2000198a        0x6 
 .bss.m_bsp_alert_tmr_data
                0x20001990       0x20 _build/nrf52810_xxaa/bsp.c.o
 .bss.m_bsp_button_tmr_data
                0x200019b0       0x20 _build/nrf52810_xxaa/bsp.c.o
 .bss.m_bsp_leds_tmr_data
                0x200019d0       0x20 _build/nrf52810_xxaa/bsp.c.o
 .bss.m_events_list
                0x200019f0        0xc _build/nrf52810_xxaa/bsp.c.o
 .bss.m_indication_type
                0x200019fc        0x4 _build/nrf52810_xxaa/bsp.c.o
 .bss.m_leds_clear
                0x20001a00        0x1 _build/nrf52810_xxaa/bsp.c.o
 *fill*         0x20001a01        0x3 
 .bss.m_registered_callback
                0x20001a04        0x4 _build/nrf52810_xxaa/bsp.c.o
 .bss.m_stable_state
                0x20001a08        0x1 _build/nrf52810_xxaa/bsp.c.o
 .bss.release_event_at_push.0
                0x20001a09        0x4 _build/nrf52810_xxaa/bsp.c.o
 *fill*         0x20001a0d        0x3 
 .bss.m_adv_params
                0x20001a10       0x18 _build/nrf52810_xxaa/main.c.o
 .bss.m_enc_advdata
                0x20001a28       0x1f _build/nrf52810_xxaa/main.c.o
 .bss.m_nrf_sdh_continue
                0x20001a47        0x1 _build/nrf52810_xxaa/nrf_sdh.c.o
 .bss.m_nrf_sdh_enabled
                0x20001a48        0x1 _build/nrf52810_xxaa/nrf_sdh.c.o
 .bss.m_nrf_sdh_suspended
                0x20001a49        0x1 _build/nrf52810_xxaa/nrf_sdh.c.o
 .bss.m_stack_is_enabled
                0x20001a4a        0x1 _build/nrf52810_xxaa/nrf_sdh_ble.c.o
 *(COMMON)
                0x20001a4c                . = ALIGN (0x4)
 *fill*         0x20001a4b        0x1 
                0x20001a4c                __bss_end__ = .

.heap           0x20001a50      0x800
                0x20001a50                __HeapBase = .
                0x20001a50                __end__ = .
                [!provide]                PROVIDE (end = .)
 *(.heap*)
 .heap          0x20001a50      0x800 _build/nrf52810_xxaa/gcc_startup_nrf52810.S.o
                0x20002250                __HeapLimit = .

.stack_dummy    0x20001a50      0x800
 *(.stack*)
 .stack         0x20001a50      0x800 _build/nrf52810_xxaa/gcc_startup_nrf52810.S.o
                0x20006000                __StackTop = (ORIGIN (RAM) + LENGTH (RAM))
                0x20005800                __StackLimit = (__StackTop - SIZEOF (.stack_dummy))
                0x20006000                PROVIDE (__stack = __StackTop)
                0x00000001                ASSERT ((__StackLimit >= __HeapLimit), region RAM overflowed with stack)
                0x000000b8                DataInitFlashUsed = (__bss_start__ - __data_start__)
                0x00005068                CodeFlashUsed = (__etext - ORIGIN (FLASH))
                0x00005120                TotalFlashUsed = (CodeFlashUsed + DataInitFlashUsed)
                0x00000001                ASSERT ((TotalFlashUsed <= LENGTH (FLASH)), region FLASH overflowed with .data and user data)
OUTPUT(_build/nrf52810_xxaa.out elf32-littlearm)
LOAD linker stubs

.ARM.attributes
                0x00000000       0x2a
 .ARM.attributes
                0x00000000       0x1e c:/users/lucan/documents/projects/nrf5_sdk_17.0.2_d674dde/gcc/gcc-arm-none-eabi-10-2020-q4-major/bin/../lib/gcc/arm-none-eabi/10.2.1/thumb/v7e-m/nofp/crti.o
 .ARM.attributes
                0x0000001e       0x2e c:/users/lucan/documents/projects/nrf5_sdk_17.0.2_d674dde/gcc/gcc-arm-none-eabi-10-2020-q4-major/bin/../lib/gcc/arm-none-eabi/10.2.1/thumb/v7e-m/nofp/crtbegin.o
 .ARM.attributes
                0x0000004c       0x1c c:/users/lucan/documents/projects/nrf5_sdk_17.0.2_d674dde/gcc/gcc-arm-none-eabi-10-2020-q4-major/bin/../lib/gcc/arm-none-eabi/10.2.1/../../../../arm-none-eabi/lib/thumb/v7e-m/nofp/crt0.o
 .ARM.attributes
                0x00000068       0x1c _build/nrf52810_xxaa/gcc_startup_nrf52810.S.o
 .ARM.attributes
                0x00000084       0x2e _build/nrf52810_xxaa/nrf_log_backend_serial.c.o
 .ARM.attributes
                0x000000b2       0x2e _build/nrf52810_xxaa/nrf_log_backend_uart.c.o
 .ARM.attributes
                0x000000e0       0x2e _build/nrf52810_xxaa/nrf_log_default_backends.c.o
 .ARM.attributes
                0x0000010e       0x2e _build/nrf52810_xxaa/nrf_log_frontend.c.o
 .ARM.attributes
                0x0000013c       0x2e _build/nrf52810_xxaa/nrf_log_str_formatter.c.o
 .ARM.attributes
                0x0000016a       0x2e _build/nrf52810_xxaa/app_button.c.o
 .ARM.attributes
                0x00000198       0x2e _build/nrf52810_xxaa/app_error.c.o
 .ARM.attributes
                0x000001c6       0x2e _build/nrf52810_xxaa/app_error_weak.c.o
 .ARM.attributes
                0x000001f4       0x2e _build/nrf52810_xxaa/app_timer2.c.o
 .ARM.attributes
                0x00000222       0x2e _build/nrf52810_xxaa/app_util_platform.c.o
 .ARM.attributes
                0x00000250       0x2e _build/nrf52810_xxaa/drv_rtc.c.o
 .ARM.attributes
                0x0000027e       0x2e _build/nrf52810_xxaa/nrf_atfifo.c.o
 .ARM.attributes
                0x000002ac       0x2e _build/nrf52810_xxaa/nrf_atomic.c.o
 .ARM.attributes
                0x000002da       0x2e _build/nrf52810_xxaa/nrf_balloc.c.o
 .ARM.attributes
                0x00000308       0x2e _build/nrf52810_xxaa/nrf_fprintf.c.o
 .ARM.attributes
                0x00000336       0x2e _build/nrf52810_xxaa/nrf_fprintf_format.c.o
 .ARM.attributes
                0x00000364       0x2e _build/nrf52810_xxaa/nrf_memobj.c.o
 .ARM.attributes
                0x00000392       0x2e _build/nrf52810_xxaa/nrf_pwr_mgmt.c.o
 .ARM.attributes
                0x000003c0       0x2e _build/nrf52810_xxaa/nrf_ringbuf.c.o
 .ARM.attributes
                0x000003ee       0x2e _build/nrf52810_xxaa/nrf_section_iter.c.o
 .ARM.attributes
                0x0000041c       0x2e _build/nrf52810_xxaa/nrf_sortlist.c.o
 .ARM.attributes
                0x0000044a       0x2e _build/nrf52810_xxaa/nrf_strerror.c.o
 .ARM.attributes
                0x00000478       0x2e _build/nrf52810_xxaa/system_nrf52810.c.o
 .ARM.attributes
                0x000004a6       0x2e _build/nrf52810_xxaa/boards.c.o
 .ARM.attributes
                0x000004d4       0x2e _build/nrf52810_xxaa/nrf_drv_clock.c.o
 .ARM.attributes
                0x00000502       0x2e _build/nrf52810_xxaa/nrf_drv_uart.c.o
 .ARM.attributes
                0x00000530       0x2e _build/nrf52810_xxaa/nrfx_clock.c.o
 .ARM.attributes
                0x0000055e       0x2e _build/nrf52810_xxaa/nrfx_gpiote.c.o
 .ARM.attributes
                0x0000058c       0x2e _build/nrf52810_xxaa/nrfx_prs.c.o
 .ARM.attributes
                0x000005ba       0x2e _build/nrf52810_xxaa/nrfx_uart.c.o
 .ARM.attributes
                0x000005e8       0x2e _build/nrf52810_xxaa/nrfx_uarte.c.o
 .ARM.attributes
                0x00000616       0x2e _build/nrf52810_xxaa/bsp.c.o
 .ARM.attributes
                0x00000644       0x2e _build/nrf52810_xxaa/main.c.o
 .ARM.attributes
                0x00000672       0x2e _build/nrf52810_xxaa/ble_advdata.c.o
 .ARM.attributes
                0x000006a0       0x2e _build/nrf52810_xxaa/nrf_sdh.c.o
 .ARM.attributes
                0x000006ce       0x2e _build/nrf52810_xxaa/nrf_sdh_ble.c.o
 .ARM.attributes
                0x000006fc       0x2e _build/nrf52810_xxaa/nrf_sdh_soc.c.o
 .ARM.attributes
                0x0000072a       0x2e c:/users/lucan/documents/projects/nrf5_sdk_17.0.2_d674dde/gcc/gcc-arm-none-eabi-10-2020-q4-major/bin/../lib/gcc/arm-none-eabi/10.2.1/../../../../arm-none-eabi/lib/thumb/v7e-m/nofp\libc_nano.a(lib_a-ctype_.o)
 .ARM.attributes
                0x00000758       0x2e c:/users/lucan/documents/projects/nrf5_sdk_17.0.2_d674dde/gcc/gcc-arm-none-eabi-10-2020-q4-major/bin/../lib/gcc/arm-none-eabi/10.2.1/../../../../arm-none-eabi/lib/thumb/v7e-m/nofp\libc_nano.a(lib_a-exit.o)
 .ARM.attributes
                0x00000786       0x2e c:/users/lucan/documents/projects/nrf5_sdk_17.0.2_d674dde/gcc/gcc-arm-none-eabi-10-2020-q4-major/bin/../lib/gcc/arm-none-eabi/10.2.1/../../../../arm-none-eabi/lib/thumb/v7e-m/nofp\libc_nano.a(lib_a-impure.o)
 .ARM.attributes
                0x000007b4       0x2e c:/users/lucan/documents/projects/nrf5_sdk_17.0.2_d674dde/gcc/gcc-arm-none-eabi-10-2020-q4-major/bin/../lib/gcc/arm-none-eabi/10.2.1/../../../../arm-none-eabi/lib/thumb/v7e-m/nofp\libc_nano.a(lib_a-init.o)
 .ARM.attributes
                0x000007e2       0x2e c:/users/lucan/documents/projects/nrf5_sdk_17.0.2_d674dde/gcc/gcc-arm-none-eabi-10-2020-q4-major/bin/../lib/gcc/arm-none-eabi/10.2.1/../../../../arm-none-eabi/lib/thumb/v7e-m/nofp\libc_nano.a(lib_a-memcpy-stub.o)
 .ARM.attributes
                0x00000810       0x2e c:/users/lucan/documents/projects/nrf5_sdk_17.0.2_d674dde/gcc/gcc-arm-none-eabi-10-2020-q4-major/bin/../lib/gcc/arm-none-eabi/10.2.1/../../../../arm-none-eabi/lib/thumb/v7e-m/nofp\libc_nano.a(lib_a-memset.o)
 .ARM.attributes
                0x0000083e       0x17 c:/users/lucan/documents/projects/nrf5_sdk_17.0.2_d674dde/gcc/gcc-arm-none-eabi-10-2020-q4-major/bin/../lib/gcc/arm-none-eabi/10.2.1/../../../../arm-none-eabi/lib/thumb/v7e-m/nofp\libc_nano.a(lib_a-strlen.o)
 .ARM.attributes
                0x00000855       0x2e c:/users/lucan/documents/projects/nrf5_sdk_17.0.2_d674dde/gcc/gcc-arm-none-eabi-10-2020-q4-major/bin/../lib/gcc/arm-none-eabi/10.2.1/../../../../arm-none-eabi/lib/thumb/v7e-m/nofp\libnosys.a(_exit.o)
 .ARM.attributes
                0x00000883       0x1e c:/users/lucan/documents/projects/nrf5_sdk_17.0.2_d674dde/gcc/gcc-arm-none-eabi-10-2020-q4-major/bin/../lib/gcc/arm-none-eabi/10.2.1/thumb/v7e-m/nofp\libgcc.a(_aeabi_uldivmod.o)
 .ARM.attributes
                0x000008a1       0x2e c:/users/lucan/documents/projects/nrf5_sdk_17.0.2_d674dde/gcc/gcc-arm-none-eabi-10-2020-q4-major/bin/../lib/gcc/arm-none-eabi/10.2.1/thumb/v7e-m/nofp\libgcc.a(_udivmoddi4.o)
 .ARM.attributes
                0x000008cf       0x1e c:/users/lucan/documents/projects/nrf5_sdk_17.0.2_d674dde/gcc/gcc-arm-none-eabi-10-2020-q4-major/bin/../lib/gcc/arm-none-eabi/10.2.1/thumb/v7e-m/nofp\libgcc.a(_dvmd_tls.o)
 .ARM.attributes
                0x000008ed       0x2e c:/users/lucan/documents/projects/nrf5_sdk_17.0.2_d674dde/gcc/gcc-arm-none-eabi-10-2020-q4-major/bin/../lib/gcc/arm-none-eabi/10.2.1/thumb/v7e-m/nofp/crtend.o
 .ARM.attributes
                0x0000091b       0x1e c:/users/lucan/documents/projects/nrf5_sdk_17.0.2_d674dde/gcc/gcc-arm-none-eabi-10-2020-q4-major/bin/../lib/gcc/arm-none-eabi/10.2.1/thumb/v7e-m/nofp/crtn.o

.comment        0x00000000       0x4d
 .comment       0x00000000       0x4d _build/nrf52810_xxaa/nrf_log_backend_serial.c.o
                                 0x4e (size before relaxing)
 .comment       0x0000004d       0x4e _build/nrf52810_xxaa/nrf_log_backend_uart.c.o
 .comment       0x0000004d       0x4e _build/nrf52810_xxaa/nrf_log_default_backends.c.o
 .comment       0x0000004d       0x4e _build/nrf52810_xxaa/nrf_log_frontend.c.o
 .comment       0x0000004d       0x4e _build/nrf52810_xxaa/nrf_log_str_formatter.c.o
 .comment       0x0000004d       0x4e _build/nrf52810_xxaa/app_button.c.o
 .comment       0x0000004d       0x4e _build/nrf52810_xxaa/app_error.c.o
 .comment       0x0000004d       0x4e _build/nrf52810_xxaa/app_error_weak.c.o
 .comment       0x0000004d       0x4e _build/nrf52810_xxaa/app_timer2.c.o
 .comment       0x0000004d       0x4e _build/nrf52810_xxaa/app_util_platform.c.o
 .comment       0x0000004d       0x4e _build/nrf52810_xxaa/drv_rtc.c.o
 .comment       0x0000004d       0x4e _build/nrf52810_xxaa/nrf_atfifo.c.o
 .comment       0x0000004d       0x4e _build/nrf52810_xxaa/nrf_atomic.c.o
 .comment       0x0000004d       0x4e _build/nrf52810_xxaa/nrf_balloc.c.o
 .comment       0x0000004d       0x4e _build/nrf52810_xxaa/nrf_fprintf.c.o
 .comment       0x0000004d       0x4e _build/nrf52810_xxaa/nrf_fprintf_format.c.o
 .comment       0x0000004d       0x4e _build/nrf52810_xxaa/nrf_memobj.c.o
 .comment       0x0000004d       0x4e _build/nrf52810_xxaa/nrf_pwr_mgmt.c.o
 .comment       0x0000004d       0x4e _build/nrf52810_xxaa/nrf_ringbuf.c.o
 .comment       0x0000004d       0x4e _build/nrf52810_xxaa/nrf_section_iter.c.o
 .comment       0x0000004d       0x4e _build/nrf52810_xxaa/nrf_sortlist.c.o
 .comment       0x0000004d       0x4e _build/nrf52810_xxaa/nrf_strerror.c.o
 .comment       0x0000004d       0x4e _build/nrf52810_xxaa/system_nrf52810.c.o
 .comment       0x0000004d       0x4e _build/nrf52810_xxaa/boards.c.o
 .comment       0x0000004d       0x4e _build/nrf52810_xxaa/nrf_drv_clock.c.o
 .comment       0x0000004d       0x4e _build/nrf52810_xxaa/nrf_drv_uart.c.o
 .comment       0x0000004d       0x4e _build/nrf52810_xxaa/nrfx_clock.c.o
 .comment       0x0000004d       0x4e _build/nrf52810_xxaa/nrfx_gpiote.c.o
 .comment       0x0000004d       0x4e _build/nrf52810_xxaa/nrfx_prs.c.o
 .comment       0x0000004d       0x4e _build/nrf52810_xxaa/nrfx_uart.c.o
 .comment       0x0000004d       0x4e _build/nrf52810_xxaa/nrfx_uarte.c.o
 .comment       0x0000004d       0x4e _build/nrf52810_xxaa/bsp.c.o
 .comment       0x0000004d       0x4e _build/nrf52810_xxaa/main.c.o
 .comment       0x0000004d       0x4e _build/nrf52810_xxaa/ble_advdata.c.o
 .comment       0x0000004d       0x4e _build/nrf52810_xxaa/nrf_sdh.c.o
 .comment       0x0000004d       0x4e _build/nrf52810_xxaa/nrf_sdh_ble.c.o
 .comment       0x0000004d       0x4e _build/nrf52810_xxaa/nrf_sdh_soc.c.o

.debug_line     0x00000000    0x1ee58
 .debug_line    0x00000000       0xa0 _build/nrf52810_xxaa/gcc_startup_nrf52810.S.o
 .debug_line    0x000000a0      0x9d9 _build/nrf52810_xxaa/nrf_log_backend_serial.c.o
 .debug_line    0x00000a79      0xcc5 _build/nrf52810_xxaa/nrf_log_backend_uart.c.o
 .debug_line    0x0000173e      0x8d1 _build/nrf52810_xxaa/nrf_log_default_backends.c.o
 .debug_line    0x0000200f     0x1579 _build/nrf52810_xxaa/nrf_log_frontend.c.o
 .debug_line    0x00003588      0xaf9 _build/nrf52810_xxaa/nrf_log_str_formatter.c.o
 .debug_line    0x00004081     0x1059 _build/nrf52810_xxaa/app_button.c.o
 .debug_line    0x000050da      0x66d _build/nrf52810_xxaa/app_error.c.o
 .debug_line    0x00005747      0x9de _build/nrf52810_xxaa/app_error_weak.c.o
 .debug_line    0x00006125     0x1091 _build/nrf52810_xxaa/app_timer2.c.o
 .debug_line    0x000071b6      0x8b9 _build/nrf52810_xxaa/app_util_platform.c.o
 .debug_line    0x00007a6f     0x1475 _build/nrf52810_xxaa/drv_rtc.c.o
 .debug_line    0x00008ee4      0xa3b _build/nrf52810_xxaa/nrf_atfifo.c.o
 .debug_line    0x0000991f      0x966 _build/nrf52810_xxaa/nrf_atomic.c.o
 .debug_line    0x0000a285      0x9ed _build/nrf52810_xxaa/nrf_balloc.c.o
 .debug_line    0x0000ac72      0x6a4 _build/nrf52810_xxaa/nrf_fprintf.c.o
 .debug_line    0x0000b316      0xaf7 _build/nrf52810_xxaa/nrf_fprintf_format.c.o
 .debug_line    0x0000be0d      0xb39 _build/nrf52810_xxaa/nrf_memobj.c.o
 .debug_line    0x0000c946      0xebd _build/nrf52810_xxaa/nrf_pwr_mgmt.c.o
 .debug_line    0x0000d803      0xacf _build/nrf52810_xxaa/nrf_ringbuf.c.o
 .debug_line    0x0000e2d2      0x6be _build/nrf52810_xxaa/nrf_section_iter.c.o
 .debug_line    0x0000e990      0x8a1 _build/nrf52810_xxaa/nrf_sortlist.c.o
 .debug_line    0x0000f231      0x698 _build/nrf52810_xxaa/nrf_strerror.c.o
 .debug_line    0x0000f8c9      0x9ba _build/nrf52810_xxaa/system_nrf52810.c.o
 .debug_line    0x00010283      0xe12 _build/nrf52810_xxaa/boards.c.o
 .debug_line    0x00011095     0x1114 _build/nrf52810_xxaa/nrf_drv_clock.c.o
 .debug_line    0x000121a9      0x98b _build/nrf52810_xxaa/nrf_drv_uart.c.o
 .debug_line    0x00012b34      0xf51 _build/nrf52810_xxaa/nrfx_clock.c.o
 .debug_line    0x00013a85     0x1f2a _build/nrf52810_xxaa/nrfx_gpiote.c.o
 .debug_line    0x000159af      0xa80 _build/nrf52810_xxaa/nrfx_prs.c.o
 .debug_line    0x0001642f     0x1af4 _build/nrf52810_xxaa/nrfx_uart.c.o
 .debug_line    0x00017f23     0x1a66 _build/nrf52810_xxaa/nrfx_uarte.c.o
 .debug_line    0x00019989     0x10e4 _build/nrf52810_xxaa/bsp.c.o
 .debug_line    0x0001aa6d      0xf4f _build/nrf52810_xxaa/main.c.o
 .debug_line    0x0001b9bc     0x11df _build/nrf52810_xxaa/ble_advdata.c.o
 .debug_line    0x0001cb9b      0xdb8 _build/nrf52810_xxaa/nrf_sdh.c.o
 .debug_line    0x0001d953      0xc25 _build/nrf52810_xxaa/nrf_sdh_ble.c.o
 .debug_line    0x0001e578      0x8e0 _build/nrf52810_xxaa/nrf_sdh_soc.c.o

.debug_info     0x00000000    0x2557e
 .debug_info    0x00000000       0x26 _build/nrf52810_xxaa/gcc_startup_nrf52810.S.o
 .debug_info    0x00000026      0x79f _build/nrf52810_xxaa/nrf_log_backend_serial.c.o
 .debug_info    0x000007c5     0x1173 _build/nrf52810_xxaa/nrf_log_backend_uart.c.o
 .debug_info    0x00001938      0x303 _build/nrf52810_xxaa/nrf_log_default_backends.c.o
 .debug_info    0x00001c3b     0x23d4 _build/nrf52810_xxaa/nrf_log_frontend.c.o
 .debug_info    0x0000400f      0x7c4 _build/nrf52810_xxaa/nrf_log_str_formatter.c.o
 .debug_info    0x000047d3      0xc3b _build/nrf52810_xxaa/app_button.c.o
 .debug_info    0x0000540e      0x2c3 _build/nrf52810_xxaa/app_error.c.o
 .debug_info    0x000056d1      0x4b9 _build/nrf52810_xxaa/app_error_weak.c.o
 .debug_info    0x00005b8a     0x14e7 _build/nrf52810_xxaa/app_timer2.c.o
 .debug_info    0x00007071      0xa08 _build/nrf52810_xxaa/app_util_platform.c.o
 .debug_info    0x00007a79     0x1ff1 _build/nrf52810_xxaa/drv_rtc.c.o
 .debug_info    0x00009a6a      0x8c9 _build/nrf52810_xxaa/nrf_atfifo.c.o
 .debug_info    0x0000a333      0x93f _build/nrf52810_xxaa/nrf_atomic.c.o
 .debug_info    0x0000ac72      0x3ec _build/nrf52810_xxaa/nrf_balloc.c.o
 .debug_info    0x0000b05e      0x24b _build/nrf52810_xxaa/nrf_fprintf.c.o
 .debug_info    0x0000b2a9      0x75c _build/nrf52810_xxaa/nrf_fprintf_format.c.o
 .debug_info    0x0000ba05      0x8e0 _build/nrf52810_xxaa/nrf_memobj.c.o
 .debug_info    0x0000c2e5      0xe1b _build/nrf52810_xxaa/nrf_pwr_mgmt.c.o
 .debug_info    0x0000d100      0x64f _build/nrf52810_xxaa/nrf_ringbuf.c.o
 .debug_info    0x0000d74f      0x1aa _build/nrf52810_xxaa/nrf_section_iter.c.o
 .debug_info    0x0000d8f9      0x3c3 _build/nrf52810_xxaa/nrf_sortlist.c.o
 .debug_info    0x0000dcbc      0x204 _build/nrf52810_xxaa/nrf_strerror.c.o
 .debug_info    0x0000dec0     0x13d9 _build/nrf52810_xxaa/system_nrf52810.c.o
 .debug_info    0x0000f299      0xc32 _build/nrf52810_xxaa/boards.c.o
 .debug_info    0x0000fecb     0x15f2 _build/nrf52810_xxaa/nrf_drv_clock.c.o
 .debug_info    0x000114bd     0x11cd _build/nrf52810_xxaa/nrf_drv_uart.c.o
 .debug_info    0x0001268a     0x118a _build/nrf52810_xxaa/nrfx_clock.c.o
 .debug_info    0x00013814     0x34f4 _build/nrf52810_xxaa/nrfx_gpiote.c.o
 .debug_info    0x00016d08      0x801 _build/nrf52810_xxaa/nrfx_prs.c.o
 .debug_info    0x00017509     0x31b3 _build/nrf52810_xxaa/nrfx_uart.c.o
 .debug_info    0x0001a6bc     0x3370 _build/nrf52810_xxaa/nrfx_uarte.c.o
 .debug_info    0x0001da2c     0x11d1 _build/nrf52810_xxaa/bsp.c.o
 .debug_info    0x0001ebfd     0x10dd _build/nrf52810_xxaa/main.c.o
 .debug_info    0x0001fcda     0x1b15 _build/nrf52810_xxaa/ble_advdata.c.o
 .debug_info    0x000217ef     0x1243 _build/nrf52810_xxaa/nrf_sdh.c.o
 .debug_info    0x00022a32     0x2567 _build/nrf52810_xxaa/nrf_sdh_ble.c.o
 .debug_info    0x00024f99      0x5e5 _build/nrf52810_xxaa/nrf_sdh_soc.c.o

.debug_abbrev   0x00000000     0x711d
 .debug_abbrev  0x00000000       0x14 _build/nrf52810_xxaa/gcc_startup_nrf52810.S.o
 .debug_abbrev  0x00000014      0x211 _build/nrf52810_xxaa/nrf_log_backend_serial.c.o
 .debug_abbrev  0x00000225      0x353 _build/nrf52810_xxaa/nrf_log_backend_uart.c.o
 .debug_abbrev  0x00000578      0x190 _build/nrf52810_xxaa/nrf_log_default_backends.c.o
 .debug_abbrev  0x00000708      0x5ed _build/nrf52810_xxaa/nrf_log_frontend.c.o
 .debug_abbrev  0x00000cf5      0x1f9 _build/nrf52810_xxaa/nrf_log_str_formatter.c.o
 .debug_abbrev  0x00000eee      0x380 _build/nrf52810_xxaa/app_button.c.o
 .debug_abbrev  0x0000126e      0x13b _build/nrf52810_xxaa/app_error.c.o
 .debug_abbrev  0x000013a9      0x218 _build/nrf52810_xxaa/app_error_weak.c.o
 .debug_abbrev  0x000015c1      0x4a9 _build/nrf52810_xxaa/app_timer2.c.o
 .debug_abbrev  0x00001a6a      0x312 _build/nrf52810_xxaa/app_util_platform.c.o
 .debug_abbrev  0x00001d7c      0x512 _build/nrf52810_xxaa/drv_rtc.c.o
 .debug_abbrev  0x0000228e      0x218 _build/nrf52810_xxaa/nrf_atfifo.c.o
 .debug_abbrev  0x000024a6      0x196 _build/nrf52810_xxaa/nrf_atomic.c.o
 .debug_abbrev  0x0000263c      0x203 _build/nrf52810_xxaa/nrf_balloc.c.o
 .debug_abbrev  0x0000283f      0x143 _build/nrf52810_xxaa/nrf_fprintf.c.o
 .debug_abbrev  0x00002982      0x2cc _build/nrf52810_xxaa/nrf_fprintf_format.c.o
 .debug_abbrev  0x00002c4e      0x1eb _build/nrf52810_xxaa/nrf_memobj.c.o
 .debug_abbrev  0x00002e39      0x3fb _build/nrf52810_xxaa/nrf_pwr_mgmt.c.o
 .debug_abbrev  0x00003234      0x14a _build/nrf52810_xxaa/nrf_ringbuf.c.o
 .debug_abbrev  0x0000337e       0xba _build/nrf52810_xxaa/nrf_section_iter.c.o
 .debug_abbrev  0x00003438      0x167 _build/nrf52810_xxaa/nrf_sortlist.c.o
 .debug_abbrev  0x0000359f      0x10f _build/nrf52810_xxaa/nrf_strerror.c.o
 .debug_abbrev  0x000036ae      0x2a6 _build/nrf52810_xxaa/system_nrf52810.c.o
 .debug_abbrev  0x00003954      0x2e6 _build/nrf52810_xxaa/boards.c.o
 .debug_abbrev  0x00003c3a      0x544 _build/nrf52810_xxaa/nrf_drv_clock.c.o
 .debug_abbrev  0x0000417e      0x23b _build/nrf52810_xxaa/nrf_drv_uart.c.o
 .debug_abbrev  0x000043b9      0x480 _build/nrf52810_xxaa/nrfx_clock.c.o
 .debug_abbrev  0x00004839      0x5b8 _build/nrf52810_xxaa/nrfx_gpiote.c.o
 .debug_abbrev  0x00004df1      0x29a _build/nrf52810_xxaa/nrfx_prs.c.o
 .debug_abbrev  0x0000508b      0x591 _build/nrf52810_xxaa/nrfx_uart.c.o
 .debug_abbrev  0x0000561c      0x4ed _build/nrf52810_xxaa/nrfx_uarte.c.o
 .debug_abbrev  0x00005b09      0x40e _build/nrf52810_xxaa/bsp.c.o
 .debug_abbrev  0x00005f17      0x30a _build/nrf52810_xxaa/main.c.o
 .debug_abbrev  0x00006221      0x3b6 _build/nrf52810_xxaa/ble_advdata.c.o
 .debug_abbrev  0x000065d7      0x4f7 _build/nrf52810_xxaa/nrf_sdh.c.o
 .debug_abbrev  0x00006ace      0x44d _build/nrf52810_xxaa/nrf_sdh_ble.c.o
 .debug_abbrev  0x00006f1b      0x202 _build/nrf52810_xxaa/nrf_sdh_soc.c.o

.debug_aranges  0x00000000      0xde0
 .debug_aranges
                0x00000000       0x20 _build/nrf52810_xxaa/gcc_startup_nrf52810.S.o
 .debug_aranges
                0x00000020       0x20 _build/nrf52810_xxaa/nrf_log_backend_serial.c.o
 .debug_aranges
                0x00000040       0x50 _build/nrf52810_xxaa/nrf_log_backend_uart.c.o
 .debug_aranges
                0x00000090       0x20 _build/nrf52810_xxaa/nrf_log_default_backends.c.o
 .debug_aranges
                0x000000b0       0xd0 _build/nrf52810_xxaa/nrf_log_frontend.c.o
 .debug_aranges
                0x00000180       0x40 _build/nrf52810_xxaa/nrf_log_str_formatter.c.o
 .debug_aranges
                0x000001c0       0x70 _build/nrf52810_xxaa/app_button.c.o
 .debug_aranges
                0x00000230       0x28 _build/nrf52810_xxaa/app_error.c.o
 .debug_aranges
                0x00000258       0x20 _build/nrf52810_xxaa/app_error_weak.c.o
 .debug_aranges
                0x00000278       0x88 _build/nrf52810_xxaa/app_timer2.c.o
 .debug_aranges
                0x00000300       0x48 _build/nrf52810_xxaa/app_util_platform.c.o
 .debug_aranges
                0x00000348       0xb8 _build/nrf52810_xxaa/drv_rtc.c.o
 .debug_aranges
                0x00000400       0x58 _build/nrf52810_xxaa/nrf_atfifo.c.o
 .debug_aranges
                0x00000458       0xb0 _build/nrf52810_xxaa/nrf_atomic.c.o
 .debug_aranges
                0x00000508       0x30 _build/nrf52810_xxaa/nrf_balloc.c.o
 .debug_aranges
                0x00000538       0x28 _build/nrf52810_xxaa/nrf_fprintf.c.o
 .debug_aranges
                0x00000560       0x30 _build/nrf52810_xxaa/nrf_fprintf_format.c.o
 .debug_aranges
                0x00000590       0x58 _build/nrf52810_xxaa/nrf_memobj.c.o
 .debug_aranges
                0x000005e8       0x48 _build/nrf52810_xxaa/nrf_pwr_mgmt.c.o
 .debug_aranges
                0x00000630       0x50 _build/nrf52810_xxaa/nrf_ringbuf.c.o
 .debug_aranges
                0x00000680       0x28 _build/nrf52810_xxaa/nrf_section_iter.c.o
 .debug_aranges
                0x000006a8       0x40 _build/nrf52810_xxaa/nrf_sortlist.c.o
 .debug_aranges
                0x000006e8       0x28 _build/nrf52810_xxaa/nrf_strerror.c.o
 .debug_aranges
                0x00000710       0x48 _build/nrf52810_xxaa/system_nrf52810.c.o
 .debug_aranges
                0x00000758       0x78 _build/nrf52810_xxaa/boards.c.o
 .debug_aranges
                0x000007d0       0xb0 _build/nrf52810_xxaa/nrf_drv_clock.c.o
 .debug_aranges
                0x00000880       0x30 _build/nrf52810_xxaa/nrf_drv_uart.c.o
 .debug_aranges
                0x000008b0       0x80 _build/nrf52810_xxaa/nrfx_clock.c.o
 .debug_aranges
                0x00000930      0x118 _build/nrf52810_xxaa/nrfx_gpiote.c.o
 .debug_aranges
                0x00000a48       0x30 _build/nrf52810_xxaa/nrfx_prs.c.o
 .debug_aranges
                0x00000a78       0xa0 _build/nrf52810_xxaa/nrfx_uart.c.o
 .debug_aranges
                0x00000b18       0x78 _build/nrf52810_xxaa/nrfx_uarte.c.o
 .debug_aranges
                0x00000b90       0x90 _build/nrf52810_xxaa/bsp.c.o
 .debug_aranges
                0x00000c20       0x38 _build/nrf52810_xxaa/main.c.o
 .debug_aranges
                0x00000c58       0x80 _build/nrf52810_xxaa/ble_advdata.c.o
 .debug_aranges
                0x00000cd8       0x90 _build/nrf52810_xxaa/nrf_sdh.c.o
 .debug_aranges
                0x00000d68       0x50 _build/nrf52810_xxaa/nrf_sdh_ble.c.o
 .debug_aranges
                0x00000db8       0x28 _build/nrf52810_xxaa/nrf_sdh_soc.c.o

.debug_str      0x00000000    0x84722
 .debug_str     0x00000000       0xbf _build/nrf52810_xxaa/gcc_startup_nrf52810.S.o
 .debug_str     0x000000bf    0x65658 _build/nrf52810_xxaa/nrf_log_backend_serial.c.o
                              0x66a7f (size before relaxing)
 .debug_str     0x00065717     0x7b8d _build/nrf52810_xxaa/nrf_log_backend_uart.c.o
                              0x6e019 (size before relaxing)
 .debug_str     0x0006d2a4      0x126 _build/nrf52810_xxaa/nrf_log_default_backends.c.o
                              0x66821 (size before relaxing)
 .debug_str     0x0006d3ca     0x1496 _build/nrf52810_xxaa/nrf_log_frontend.c.o
                              0x67e29 (size before relaxing)
 .debug_str     0x0006e860      0x6a6 _build/nrf52810_xxaa/nrf_log_str_formatter.c.o
                              0x66f04 (size before relaxing)
 .debug_str     0x0006ef06     0x1a4c _build/nrf52810_xxaa/app_button.c.o
                              0x6dedc (size before relaxing)
 .debug_str     0x00070952      0x121 _build/nrf52810_xxaa/app_error.c.o
                              0x52a0e (size before relaxing)
 .debug_str     0x00070a73      0xa3b _build/nrf52810_xxaa/app_error_weak.c.o
                              0x6785e (size before relaxing)
 .debug_str     0x000714ae     0x106a _build/nrf52810_xxaa/app_timer2.c.o
                              0x6daff (size before relaxing)
 .debug_str     0x00072518      0x2b4 _build/nrf52810_xxaa/app_util_platform.c.o
                              0x53d68 (size before relaxing)
 .debug_str     0x000727cc      0x78c _build/nrf52810_xxaa/drv_rtc.c.o
                              0x6d4a6 (size before relaxing)
 .debug_str     0x00072f58      0x15c _build/nrf52810_xxaa/nrf_atfifo.c.o
                              0x64817 (size before relaxing)
 .debug_str     0x000730b4      0x6b9 _build/nrf52810_xxaa/nrf_atomic.c.o
                              0x620ce (size before relaxing)
 .debug_str     0x0007376d      0x12f _build/nrf52810_xxaa/nrf_balloc.c.o
                              0x66821 (size before relaxing)
 .debug_str     0x0007389c      0x144 _build/nrf52810_xxaa/nrf_fprintf.c.o
                              0x61d13 (size before relaxing)
 .debug_str     0x000739e0      0x511 _build/nrf52810_xxaa/nrf_fprintf_format.c.o
                              0x62222 (size before relaxing)
 .debug_str     0x00073ef1      0x1a5 _build/nrf52810_xxaa/nrf_memobj.c.o
                              0x64baf (size before relaxing)
 .debug_str     0x00074096     0x169b _build/nrf52810_xxaa/nrf_pwr_mgmt.c.o
                              0x6ef13 (size before relaxing)
 .debug_str     0x00075731       0xdc _build/nrf52810_xxaa/nrf_ringbuf.c.o
                              0x63486 (size before relaxing)
 .debug_str     0x0007580d       0x54 _build/nrf52810_xxaa/nrf_section_iter.c.o
                              0x61ee2 (size before relaxing)
 .debug_str     0x00075861       0xa0 _build/nrf52810_xxaa/nrf_sortlist.c.o
                              0x644f2 (size before relaxing)
 .debug_str     0x00075901       0xed _build/nrf52810_xxaa/nrf_strerror.c.o
                              0x61a93 (size before relaxing)
 .debug_str     0x000759ee      0x467 _build/nrf52810_xxaa/system_nrf52810.c.o
                              0x4e9b1 (size before relaxing)
 .debug_str     0x00075e55     0x148e _build/nrf52810_xxaa/boards.c.o
                              0x6ab99 (size before relaxing)
 .debug_str     0x000772e3      0xf10 _build/nrf52810_xxaa/nrf_drv_clock.c.o
                              0x6e07b (size before relaxing)
 .debug_str     0x000781f3      0x45c _build/nrf52810_xxaa/nrf_drv_uart.c.o
                              0x6aa4e (size before relaxing)
 .debug_str     0x0007864f      0x70f _build/nrf52810_xxaa/nrfx_clock.c.o
                              0x6d2d7 (size before relaxing)
 .debug_str     0x00078d5e      0xda0 _build/nrf52810_xxaa/nrfx_gpiote.c.o
                              0x6e73a (size before relaxing)
 .debug_str     0x00079afe      0x2e2 _build/nrf52810_xxaa/nrfx_prs.c.o
                              0x6cb98 (size before relaxing)
 .debug_str     0x00079de0      0x686 _build/nrf52810_xxaa/nrfx_uart.c.o
                              0x6dc9a (size before relaxing)
 .debug_str     0x0007a466      0x948 _build/nrf52810_xxaa/nrfx_uarte.c.o
                              0x6e12d (size before relaxing)
 .debug_str     0x0007adae      0xff0 _build/nrf52810_xxaa/bsp.c.o
                              0x6c82e (size before relaxing)
 .debug_str     0x0007bd9e     0x58ce _build/nrf52810_xxaa/main.c.o
                              0x754d5 (size before relaxing)
 .debug_str     0x0008166c     0x1842 _build/nrf52810_xxaa/ble_advdata.c.o
                              0x683f0 (size before relaxing)
 .debug_str     0x00082eae      0x4d0 _build/nrf52810_xxaa/nrf_sdh.c.o
                              0x672ac (size before relaxing)
 .debug_str     0x0008337e     0x1248 _build/nrf52810_xxaa/nrf_sdh_ble.c.o
                              0x6b403 (size before relaxing)
 .debug_str     0x000845c6      0x15c _build/nrf52810_xxaa/nrf_sdh_soc.c.o
                              0x66358 (size before relaxing)

.debug_loc      0x00000000     0xec92
 .debug_loc     0x00000000      0x186 _build/nrf52810_xxaa/nrf_log_backend_serial.c.o
 .debug_loc     0x00000186      0x2a6 _build/nrf52810_xxaa/nrf_log_backend_uart.c.o
 .debug_loc     0x0000042c       0x31 _build/nrf52810_xxaa/nrf_log_default_backends.c.o
 .debug_loc     0x0000045d     0x180a _build/nrf52810_xxaa/nrf_log_frontend.c.o
 .debug_loc     0x00001c67      0x384 _build/nrf52810_xxaa/nrf_log_str_formatter.c.o
 .debug_loc     0x00001feb      0x710 _build/nrf52810_xxaa/app_button.c.o
 .debug_loc     0x000026fb       0xcd _build/nrf52810_xxaa/app_error.c.o
 .debug_loc     0x000027c8       0x6f _build/nrf52810_xxaa/app_error_weak.c.o
 .debug_loc     0x00002837      0x769 _build/nrf52810_xxaa/app_timer2.c.o
 .debug_loc     0x00002fa0      0x18f _build/nrf52810_xxaa/app_util_platform.c.o
 .debug_loc     0x0000312f      0xfc5 _build/nrf52810_xxaa/drv_rtc.c.o
 .debug_loc     0x000040f4      0x457 _build/nrf52810_xxaa/nrf_atfifo.c.o
 .debug_loc     0x0000454b      0x45f _build/nrf52810_xxaa/nrf_atomic.c.o
 .debug_loc     0x000049aa      0x1a6 _build/nrf52810_xxaa/nrf_balloc.c.o
 .debug_loc     0x00004b50       0x47 _build/nrf52810_xxaa/nrf_fprintf.c.o
 .debug_loc     0x00004b97      0xa4a _build/nrf52810_xxaa/nrf_fprintf_format.c.o
 .debug_loc     0x000055e1      0x8b3 _build/nrf52810_xxaa/nrf_memobj.c.o
 .debug_loc     0x00005e94       0xc8 _build/nrf52810_xxaa/nrf_pwr_mgmt.c.o
 .debug_loc     0x00005f5c      0x701 _build/nrf52810_xxaa/nrf_ringbuf.c.o
 .debug_loc     0x0000665d      0x171 _build/nrf52810_xxaa/nrf_sortlist.c.o
 .debug_loc     0x000067ce      0x11b _build/nrf52810_xxaa/nrf_strerror.c.o
 .debug_loc     0x000068e9      0x174 _build/nrf52810_xxaa/system_nrf52810.c.o
 .debug_loc     0x00006a5d      0x83d _build/nrf52810_xxaa/boards.c.o
 .debug_loc     0x0000729a      0x52a _build/nrf52810_xxaa/nrf_drv_clock.c.o